
> Wildout! Project.@0.1.0 test
> vitest run src/test/AdminDashboard.test.tsx


[1m[46m RUN [49m[22m [36mv4.0.15 [39m[90m/Users/eji/Github/wildoutprojectrevamp[39m

[90mstderr[2m | src/test/AdminDashboard.test.tsx[2m > [22m[2mAdminDashboard[2m > [22m[2mLayout Functionality[2m > [22m[2mshould render the main layout structure
[22m[39mAn empty string ("") was passed to the src attribute. This may cause the browser to download the whole page again over the network. To fix this, either do not render the element at all or pass null to src instead of an empty string.

[90mstderr[2m | src/test/AdminDashboard.test.tsx[2m > [22m[2mAdminDashboard[2m > [22m[2mLayout Functionality[2m > [22m[2mshould render admin sidebar
[22m[39mAn empty string ("") was passed to the src attribute. This may cause the browser to download the whole page again over the network. To fix this, either do not render the element at all or pass null to src instead of an empty string.

[90mstderr[2m | src/test/AdminDashboard.test.tsx[2m > [22m[2mAdminDashboard[2m > [22m[2mLayout Functionality[2m > [22m[2mshould render main content area
[22m[39mAn empty string ("") was passed to the src attribute. This may cause the browser to download the whole page again over the network. To fix this, either do not render the element at all or pass null to src instead of an empty string.

[90mstderr[2m | src/test/AdminDashboard.test.tsx[2m > [22m[2mAdminDashboard[2m > [22m[2mLayout Functionality[2m > [22m[2mshould render admin header
[22m[39mAn empty string ("") was passed to the src attribute. This may cause the browser to download the whole page again over the network. To fix this, either do not render the element at all or pass null to src instead of an empty string.

[90mstderr[2m | src/test/AdminDashboard.test.tsx[2m > [22m[2mAdminDashboard[2m > [22m[2mLayout Functionality[2m > [22m[2mshould render main content section
[22m[39mAn empty string ("") was passed to the src attribute. This may cause the browser to download the whole page again over the network. To fix this, either do not render the element at all or pass null to src instead of an empty string.

[90mstderr[2m | src/test/AdminDashboard.test.tsx[2m > [22m[2mAdminDashboard[2m > [22m[2mLayout Functionality[2m > [22m[2mshould render child content in main area
[22m[39mAn empty string ("") was passed to the src attribute. This may cause the browser to download the whole page again over the network. To fix this, either do not render the element at all or pass null to src instead of an empty string.

[90mstderr[2m | src/test/AdminDashboard.test.tsx[2m > [22m[2mAdminDashboard[2m > [22m[2mLayout Positioning[2m > [22m[2mshould have fixed sidebar placement on desktop
[22m[39mAn empty string ("") was passed to the src attribute. This may cause the browser to download the whole page again over the network. To fix this, either do not render the element at all or pass null to src instead of an empty string.

[90mstderr[2m | src/test/AdminDashboard.test.tsx[2m > [22m[2mAdminDashboard[2m > [22m[2mLayout Positioning[2m > [22m[2mshould have proper main content margin on desktop
[22m[39mAn empty string ("") was passed to the src attribute. This may cause the browser to download the whole page again over the network. To fix this, either do not render the element at all or pass null to src instead of an empty string.

[90mstderr[2m | src/test/AdminDashboard.test.tsx[2m > [22m[2mAdminDashboard[2m > [22m[2mResponsive Design - Mobile[2m > [22m[2mshould show mobile menu button
[22m[39mAn empty string ("") was passed to the src attribute. This may cause the browser to download the whole page again over the network. To fix this, either do not render the element at all or pass null to src instead of an empty string.

[90mstderr[2m | src/test/AdminDashboard.test.tsx[2m > [22m[2mAdminDashboard[2m > [22m[2mResponsive Design - Mobile[2m > [22m[2mshould have overlay hidden by default
[22m[39mAn empty string ("") was passed to the src attribute. This may cause the browser to download the whole page again over the network. To fix this, either do not render the element at all or pass null to src instead of an empty string.

[90mstderr[2m | src/test/AdminDashboard.test.tsx[2m > [22m[2mAdminDashboard[2m > [22m[2mResponsive Design - Mobile[2m > [22m[2mshould show overlay when mobile sidebar opens
[22m[39mAn empty string ("") was passed to the src attribute. This may cause the browser to download the whole page again over the network. To fix this, either do not render the element at all or pass null to src instead of an empty string.

[90mstderr[2m | src/test/AdminDashboard.test.tsx[2m > [22m[2mAdminDashboard[2m > [22m[2mResponsive Design - Mobile[2m > [22m[2mshould hide overlay when overlay is clicked
[22m[39mAn empty string ("") was passed to the src attribute. This may cause the browser to download the whole page again over the network. To fix this, either do not render the element at all or pass null to src instead of an empty string.

[90mstderr[2m | src/test/AdminDashboard.test.tsx[2m > [22m[2mAdminDashboard[2m > [22m[2mAccessibility[2m > [22m[2mshould have proper ARIA attributes for navigation
[22m[39mAn empty string ("") was passed to the src attribute. This may cause the browser to download the whole page again over the network. To fix this, either do not render the element at all or pass null to src instead of an empty string.

[90mstderr[2m | src/test/AdminDashboard.test.tsx[2m > [22m[2mAdminDashboard[2m > [22m[2mAccessibility[2m > [22m[2mshould have menu items with proper roles
[22m[39mAn empty string ("") was passed to the src attribute. This may cause the browser to download the whole page again over the network. To fix this, either do not render the element at all or pass null to src instead of an empty string.

[90mstderr[2m | src/test/AdminDashboard.test.tsx[2m > [22m[2mAdminDashboard[2m > [22m[2mAccessibility[2m > [22m[2mshould have proper ARIA labels for navigation links
[22m[39mAn empty string ("") was passed to the src attribute. This may cause the browser to download the whole page again over the network. To fix this, either do not render the element at all or pass null to src instead of an empty string.

[90mstderr[2m | src/test/AdminDashboard.test.tsx[2m > [22m[2mAdminDashboard[2m > [22m[2mAccessibility[2m > [22m[2mshould indicate current page with ARIA current
[22m[39mAn empty string ("") was passed to the src attribute. This may cause the browser to download the whole page again over the network. To fix this, either do not render the element at all or pass null to src instead of an empty string.

[90mstderr[2m | src/test/AdminDashboard.test.tsx[2m > [22m[2mAdminDashboard[2m > [22m[2mAccessibility[2m > [22m[2mshould handle keyboard navigation with Enter key
[22m[39mAn empty string ("") was passed to the src attribute. This may cause the browser to download the whole page again over the network. To fix this, either do not render the element at all or pass null to src instead of an empty string.

[90mstderr[2m | src/test/AdminDashboard.test.tsx[2m > [22m[2mAdminDashboard[2m > [22m[2mAccessibility[2m > [22m[2mshould handle keyboard navigation with Space key on mobile toggle
[22m[39mAn empty string ("") was passed to the src attribute. This may cause the browser to download the whole page again over the network. To fix this, either do not render the element at all or pass null to src instead of an empty string.

[90mstderr[2m | src/test/AdminDashboard.test.tsx[2m > [22m[2mAdminDashboard[2m > [22m[2mNavigation[2m > [22m[2mshould render all admin sections
[22m[39mAn empty string ("") was passed to the src attribute. This may cause the browser to download the whole page again over the network. To fix this, either do not render the element at all or pass null to src instead of an empty string.

[90mstderr[2m | src/test/AdminDashboard.test.tsx[2m > [22m[2mAdminDashboard[2m > [22m[2mNavigation[2m > [22m[2mshould show active state for current page
[22m[39mAn empty string ("") was passed to the src attribute. This may cause the browser to download the whole page again over the network. To fix this, either do not render the element at all or pass null to src instead of an empty string.

[90mstderr[2m | src/test/AdminDashboard.test.tsx[2m > [22m[2mAdminDashboard[2m > [22m[2mNavigation[2m > [22m[2mshould have inactive styles for non-current pages
[22m[39mAn empty string ("") was passed to the src attribute. This may cause the browser to download the whole page again over the network. To fix this, either do not render the element at all or pass null to src instead of an empty string.

[90mstderr[2m | src/test/AdminDashboard.test.tsx[2m > [22m[2mAdminDashboard[2m > [22m[2mNavigation[2m > [22m[2mshould enable mobile sidebar toggle functionality
[22m[39mAn empty string ("") was passed to the src attribute. This may cause the browser to download the whole page again over the network. To fix this, either do not render the element at all or pass null to src instead of an empty string.

[90mstderr[2m | src/test/AdminDashboard.test.tsx[2m > [22m[2mAdminDashboard[2m > [22m[2mUser Interface[2m > [22m[2mshould display header with current page title
[22m[39mAn empty string ("") was passed to the src attribute. This may cause the browser to download the whole page again over the network. To fix this, either do not render the element at all or pass null to src instead of an empty string.

[90mstderr[2m | src/test/AdminDashboard.test.tsx[2m > [22m[2mAdminDashboard[2m > [22m[2mUser Interface[2m > [22m[2mshould display user avatar with fallback
[22m[39mAn empty string ("") was passed to the src attribute. This may cause the browser to download the whole page again over the network. To fix this, either do not render the element at all or pass null to src instead of an empty string.

[90mstderr[2m | src/test/AdminDashboard.test.tsx[2m > [22m[2mAdminDashboard[2m > [22m[2mUser Interface[2m > [22m[2mshould display user name and email
[22m[39mAn empty string ("") was passed to the src attribute. This may cause the browser to download the whole page again over the network. To fix this, either do not render the element at all or pass null to src instead of an empty string.

[90mstderr[2m | src/test/AdminDashboard.test.tsx[2m > [22m[2mAdminDashboard[2m > [22m[2mUser Interface[2m > [22m[2mshould display admin logo and branding
[22m[39mAn empty string ("") was passed to the src attribute. This may cause the browser to download the whole page again over the network. To fix this, either do not render the element at all or pass null to src instead of an empty string.

[90mstderr[2m | src/test/AdminDashboard.test.tsx[2m > [22m[2mAdminDashboard[2m > [22m[2mUser Interface[2m > [22m[2mshould have proper visual hierarchy with separators
[22m[39mAn empty string ("") was passed to the src attribute. This may cause the browser to download the whole page again over the network. To fix this, either do not render the element at all or pass null to src instead of an empty string.

[90mstderr[2m | src/test/AdminDashboard.test.tsx[2m > [22m[2mAdminDashboard[2m > [22m[2mAdmin Sections[2m > [22m[2mshould filter sections based on permissions
[22m[39mAn empty string ("") was passed to the src attribute. This may cause the browser to download the whole page again over the network. To fix this, either do not render the element at all or pass null to src instead of an empty string.

[90mstderr[2m | src/test/AdminDashboard.test.tsx[2m > [22m[2mAdminDashboard[2m > [22m[2mAdmin Sections[2m > [22m[2mshould sort sections by order_index
[22m[39mAn empty string ("") was passed to the src attribute. This may cause the browser to download the whole page again over the network. To fix this, either do not render the element at all or pass null to src instead of an empty string.

[90mstderr[2m | src/test/AdminDashboard.test.tsx[2m > [22m[2mAdminDashboard[2m > [22m[2mError Handling[2m > [22m[2mshould handle missing user metadata gracefully
[22m[39mAn empty string ("") was passed to the src attribute. This may cause the browser to download the whole page again over the network. To fix this, either do not render the element at all or pass null to src instead of an empty string.

[90mstderr[2m | src/test/AdminDashboard.test.tsx[2m > [22m[2mAdminDashboard[2m > [22m[2mError Handling[2m > [22m[2mshould fallback to email prefix when full_name is missing
[22m[39mAn empty string ("") was passed to the src attribute. This may cause the browser to download the whole page again over the network. To fix this, either do not render the element at all or pass null to src instead of an empty string.

 [31m❯[39m src/test/AdminDashboard.test.tsx [2m([22m[2m31 tests[22m[2m | [22m[31m28 failed[39m[2m)[22m[33m 6553[2mms[22m[39m
[31m       [31m×[31m should render the main layout structure[39m[32m 47[2mms[22m[39m
[31m       [31m×[31m should render admin sidebar[39m[32m 17[2mms[22m[39m
[31m       [31m×[31m should render main content area[39m[32m 17[2mms[22m[39m
[31m       [31m×[31m should render admin header[39m[32m 14[2mms[22m[39m
[31m       [31m×[31m should render main content section[39m[32m 13[2mms[22m[39m
[31m       [31m×[31m should render child content in main area[39m[32m 20[2mms[22m[39m
[31m       [31m×[31m should have fixed sidebar placement on desktop[39m[32m 14[2mms[22m[39m
[31m       [31m×[31m should have proper main content margin on desktop[39m[32m 12[2mms[22m[39m
[31m       [31m×[31m should show mobile menu button[39m[32m 19[2mms[22m[39m
[31m       [31m×[31m should have overlay hidden by default[39m[32m 16[2mms[22m[39m
[31m       [31m×[31m should show overlay when mobile sidebar opens[39m[32m 16[2mms[22m[39m
[31m       [31m×[31m should hide overlay when overlay is clicked[39m[32m 15[2mms[22m[39m
[31m       [31m×[31m should have proper ARIA attributes for navigation[39m[32m 12[2mms[22m[39m
[31m       [31m×[31m should have menu items with proper roles[39m[33m 986[2mms[22m[39m
[31m       [31m×[31m should have proper ARIA labels for navigation links[39m[33m 844[2mms[22m[39m
[31m       [31m×[31m should indicate current page with ARIA current[39m[33m 860[2mms[22m[39m
[31m       [31m×[31m should handle keyboard navigation with Enter key[39m[33m 807[2mms[22m[39m
[31m       [31m×[31m should handle keyboard navigation with Space key on mobile toggle[39m[32m 14[2mms[22m[39m
[31m       [31m×[31m should render all admin sections[39m[32m 14[2mms[22m[39m
[31m       [31m×[31m should show active state for current page[39m[33m 890[2mms[22m[39m
[31m       [31m×[31m should have inactive styles for non-current pages[39m[33m 835[2mms[22m[39m
[31m       [31m×[31m should enable mobile sidebar toggle functionality[39m[32m 17[2mms[22m[39m
[31m       [31m×[31m should display header with current page title[39m[32m 15[2mms[22m[39m
       [32m✓[39m should display user avatar with fallback[32m 11[2mms[22m[39m
[31m       [31m×[31m should display user name and email[39m[32m 11[2mms[22m[39m
[31m       [31m×[31m should display admin logo and branding[39m[32m 13[2mms[22m[39m
[31m       [31m×[31m should have proper visual hierarchy with separators[39m[32m 12[2mms[22m[39m
[31m       [31m×[31m should filter sections based on permissions[39m[32m 10[2mms[22m[39m
[31m       [31m×[31m should sort sections by order_index[39m[33m 953[2mms[22m[39m
       [32m✓[39m should handle missing user metadata gracefully[32m 19[2mms[22m[39m
       [32m✓[39m should fallback to email prefix when full_name is missing[32m 10[2mms[22m[39m

[31m⎯⎯⎯⎯⎯⎯[39m[1m[41m Failed Tests 28 [49m[22m[31m⎯⎯⎯⎯⎯⎯⎯[39m

[41m[1m FAIL [22m[49m src/test/AdminDashboard.test.tsx[2m > [22mAdminDashboard[2m > [22mLayout Functionality[2m > [22mshould render the main layout structure
[31m[1mError[22m: [2mexpect([22m[31melement[31m[2m).toHaveClass([22m[32m[32m"relative flex h-screen w-full overflow-hidden bg-background"[32m[31m[2m)[22m

Expected the element to have class:
[32m  relative flex h-screen w-full overflow-hidden bg-background[31m
Received:
[31m  group/sidebar-wrapper has-data-[variant=inset]:bg-sidebar flex h-screen max-h-screen overflow-hidden w-full bg-background[31m[39m
[36m [2m❯[22m src/test/AdminDashboard.test.tsx:[2m124:22[22m[39m
    [90m122| [39m      [35mconst[39m layout [33m=[39m screen[33m.[39m[34mgetByTestId[39m([32m'admin-dashboard-layout'[39m)[33m;[39m
    [90m123| [39m      [34mexpect[39m(layout)[33m.[39m[34mtoBeInTheDocument[39m()[33m;[39m
    [90m124| [39m      expect(layout).toHaveClass('relative flex h-screen w-full overfl…
    [90m   | [39m                     [31m^[39m
    [90m125| [39m    })[33m;[39m
    [90m126| [39m

[31m[2m⎯⎯⎯⎯⎯⎯⎯⎯⎯⎯⎯⎯⎯⎯⎯⎯⎯⎯⎯⎯⎯⎯⎯[1/28]⎯[22m[39m

[41m[1m FAIL [22m[49m src/test/AdminDashboard.test.tsx[2m > [22mAdminDashboard[2m > [22mLayout Functionality[2m > [22mshould render admin sidebar
[31m[1mError[22m: [2mexpect([22m[31melement[31m[2m).toHaveClass([22m[32m[32m"fixed top-0 left-0 h-full"[32m[31m[2m)[22m

Expected the element to have class:
[32m  fixed top-0 left-0 h-full[31m
Received:
[31m  group peer text-sidebar-foreground flex w-64 shrink-0 bg-sidebar border-r border-sidebar-border shadow-2xl[31m[39m
[36m [2m❯[22m src/test/AdminDashboard.test.tsx:[2m131:23[22m[39m
    [90m129| [39m      [35mconst[39m sidebar [33m=[39m screen[33m.[39m[34mgetByTestId[39m([32m'admin-sidebar'[39m)[33m;[39m
    [90m130| [39m      [34mexpect[39m(sidebar)[33m.[39m[34mtoBeInTheDocument[39m()[33m;[39m
    [90m131| [39m      [34mexpect[39m(sidebar)[33m.[39m[34mtoHaveClass[39m([32m'fixed top-0 left-0 h-full'[39m)[33m;[39m
    [90m   | [39m                      [31m^[39m
    [90m132| [39m    })[33m;[39m
    [90m133| [39m

[31m[2m⎯⎯⎯⎯⎯⎯⎯⎯⎯⎯⎯⎯⎯⎯⎯⎯⎯⎯⎯⎯⎯⎯⎯[2/28]⎯[22m[39m

[41m[1m FAIL [22m[49m src/test/AdminDashboard.test.tsx[2m > [22mAdminDashboard[2m > [22mLayout Functionality[2m > [22mshould render main content area
[31m[1mError[22m: [2mexpect([22m[31melement[31m[2m).toHaveClass([22m[32m[32m"relative flex-1 flex flex-col h-full min-w-0"[32m[31m[2m)[22m

Expected the element to have class:
[32m  relative flex-1 flex flex-col h-full min-w-0[31m
Received:
[31m  bg-background relative h-svh flex-1 overflow-y-auto overflow-x-hidden md:peer-data-[variant=inset]:m-2 md:peer-data-[variant=inset]:ml-0 md:peer-data-[variant=inset]:rounded-xl md:peer-data-[variant=inset]:shadow-sm md:peer-data-[variant=inset]:peer-data-[state=collapsed]:ml-2 flex flex-col min-h-0[31m[39m
[36m [2m❯[22m src/test/AdminDashboard.test.tsx:[2m138:27[22m[39m
    [90m136| [39m      [35mconst[39m mainContent [33m=[39m screen[33m.[39m[34mgetByTestId[39m([32m'admin-main-content'[39m)[33m;[39m
    [90m137| [39m      [34mexpect[39m(mainContent)[33m.[39m[34mtoBeInTheDocument[39m()[33m;[39m
    [90m138| [39m      expect(mainContent).toHaveClass('relative flex-1 flex flex-col h…
    [90m   | [39m                          [31m^[39m
    [90m139| [39m    })[33m;[39m
    [90m140| [39m

[31m[2m⎯⎯⎯⎯⎯⎯⎯⎯⎯⎯⎯⎯⎯⎯⎯⎯⎯⎯⎯⎯⎯⎯⎯[3/28]⎯[22m[39m

[41m[1m FAIL [22m[49m src/test/AdminDashboard.test.tsx[2m > [22mAdminDashboard[2m > [22mLayout Functionality[2m > [22mshould render admin header
[31m[1mError[22m: [2mexpect([22m[31melement[31m[2m).toHaveClass([22m[32m[32m"flex h-16 shrink-0 items-center gap-2 border-b border-border"[32m[31m[2m)[22m

Expected the element to have class:
[32m  flex h-16 shrink-0 items-center gap-2 border-b border-border[31m
Received:
[31m  flex h-20 items-center justify-between gap-4 border-b border-white/5 bg-[#12141a] shadow-lg sticky top-0 z-20 w-full px-6 md:px-12 shrink-0[31m[39m
[36m [2m❯[22m src/test/AdminDashboard.test.tsx:[2m145:22[22m[39m
    [90m143| [39m      [35mconst[39m header [33m=[39m screen[33m.[39m[34mgetByTestId[39m([32m'admin-header'[39m)[33m;[39m
    [90m144| [39m      [34mexpect[39m(header)[33m.[39m[34mtoBeInTheDocument[39m()[33m;[39m
    [90m145| [39m      expect(header).toHaveClass('flex h-16 shrink-0 items-center gap-…
    [90m   | [39m                     [31m^[39m
    [90m146| [39m    })[33m;[39m
    [90m147| [39m

[31m[2m⎯⎯⎯⎯⎯⎯⎯⎯⎯⎯⎯⎯⎯⎯⎯⎯⎯⎯⎯⎯⎯⎯⎯[4/28]⎯[22m[39m

[41m[1m FAIL [22m[49m src/test/AdminDashboard.test.tsx[2m > [22mAdminDashboard[2m > [22mLayout Functionality[2m > [22mshould render main content section
[31m[1mError[22m: [2mexpect([22m[31melement[31m[2m).toHaveClass([22m[32m[32m"flex-1 overflow-y-auto p-4 md:p-6 bg-background"[32m[31m[2m)[22m

Expected the element to have class:
[32m  flex-1 overflow-y-auto p-4 md:p-6 bg-background[31m
Received:
[31m  flex-1 bg-[#12141a] p-6 md:p-12 relative z-10 transition-all[31m[39m
[36m [2m❯[22m src/test/AdminDashboard.test.tsx:[2m152:20[22m[39m
    [90m150| [39m      [35mconst[39m main [33m=[39m screen[33m.[39m[34mgetByTestId[39m([32m'admin-main'[39m)[33m;[39m
    [90m151| [39m      [34mexpect[39m(main)[33m.[39m[34mtoBeInTheDocument[39m()[33m;[39m
    [90m152| [39m      expect(main).toHaveClass('flex-1 overflow-y-auto p-4 md:p-6 bg-b…
    [90m   | [39m                   [31m^[39m
    [90m153| [39m    })[33m;[39m
    [90m154| [39m

[31m[2m⎯⎯⎯⎯⎯⎯⎯⎯⎯⎯⎯⎯⎯⎯⎯⎯⎯⎯⎯⎯⎯⎯⎯[5/28]⎯[22m[39m

[41m[1m FAIL [22m[49m src/test/AdminDashboard.test.tsx[2m > [22mAdminDashboard[2m > [22mLayout Functionality[2m > [22mshould render child content in main area
[31m[1mTestingLibraryElementError[22m[39m: Unable to find an element by: [data-testid="test-content"]

Ignored nodes: comments, script, style
[36m<body[39m
  [33mstyle[39m=[32m"overflow: hidden;"[39m
[36m>[39m
  [36m<div>[39m
    [36m<div[39m
      [33mclass[39m=[32m"group/sidebar-wrapper has-data-[variant=inset]:bg-sidebar flex h-screen max-h-screen overflow-hidden w-full bg-background"[39m
      [33mdata-slot[39m=[32m"sidebar-wrapper"[39m
      [33mdata-testid[39m=[32m"admin-dashboard-layout"[39m
      [33mstyle[39m=[32m"--sidebar-width: 16rem; --sidebar-width-icon: 3rem; height: 100dvh; overflow: hidden;"[39m
    [36m>[39m
      [36m<div[39m
        [33mclass[39m=[32m"group peer text-sidebar-foreground flex w-64 shrink-0 bg-sidebar border-r border-sidebar-border shadow-2xl"[39m
        [33mdata-slot[39m=[32m"sidebar"[39m
        [33mdata-testid[39m=[32m"admin-sidebar"[39m
        [33mid[39m=[32m"dashboard-sidebar"[39m
      [36m>[39m
        [36m<div[39m
          [33mclass[39m=[32m"relative w-64 bg-black"[39m
          [33mdata-slot[39m=[32m"sidebar-gap"[39m
        [36m/>[39m
        [36m<div[39m
          [33mclass[39m=[32m"fixed inset-y-0 left-0 z-30 h-svh w-64 flex bg-sidebar"[39m
          [33mdata-slot[39m=[32m"sidebar-container"[39m
        [36m>[39m
          [36m<div[39m
            [33mclass[39m=[32m"flex h-full w-full flex-col border-r border-sidebar-border bg-sidebar"[39m
            [33mdata-sidebar[39m=[32m"sidebar"[39m
            [33mdata-slot[39m=[32m"sidebar-inner"[39m
          [36m>[39m
            [36m<div[39m
              [33mclass[39m=[32m"p-2 h-20 border-b border-white/5 px-6 flex flex-row items-center gap-4 shrink-0 bg-[#1e2129]"[39m
              [33mdata-sidebar[39m=[32m"header"[39m
              [33mdata-slot[39m=[32m"sidebar-header"[39m
              [33mid[39m=[32m"dashboard-sidebar-header"[39m
            [36m>[39m
              [36m<div[39m
                [33mclass[39m=[32m"flex items-center gap-3 font-bold text-xl overflow-hidden"[39m
                [33mdata-testid[39m=[32m"dashboard-logo"[39m
                [33mid[39m=[32m"dashboard-logo"[39m
              [36m>[39m
                [36m<div[39m
                  [33mclass[39m=[32m"bg-[#E93370] p-1.5 rounded-lg shadow-lg shadow-[#E93370]/20"[39m
                [36m>[39m
                  [36m<img[39m
                    [33malt[39m=[32m"WildOut Logo"[39m
                    [33mclass[39m=[32m"h-6 w-6 object-contain brightness-0 invert"[39m
                    [33mdata-testid[39m=[32m"logo-image"[39m
                    [33mid[39m=[32m"logo-image"[39m
                  [36m/>[39m
                [36m</div>[39m
                [36m<span[39m
                  [33mclass[39m=[32m"whitespace-nowrap tracking-tight text-white font-black italic"[39m
                  [33mdata-testid[39m=[32m"logo-text"[39m
                  [33mid[39m=[32m"logo-text"[39m
                [36m>[39m
                  [0mWILDOUT![0m
                [36m</span>[39m
              [36m</div>[39m
            [36m</div>[39m
            [36m<div[39m
              [33mclass[39m=[32m"flex min-h-0 flex-1 flex-col gap-2 overflow-auto group-data-[collapsible=icon]:overflow-hidden px-3 py-6 overflow-y-auto space-y-8 bg-[#1e2129]"[39m
              [33mdata-sidebar[39m=[32m"content"[39m
              [33mdata-slot[39m=[32m"sidebar-content"[39m
              [33mid[39m=[32m"dashboard-sidebar-content"[39m
            [36m>[39m
              [36m<div[39m
                [33mclass[39m=[32m"space-y-2"[39m
              [36m>[39m
                [36m<span[39m
                  [33mclass[39m=[32m"text-[10px] font-bold text-white/40 uppercase tracking-[0.2em] mb-3 block px-3"[39m
                [36m>[39m
                  [0mCORE FEATURES[0m
                [36m</span>[39m
                [36m<ul[39m
                  [33mclass[39m=[32m"flex w-full min-w-0 flex-col gap-1"[39m
                  [33mdata-sidebar[39m=[32m"menu"[39m
                  [33mdata-slot[39m=[32m"sidebar-menu"[39m
                [36m>[39m
                  [36m<li[39m
                    [33mclass[39m=[32m"group/menu-item relative"[39m
                    [33mdata-sidebar[39m=[32m"menu-item"[39m
                    [33mdata-slot[39m=[32m"sidebar-menu-item"[39m
                    [33mid[39m=[32m"sidebar-menu-item-home"[39m
                  [36m>[39m
                    [36m<button[39m
                      [33maria-current[39m=[32m"page"[39m
                      [33mclass[39m=[32m"peer/menu-button flex w-full items-center gap-2 overflow-hidden p-2 text-left outline-hidden ring-sidebar-ring ease-in-out focus-visible:ring-2 active:bg-sidebar-accent active:text-sidebar-accent-foreground disabled:pointer-events-none disabled:opacity-50 group-has-data-[sidebar=menu-action]/menu-item:pr-8 aria-disabled:pointer-events-none aria-disabled:opacity-50 data-[active=true]:bg-sidebar-accent data-[active=true]:font-medium data-[active=true]:text-sidebar-accent-foreground data-[state=open]:hover:bg-sidebar-accent data-[state=open]:hover:text-sidebar-accent-foreground group-data-[collapsible=icon]:size-8! group-data-[collapsible=icon]:p-2! [&>span:last-child]:truncate [&>svg]:size-4 [&>svg]:shrink-0 transform-gpu hover:bg-sidebar-accent hover:text-sidebar-accent-foreground text-sm group/item h-11 px-4 rounded-xl transition-all duration-200 border bg-white/10 text-white border-white/5 shadow-sm"[39m
                      [33mdata-active[39m=[32m"true"[39m
                      [33mdata-sidebar[39m=[32m"menu-button"[39m
                      [33mdata-size[39m=[32m"default"[39m
                      [33mdata-slot[39m=[32m"sidebar-menu-button"[39m
                      [33mdata-state[39m=[32m"closed"[39m
                      [33mdata-testid[39m=[32m"nav-home"[39m
                      [33mid[39m=[32m"sidebar-menu-button-home"[39m
                    [36m>[39m
                      [36m<div[39m
                        [33mclass[39m=[32m"flex items-center justify-center w-5 h-5 transition-transform duration-200 group-hover/item:scale-110 text-[#E93370]"[39m
                      [36m>[39m
                        [36m<svg[39m
                          [33mclass[39m=[32m"h-4 w-4"[39m
                          [33mdata-testid[39m=[32m"nav-icon-home"[39m
                          [33mid[39m=[32m"nav-icon-home"[39m
                        [36m/>[39m
                      [36m</div>[39m
                      [36m<span[39m
                        [33mclass[39m=[32m"text-sm font-medium tracking-wide flex-grow ml-3"[39m
                        [33mid[39m=[32m"nav-label-home"[39m
                      [36m>[39m
                        [0mDashboard[0m
                      [36m</span>[39m
                    [36m</button>[39m
                  [36m</li>[39m
                [36m</ul>[3...
[90m [2m❯[22m Object.getElementError node_modules/.pnpm/@testing-library+dom@10.4.1/node_modules/@testing-library/dom/dist/config.js:[2m37:19[22m[39m
[90m [2m❯[22m node_modules/.pnpm/@testing-library+dom@10.4.1/node_modules/@testing-library/dom/dist/query-helpers.js:[2m76:38[22m[39m
[90m [2m❯[22m node_modules/.pnpm/@testing-library+dom@10.4.1/node_modules/@testing-library/dom/dist/query-helpers.js:[2m52:17[22m[39m
[90m [2m❯[22m getByTestId node_modules/.pnpm/@testing-library+dom@10.4.1/node_modules/@testing-library/dom/dist/query-helpers.js:[2m95:19[22m[39m
[36m [2m❯[22m src/test/AdminDashboard.test.tsx:[2m157:21[22m[39m
    [90m155| [39m    [34mit[39m([32m'should render child content in main area'[39m[33m,[39m () [33m=>[39m {
    [90m156| [39m      [34mrenderAdminDashboard[39m()[33m;[39m
    [90m157| [39m      [34mexpect[39m(screen[33m.[39m[34mgetByTestId[39m([32m'test-content'[39m))[33m.[39m[34mtoBeInTheDocument[39m()[33m;[39m
    [90m   | [39m                    [31m^[39m
    [90m158| [39m      [34mexpect[39m(screen[33m.[39m[34mgetByText[39m([32m'Test Content'[39m))[33m.[39m[34mtoBeInTheDocument[39m()[33m;[39m
    [90m159| [39m    })[33m;[39m

[31m[2m⎯⎯⎯⎯⎯⎯⎯⎯⎯⎯⎯⎯⎯⎯⎯⎯⎯⎯⎯⎯⎯⎯⎯[6/28]⎯[22m[39m

[41m[1m FAIL [22m[49m src/test/AdminDashboard.test.tsx[2m > [22mAdminDashboard[2m > [22mLayout Positioning[2m > [22mshould have fixed sidebar placement on desktop
[31m[1mError[22m: [2mexpect([22m[31melement[31m[2m).toHaveClass([22m[32m[32m"fixed"[32m[31m[2m)[22m

Expected the element to have class:
[32m  fixed[31m
Received:
[31m  group peer text-sidebar-foreground flex w-64 shrink-0 bg-sidebar border-r border-sidebar-border shadow-2xl[31m[39m
[36m [2m❯[22m src/test/AdminDashboard.test.tsx:[2m166:23[22m[39m
    [90m164| [39m      [34mrenderAdminDashboard[39m()[33m;[39m
    [90m165| [39m      [35mconst[39m sidebar [33m=[39m screen[33m.[39m[34mgetByTestId[39m([32m'admin-sidebar'[39m)[33m;[39m
    [90m166| [39m      [34mexpect[39m(sidebar)[33m.[39m[34mtoHaveClass[39m([32m'fixed'[39m)[33m;[39m
    [90m   | [39m                      [31m^[39m
    [90m167| [39m      [34mexpect[39m(sidebar)[33m.[39m[34mtoHaveClass[39m([32m'top-0'[39m)[33m;[39m
    [90m168| [39m      [34mexpect[39m(sidebar)[33m.[39m[34mtoHaveClass[39m([32m'left-0'[39m)[33m;[39m

[31m[2m⎯⎯⎯⎯⎯⎯⎯⎯⎯⎯⎯⎯⎯⎯⎯⎯⎯⎯⎯⎯⎯⎯⎯[7/28]⎯[22m[39m

[41m[1m FAIL [22m[49m src/test/AdminDashboard.test.tsx[2m > [22mAdminDashboard[2m > [22mLayout Positioning[2m > [22mshould have proper main content margin on desktop
[31m[1mError[22m: [2mexpect([22m[31melement[31m[2m).toHaveClass([22m[32m[32m"ml-0 md:ml-[16rem]"[32m[31m[2m)[22m

Expected the element to have class:
[32m  ml-0 md:ml-[16rem][31m
Received:
[31m  bg-background relative h-svh flex-1 overflow-y-auto overflow-x-hidden md:peer-data-[variant=inset]:m-2 md:peer-data-[variant=inset]:ml-0 md:peer-data-[variant=inset]:rounded-xl md:peer-data-[variant=inset]:shadow-sm md:peer-data-[variant=inset]:peer-data-[state=collapsed]:ml-2 flex flex-col min-h-0[31m[39m
[36m [2m❯[22m src/test/AdminDashboard.test.tsx:[2m175:27[22m[39m
    [90m173| [39m      [34mrenderAdminDashboard[39m()[33m;[39m
    [90m174| [39m      [35mconst[39m mainContent [33m=[39m screen[33m.[39m[34mgetByTestId[39m([32m'admin-main-content'[39m)[33m;[39m
    [90m175| [39m      [34mexpect[39m(mainContent)[33m.[39m[34mtoHaveClass[39m([32m'ml-0 md:ml-[16rem]'[39m)[33m;[39m
    [90m   | [39m                          [31m^[39m
    [90m176| [39m    })[33m;[39m
    [90m177| [39m  })[33m;[39m

[31m[2m⎯⎯⎯⎯⎯⎯⎯⎯⎯⎯⎯⎯⎯⎯⎯⎯⎯⎯⎯⎯⎯⎯⎯[8/28]⎯[22m[39m

[41m[1m FAIL [22m[49m src/test/AdminDashboard.test.tsx[2m > [22mAdminDashboard[2m > [22mResponsive Design - Mobile[2m > [22mshould show mobile menu button
[31m[1mTestingLibraryElementError[22m[39m: Unable to find an element by: [data-testid="mobile-menu-button"]

Ignored nodes: comments, script, style
[36m<body[39m
  [33mstyle[39m=[32m"overflow: hidden;"[39m
[36m>[39m
  [36m<div>[39m
    [36m<div[39m
      [33mclass[39m=[32m"group/sidebar-wrapper has-data-[variant=inset]:bg-sidebar flex h-screen max-h-screen overflow-hidden w-full bg-background"[39m
      [33mdata-slot[39m=[32m"sidebar-wrapper"[39m
      [33mdata-testid[39m=[32m"admin-dashboard-layout"[39m
      [33mstyle[39m=[32m"--sidebar-width: 16rem; --sidebar-width-icon: 3rem; height: 100dvh; overflow: hidden;"[39m
    [36m>[39m
      [36m<div[39m
        [33mclass[39m=[32m"group peer text-sidebar-foreground flex w-64 shrink-0 bg-sidebar border-r border-sidebar-border shadow-2xl"[39m
        [33mdata-slot[39m=[32m"sidebar"[39m
        [33mdata-testid[39m=[32m"admin-sidebar"[39m
        [33mid[39m=[32m"dashboard-sidebar"[39m
      [36m>[39m
        [36m<div[39m
          [33mclass[39m=[32m"relative w-64 bg-black"[39m
          [33mdata-slot[39m=[32m"sidebar-gap"[39m
        [36m/>[39m
        [36m<div[39m
          [33mclass[39m=[32m"fixed inset-y-0 left-0 z-30 h-svh w-64 flex bg-sidebar"[39m
          [33mdata-slot[39m=[32m"sidebar-container"[39m
        [36m>[39m
          [36m<div[39m
            [33mclass[39m=[32m"flex h-full w-full flex-col border-r border-sidebar-border bg-sidebar"[39m
            [33mdata-sidebar[39m=[32m"sidebar"[39m
            [33mdata-slot[39m=[32m"sidebar-inner"[39m
          [36m>[39m
            [36m<div[39m
              [33mclass[39m=[32m"p-2 h-20 border-b border-white/5 px-6 flex flex-row items-center gap-4 shrink-0 bg-[#1e2129]"[39m
              [33mdata-sidebar[39m=[32m"header"[39m
              [33mdata-slot[39m=[32m"sidebar-header"[39m
              [33mid[39m=[32m"dashboard-sidebar-header"[39m
            [36m>[39m
              [36m<div[39m
                [33mclass[39m=[32m"flex items-center gap-3 font-bold text-xl overflow-hidden"[39m
                [33mdata-testid[39m=[32m"dashboard-logo"[39m
                [33mid[39m=[32m"dashboard-logo"[39m
              [36m>[39m
                [36m<div[39m
                  [33mclass[39m=[32m"bg-[#E93370] p-1.5 rounded-lg shadow-lg shadow-[#E93370]/20"[39m
                [36m>[39m
                  [36m<img[39m
                    [33malt[39m=[32m"WildOut Logo"[39m
                    [33mclass[39m=[32m"h-6 w-6 object-contain brightness-0 invert"[39m
                    [33mdata-testid[39m=[32m"logo-image"[39m
                    [33mid[39m=[32m"logo-image"[39m
                  [36m/>[39m
                [36m</div>[39m
                [36m<span[39m
                  [33mclass[39m=[32m"whitespace-nowrap tracking-tight text-white font-black italic"[39m
                  [33mdata-testid[39m=[32m"logo-text"[39m
                  [33mid[39m=[32m"logo-text"[39m
                [36m>[39m
                  [0mWILDOUT![0m
                [36m</span>[39m
              [36m</div>[39m
            [36m</div>[39m
            [36m<div[39m
              [33mclass[39m=[32m"flex min-h-0 flex-1 flex-col gap-2 overflow-auto group-data-[collapsible=icon]:overflow-hidden px-3 py-6 overflow-y-auto space-y-8 bg-[#1e2129]"[39m
              [33mdata-sidebar[39m=[32m"content"[39m
              [33mdata-slot[39m=[32m"sidebar-content"[39m
              [33mid[39m=[32m"dashboard-sidebar-content"[39m
            [36m>[39m
              [36m<div[39m
                [33mclass[39m=[32m"space-y-2"[39m
              [36m>[39m
                [36m<span[39m
                  [33mclass[39m=[32m"text-[10px] font-bold text-white/40 uppercase tracking-[0.2em] mb-3 block px-3"[39m
                [36m>[39m
                  [0mCORE FEATURES[0m
                [36m</span>[39m
                [36m<ul[39m
                  [33mclass[39m=[32m"flex w-full min-w-0 flex-col gap-1"[39m
                  [33mdata-sidebar[39m=[32m"menu"[39m
                  [33mdata-slot[39m=[32m"sidebar-menu"[39m
                [36m>[39m
                  [36m<li[39m
                    [33mclass[39m=[32m"group/menu-item relative"[39m
                    [33mdata-sidebar[39m=[32m"menu-item"[39m
                    [33mdata-slot[39m=[32m"sidebar-menu-item"[39m
                    [33mid[39m=[32m"sidebar-menu-item-home"[39m
                  [36m>[39m
                    [36m<button[39m
                      [33maria-current[39m=[32m"page"[39m
                      [33mclass[39m=[32m"peer/menu-button flex w-full items-center gap-2 overflow-hidden p-2 text-left outline-hidden ring-sidebar-ring ease-in-out focus-visible:ring-2 active:bg-sidebar-accent active:text-sidebar-accent-foreground disabled:pointer-events-none disabled:opacity-50 group-has-data-[sidebar=menu-action]/menu-item:pr-8 aria-disabled:pointer-events-none aria-disabled:opacity-50 data-[active=true]:bg-sidebar-accent data-[active=true]:font-medium data-[active=true]:text-sidebar-accent-foreground data-[state=open]:hover:bg-sidebar-accent data-[state=open]:hover:text-sidebar-accent-foreground group-data-[collapsible=icon]:size-8! group-data-[collapsible=icon]:p-2! [&>span:last-child]:truncate [&>svg]:size-4 [&>svg]:shrink-0 transform-gpu hover:bg-sidebar-accent hover:text-sidebar-accent-foreground text-sm group/item h-11 px-4 rounded-xl transition-all duration-200 border bg-white/10 text-white border-white/5 shadow-sm"[39m
                      [33mdata-active[39m=[32m"true"[39m
                      [33mdata-sidebar[39m=[32m"menu-button"[39m
                      [33mdata-size[39m=[32m"default"[39m
                      [33mdata-slot[39m=[32m"sidebar-menu-button"[39m
                      [33mdata-state[39m=[32m"closed"[39m
                      [33mdata-testid[39m=[32m"nav-home"[39m
                      [33mid[39m=[32m"sidebar-menu-button-home"[39m
                    [36m>[39m
                      [36m<div[39m
                        [33mclass[39m=[32m"flex items-center justify-center w-5 h-5 transition-transform duration-200 group-hover/item:scale-110 text-[#E93370]"[39m
                      [36m>[39m
                        [36m<svg[39m
                          [33mclass[39m=[32m"h-4 w-4"[39m
                          [33mdata-testid[39m=[32m"nav-icon-home"[39m
                          [33mid[39m=[32m"nav-icon-home"[39m
                        [36m/>[39m
                      [36m</div>[39m
                      [36m<span[39m
                        [33mclass[39m=[32m"text-sm font-medium tracking-wide flex-grow ml-3"[39m
                        [33mid[39m=[32m"nav-label-home"[39m
                      [36m>[39m
                        [0mDashboard[0m
                      [36m</span>[39m
                    [36m</button>[39m
                  [36m</li>[39m
                [36m</ul>[3...
[90m [2m❯[22m Object.getElementError node_modules/.pnpm/@testing-library+dom@10.4.1/node_modules/@testing-library/dom/dist/config.js:[2m37:19[22m[39m
[90m [2m❯[22m node_modules/.pnpm/@testing-library+dom@10.4.1/node_modules/@testing-library/dom/dist/query-helpers.js:[2m76:38[22m[39m
[90m [2m❯[22m node_modules/.pnpm/@testing-library+dom@10.4.1/node_modules/@testing-library/dom/dist/query-helpers.js:[2m52:17[22m[39m
[90m [2m❯[22m getByTestId node_modules/.pnpm/@testing-library+dom@10.4.1/node_modules/@testing-library/dom/dist/query-helpers.js:[2m95:19[22m[39m
[36m [2m❯[22m src/test/AdminDashboard.test.tsx:[2m190:33[22m[39m
    [90m188| [39m    [34mit[39m([32m'should show mobile menu button'[39m[33m,[39m () [33m=>[39m {
    [90m189| [39m      [34mrenderAdminDashboard[39m()[33m;[39m
    [90m190| [39m      [35mconst[39m menuButton [33m=[39m screen[33m.[39m[34mgetByTestId[39m([32m'mobile-menu-button'[39m)[33m;[39m
    [90m   | [39m                                [31m^[39m
    [90m191| [39m      [34mexpect[39m(menuButton)[33m.[39m[34mtoBeInTheDocument[39m()[33m;[39m
    [90m192| [39m      [34mexpect[39m(menuButton)[33m.[39m[34mtoHaveClass[39m([32m'md:hidden'[39m)[33m;[39m

[31m[2m⎯⎯⎯⎯⎯⎯⎯⎯⎯⎯⎯⎯⎯⎯⎯⎯⎯⎯⎯⎯⎯⎯⎯[9/28]⎯[22m[39m

[41m[1m FAIL [22m[49m src/test/AdminDashboard.test.tsx[2m > [22mAdminDashboard[2m > [22mResponsive Design - Mobile[2m > [22mshould have overlay hidden by default
[31m[1mTestingLibraryElementError[22m[39m: Unable to find an element by: [data-testid="admin-mobile-overlay"]

Ignored nodes: comments, script, style
[36m<body[39m
  [33mstyle[39m=[32m"overflow: hidden;"[39m
[36m>[39m
  [36m<div>[39m
    [36m<div[39m
      [33mclass[39m=[32m"group/sidebar-wrapper has-data-[variant=inset]:bg-sidebar flex h-screen max-h-screen overflow-hidden w-full bg-background"[39m
      [33mdata-slot[39m=[32m"sidebar-wrapper"[39m
      [33mdata-testid[39m=[32m"admin-dashboard-layout"[39m
      [33mstyle[39m=[32m"--sidebar-width: 16rem; --sidebar-width-icon: 3rem; height: 100dvh; overflow: hidden;"[39m
    [36m>[39m
      [36m<div[39m
        [33mclass[39m=[32m"group peer text-sidebar-foreground flex w-64 shrink-0 bg-sidebar border-r border-sidebar-border shadow-2xl"[39m
        [33mdata-slot[39m=[32m"sidebar"[39m
        [33mdata-testid[39m=[32m"admin-sidebar"[39m
        [33mid[39m=[32m"dashboard-sidebar"[39m
      [36m>[39m
        [36m<div[39m
          [33mclass[39m=[32m"relative w-64 bg-black"[39m
          [33mdata-slot[39m=[32m"sidebar-gap"[39m
        [36m/>[39m
        [36m<div[39m
          [33mclass[39m=[32m"fixed inset-y-0 left-0 z-30 h-svh w-64 flex bg-sidebar"[39m
          [33mdata-slot[39m=[32m"sidebar-container"[39m
        [36m>[39m
          [36m<div[39m
            [33mclass[39m=[32m"flex h-full w-full flex-col border-r border-sidebar-border bg-sidebar"[39m
            [33mdata-sidebar[39m=[32m"sidebar"[39m
            [33mdata-slot[39m=[32m"sidebar-inner"[39m
          [36m>[39m
            [36m<div[39m
              [33mclass[39m=[32m"p-2 h-20 border-b border-white/5 px-6 flex flex-row items-center gap-4 shrink-0 bg-[#1e2129]"[39m
              [33mdata-sidebar[39m=[32m"header"[39m
              [33mdata-slot[39m=[32m"sidebar-header"[39m
              [33mid[39m=[32m"dashboard-sidebar-header"[39m
            [36m>[39m
              [36m<div[39m
                [33mclass[39m=[32m"flex items-center gap-3 font-bold text-xl overflow-hidden"[39m
                [33mdata-testid[39m=[32m"dashboard-logo"[39m
                [33mid[39m=[32m"dashboard-logo"[39m
              [36m>[39m
                [36m<div[39m
                  [33mclass[39m=[32m"bg-[#E93370] p-1.5 rounded-lg shadow-lg shadow-[#E93370]/20"[39m
                [36m>[39m
                  [36m<img[39m
                    [33malt[39m=[32m"WildOut Logo"[39m
                    [33mclass[39m=[32m"h-6 w-6 object-contain brightness-0 invert"[39m
                    [33mdata-testid[39m=[32m"logo-image"[39m
                    [33mid[39m=[32m"logo-image"[39m
                  [36m/>[39m
                [36m</div>[39m
                [36m<span[39m
                  [33mclass[39m=[32m"whitespace-nowrap tracking-tight text-white font-black italic"[39m
                  [33mdata-testid[39m=[32m"logo-text"[39m
                  [33mid[39m=[32m"logo-text"[39m
                [36m>[39m
                  [0mWILDOUT![0m
                [36m</span>[39m
              [36m</div>[39m
            [36m</div>[39m
            [36m<div[39m
              [33mclass[39m=[32m"flex min-h-0 flex-1 flex-col gap-2 overflow-auto group-data-[collapsible=icon]:overflow-hidden px-3 py-6 overflow-y-auto space-y-8 bg-[#1e2129]"[39m
              [33mdata-sidebar[39m=[32m"content"[39m
              [33mdata-slot[39m=[32m"sidebar-content"[39m
              [33mid[39m=[32m"dashboard-sidebar-content"[39m
            [36m>[39m
              [36m<div[39m
                [33mclass[39m=[32m"space-y-2"[39m
              [36m>[39m
                [36m<span[39m
                  [33mclass[39m=[32m"text-[10px] font-bold text-white/40 uppercase tracking-[0.2em] mb-3 block px-3"[39m
                [36m>[39m
                  [0mCORE FEATURES[0m
                [36m</span>[39m
                [36m<ul[39m
                  [33mclass[39m=[32m"flex w-full min-w-0 flex-col gap-1"[39m
                  [33mdata-sidebar[39m=[32m"menu"[39m
                  [33mdata-slot[39m=[32m"sidebar-menu"[39m
                [36m>[39m
                  [36m<li[39m
                    [33mclass[39m=[32m"group/menu-item relative"[39m
                    [33mdata-sidebar[39m=[32m"menu-item"[39m
                    [33mdata-slot[39m=[32m"sidebar-menu-item"[39m
                    [33mid[39m=[32m"sidebar-menu-item-home"[39m
                  [36m>[39m
                    [36m<button[39m
                      [33maria-current[39m=[32m"page"[39m
                      [33mclass[39m=[32m"peer/menu-button flex w-full items-center gap-2 overflow-hidden p-2 text-left outline-hidden ring-sidebar-ring ease-in-out focus-visible:ring-2 active:bg-sidebar-accent active:text-sidebar-accent-foreground disabled:pointer-events-none disabled:opacity-50 group-has-data-[sidebar=menu-action]/menu-item:pr-8 aria-disabled:pointer-events-none aria-disabled:opacity-50 data-[active=true]:bg-sidebar-accent data-[active=true]:font-medium data-[active=true]:text-sidebar-accent-foreground data-[state=open]:hover:bg-sidebar-accent data-[state=open]:hover:text-sidebar-accent-foreground group-data-[collapsible=icon]:size-8! group-data-[collapsible=icon]:p-2! [&>span:last-child]:truncate [&>svg]:size-4 [&>svg]:shrink-0 transform-gpu hover:bg-sidebar-accent hover:text-sidebar-accent-foreground text-sm group/item h-11 px-4 rounded-xl transition-all duration-200 border bg-white/10 text-white border-white/5 shadow-sm"[39m
                      [33mdata-active[39m=[32m"true"[39m
                      [33mdata-sidebar[39m=[32m"menu-button"[39m
                      [33mdata-size[39m=[32m"default"[39m
                      [33mdata-slot[39m=[32m"sidebar-menu-button"[39m
                      [33mdata-state[39m=[32m"closed"[39m
                      [33mdata-testid[39m=[32m"nav-home"[39m
                      [33mid[39m=[32m"sidebar-menu-button-home"[39m
                    [36m>[39m
                      [36m<div[39m
                        [33mclass[39m=[32m"flex items-center justify-center w-5 h-5 transition-transform duration-200 group-hover/item:scale-110 text-[#E93370]"[39m
                      [36m>[39m
                        [36m<svg[39m
                          [33mclass[39m=[32m"h-4 w-4"[39m
                          [33mdata-testid[39m=[32m"nav-icon-home"[39m
                          [33mid[39m=[32m"nav-icon-home"[39m
                        [36m/>[39m
                      [36m</div>[39m
                      [36m<span[39m
                        [33mclass[39m=[32m"text-sm font-medium tracking-wide flex-grow ml-3"[39m
                        [33mid[39m=[32m"nav-label-home"[39m
                      [36m>[39m
                        [0mDashboard[0m
                      [36m</span>[39m
                    [36m</button>[39m
                  [36m</li>[39m
                [36m</ul>[3...
[90m [2m❯[22m Object.getElementError node_modules/.pnpm/@testing-library+dom@10.4.1/node_modules/@testing-library/dom/dist/config.js:[2m37:19[22m[39m
[90m [2m❯[22m node_modules/.pnpm/@testing-library+dom@10.4.1/node_modules/@testing-library/dom/dist/query-helpers.js:[2m76:38[22m[39m
[90m [2m❯[22m node_modules/.pnpm/@testing-library+dom@10.4.1/node_modules/@testing-library/dom/dist/query-helpers.js:[2m52:17[22m[39m
[90m [2m❯[22m getByTestId node_modules/.pnpm/@testing-library+dom@10.4.1/node_modules/@testing-library/dom/dist/query-helpers.js:[2m95:19[22m[39m
[36m [2m❯[22m src/test/AdminDashboard.test.tsx:[2m197:30[22m[39m
    [90m195| [39m    [34mit[39m([32m'should have overlay hidden by default'[39m[33m,[39m () [33m=>[39m {
    [90m196| [39m      [34mrenderAdminDashboard[39m()[33m;[39m
    [90m197| [39m      [35mconst[39m overlay [33m=[39m screen[33m.[39m[34mgetByTestId[39m([32m'admin-mobile-overlay'[39m)[33m;[39m
    [90m   | [39m                             [31m^[39m
    [90m198| [39m      [34mexpect[39m(overlay)[33m.[39m[34mtoHaveStyle[39m([32m'display: none'[39m)[33m;[39m
    [90m199| [39m      [34mexpect[39m(overlay)[33m.[39m[34mtoHaveStyle[39m([32m'opacity: 0'[39m)[33m;[39m

[31m[2m⎯⎯⎯⎯⎯⎯⎯⎯⎯⎯⎯⎯⎯⎯⎯⎯⎯⎯⎯⎯⎯⎯[10/28]⎯[22m[39m

[41m[1m FAIL [22m[49m src/test/AdminDashboard.test.tsx[2m > [22mAdminDashboard[2m > [22mResponsive Design - Mobile[2m > [22mshould show overlay when mobile sidebar opens
[31m[1mTestingLibraryElementError[22m[39m: Unable to find an element by: [data-testid="mobile-menu-button"]

Ignored nodes: comments, script, style
[36m<body[39m
  [33mstyle[39m=[32m"overflow: hidden;"[39m
[36m>[39m
  [36m<div>[39m
    [36m<div[39m
      [33mclass[39m=[32m"group/sidebar-wrapper has-data-[variant=inset]:bg-sidebar flex h-screen max-h-screen overflow-hidden w-full bg-background"[39m
      [33mdata-slot[39m=[32m"sidebar-wrapper"[39m
      [33mdata-testid[39m=[32m"admin-dashboard-layout"[39m
      [33mstyle[39m=[32m"--sidebar-width: 16rem; --sidebar-width-icon: 3rem; height: 100dvh; overflow: hidden;"[39m
    [36m>[39m
      [36m<div[39m
        [33mclass[39m=[32m"group peer text-sidebar-foreground flex w-64 shrink-0 bg-sidebar border-r border-sidebar-border shadow-2xl"[39m
        [33mdata-slot[39m=[32m"sidebar"[39m
        [33mdata-testid[39m=[32m"admin-sidebar"[39m
        [33mid[39m=[32m"dashboard-sidebar"[39m
      [36m>[39m
        [36m<div[39m
          [33mclass[39m=[32m"relative w-64 bg-black"[39m
          [33mdata-slot[39m=[32m"sidebar-gap"[39m
        [36m/>[39m
        [36m<div[39m
          [33mclass[39m=[32m"fixed inset-y-0 left-0 z-30 h-svh w-64 flex bg-sidebar"[39m
          [33mdata-slot[39m=[32m"sidebar-container"[39m
        [36m>[39m
          [36m<div[39m
            [33mclass[39m=[32m"flex h-full w-full flex-col border-r border-sidebar-border bg-sidebar"[39m
            [33mdata-sidebar[39m=[32m"sidebar"[39m
            [33mdata-slot[39m=[32m"sidebar-inner"[39m
          [36m>[39m
            [36m<div[39m
              [33mclass[39m=[32m"p-2 h-20 border-b border-white/5 px-6 flex flex-row items-center gap-4 shrink-0 bg-[#1e2129]"[39m
              [33mdata-sidebar[39m=[32m"header"[39m
              [33mdata-slot[39m=[32m"sidebar-header"[39m
              [33mid[39m=[32m"dashboard-sidebar-header"[39m
            [36m>[39m
              [36m<div[39m
                [33mclass[39m=[32m"flex items-center gap-3 font-bold text-xl overflow-hidden"[39m
                [33mdata-testid[39m=[32m"dashboard-logo"[39m
                [33mid[39m=[32m"dashboard-logo"[39m
              [36m>[39m
                [36m<div[39m
                  [33mclass[39m=[32m"bg-[#E93370] p-1.5 rounded-lg shadow-lg shadow-[#E93370]/20"[39m
                [36m>[39m
                  [36m<img[39m
                    [33malt[39m=[32m"WildOut Logo"[39m
                    [33mclass[39m=[32m"h-6 w-6 object-contain brightness-0 invert"[39m
                    [33mdata-testid[39m=[32m"logo-image"[39m
                    [33mid[39m=[32m"logo-image"[39m
                  [36m/>[39m
                [36m</div>[39m
                [36m<span[39m
                  [33mclass[39m=[32m"whitespace-nowrap tracking-tight text-white font-black italic"[39m
                  [33mdata-testid[39m=[32m"logo-text"[39m
                  [33mid[39m=[32m"logo-text"[39m
                [36m>[39m
                  [0mWILDOUT![0m
                [36m</span>[39m
              [36m</div>[39m
            [36m</div>[39m
            [36m<div[39m
              [33mclass[39m=[32m"flex min-h-0 flex-1 flex-col gap-2 overflow-auto group-data-[collapsible=icon]:overflow-hidden px-3 py-6 overflow-y-auto space-y-8 bg-[#1e2129]"[39m
              [33mdata-sidebar[39m=[32m"content"[39m
              [33mdata-slot[39m=[32m"sidebar-content"[39m
              [33mid[39m=[32m"dashboard-sidebar-content"[39m
            [36m>[39m
              [36m<div[39m
                [33mclass[39m=[32m"space-y-2"[39m
              [36m>[39m
                [36m<span[39m
                  [33mclass[39m=[32m"text-[10px] font-bold text-white/40 uppercase tracking-[0.2em] mb-3 block px-3"[39m
                [36m>[39m
                  [0mCORE FEATURES[0m
                [36m</span>[39m
                [36m<ul[39m
                  [33mclass[39m=[32m"flex w-full min-w-0 flex-col gap-1"[39m
                  [33mdata-sidebar[39m=[32m"menu"[39m
                  [33mdata-slot[39m=[32m"sidebar-menu"[39m
                [36m>[39m
                  [36m<li[39m
                    [33mclass[39m=[32m"group/menu-item relative"[39m
                    [33mdata-sidebar[39m=[32m"menu-item"[39m
                    [33mdata-slot[39m=[32m"sidebar-menu-item"[39m
                    [33mid[39m=[32m"sidebar-menu-item-home"[39m
                  [36m>[39m
                    [36m<button[39m
                      [33maria-current[39m=[32m"page"[39m
                      [33mclass[39m=[32m"peer/menu-button flex w-full items-center gap-2 overflow-hidden p-2 text-left outline-hidden ring-sidebar-ring ease-in-out focus-visible:ring-2 active:bg-sidebar-accent active:text-sidebar-accent-foreground disabled:pointer-events-none disabled:opacity-50 group-has-data-[sidebar=menu-action]/menu-item:pr-8 aria-disabled:pointer-events-none aria-disabled:opacity-50 data-[active=true]:bg-sidebar-accent data-[active=true]:font-medium data-[active=true]:text-sidebar-accent-foreground data-[state=open]:hover:bg-sidebar-accent data-[state=open]:hover:text-sidebar-accent-foreground group-data-[collapsible=icon]:size-8! group-data-[collapsible=icon]:p-2! [&>span:last-child]:truncate [&>svg]:size-4 [&>svg]:shrink-0 transform-gpu hover:bg-sidebar-accent hover:text-sidebar-accent-foreground text-sm group/item h-11 px-4 rounded-xl transition-all duration-200 border bg-white/10 text-white border-white/5 shadow-sm"[39m
                      [33mdata-active[39m=[32m"true"[39m
                      [33mdata-sidebar[39m=[32m"menu-button"[39m
                      [33mdata-size[39m=[32m"default"[39m
                      [33mdata-slot[39m=[32m"sidebar-menu-button"[39m
                      [33mdata-state[39m=[32m"closed"[39m
                      [33mdata-testid[39m=[32m"nav-home"[39m
                      [33mid[39m=[32m"sidebar-menu-button-home"[39m
                    [36m>[39m
                      [36m<div[39m
                        [33mclass[39m=[32m"flex items-center justify-center w-5 h-5 transition-transform duration-200 group-hover/item:scale-110 text-[#E93370]"[39m
                      [36m>[39m
                        [36m<svg[39m
                          [33mclass[39m=[32m"h-4 w-4"[39m
                          [33mdata-testid[39m=[32m"nav-icon-home"[39m
                          [33mid[39m=[32m"nav-icon-home"[39m
                        [36m/>[39m
                      [36m</div>[39m
                      [36m<span[39m
                        [33mclass[39m=[32m"text-sm font-medium tracking-wide flex-grow ml-3"[39m
                        [33mid[39m=[32m"nav-label-home"[39m
                      [36m>[39m
                        [0mDashboard[0m
                      [36m</span>[39m
                    [36m</button>[39m
                  [36m</li>[39m
                [36m</ul>[3...
[90m [2m❯[22m Object.getElementError node_modules/.pnpm/@testing-library+dom@10.4.1/node_modules/@testing-library/dom/dist/config.js:[2m37:19[22m[39m
[90m [2m❯[22m node_modules/.pnpm/@testing-library+dom@10.4.1/node_modules/@testing-library/dom/dist/query-helpers.js:[2m76:38[22m[39m
[90m [2m❯[22m node_modules/.pnpm/@testing-library+dom@10.4.1/node_modules/@testing-library/dom/dist/query-helpers.js:[2m52:17[22m[39m
[90m [2m❯[22m getByTestId node_modules/.pnpm/@testing-library+dom@10.4.1/node_modules/@testing-library/dom/dist/query-helpers.js:[2m95:19[22m[39m
[36m [2m❯[22m src/test/AdminDashboard.test.tsx:[2m205:33[22m[39m
    [90m203| [39m    [34mit[39m([32m'should show overlay when mobile sidebar opens'[39m[33m,[39m () [33m=>[39m {
    [90m204| [39m      [34mrenderAdminDashboard[39m()[33m;[39m
    [90m205| [39m      [35mconst[39m menuButton [33m=[39m screen[33m.[39m[34mgetByTestId[39m([32m'mobile-menu-button'[39m)[33m;[39m
    [90m   | [39m                                [31m^[39m
    [90m206| [39m      fireEvent[33m.[39m[34mclick[39m(menuButton)[33m;[39m
    [90m207| [39m

[31m[2m⎯⎯⎯⎯⎯⎯⎯⎯⎯⎯⎯⎯⎯⎯⎯⎯⎯⎯⎯⎯⎯⎯[11/28]⎯[22m[39m

[41m[1m FAIL [22m[49m src/test/AdminDashboard.test.tsx[2m > [22mAdminDashboard[2m > [22mResponsive Design - Mobile[2m > [22mshould hide overlay when overlay is clicked
[31m[1mTestingLibraryElementError[22m[39m: Unable to find an element by: [data-testid="mobile-menu-button"]

Ignored nodes: comments, script, style
[36m<body[39m
  [33mstyle[39m=[32m"overflow: hidden;"[39m
[36m>[39m
  [36m<div>[39m
    [36m<div[39m
      [33mclass[39m=[32m"group/sidebar-wrapper has-data-[variant=inset]:bg-sidebar flex h-screen max-h-screen overflow-hidden w-full bg-background"[39m
      [33mdata-slot[39m=[32m"sidebar-wrapper"[39m
      [33mdata-testid[39m=[32m"admin-dashboard-layout"[39m
      [33mstyle[39m=[32m"--sidebar-width: 16rem; --sidebar-width-icon: 3rem; height: 100dvh; overflow: hidden;"[39m
    [36m>[39m
      [36m<div[39m
        [33mclass[39m=[32m"group peer text-sidebar-foreground flex w-64 shrink-0 bg-sidebar border-r border-sidebar-border shadow-2xl"[39m
        [33mdata-slot[39m=[32m"sidebar"[39m
        [33mdata-testid[39m=[32m"admin-sidebar"[39m
        [33mid[39m=[32m"dashboard-sidebar"[39m
      [36m>[39m
        [36m<div[39m
          [33mclass[39m=[32m"relative w-64 bg-black"[39m
          [33mdata-slot[39m=[32m"sidebar-gap"[39m
        [36m/>[39m
        [36m<div[39m
          [33mclass[39m=[32m"fixed inset-y-0 left-0 z-30 h-svh w-64 flex bg-sidebar"[39m
          [33mdata-slot[39m=[32m"sidebar-container"[39m
        [36m>[39m
          [36m<div[39m
            [33mclass[39m=[32m"flex h-full w-full flex-col border-r border-sidebar-border bg-sidebar"[39m
            [33mdata-sidebar[39m=[32m"sidebar"[39m
            [33mdata-slot[39m=[32m"sidebar-inner"[39m
          [36m>[39m
            [36m<div[39m
              [33mclass[39m=[32m"p-2 h-20 border-b border-white/5 px-6 flex flex-row items-center gap-4 shrink-0 bg-[#1e2129]"[39m
              [33mdata-sidebar[39m=[32m"header"[39m
              [33mdata-slot[39m=[32m"sidebar-header"[39m
              [33mid[39m=[32m"dashboard-sidebar-header"[39m
            [36m>[39m
              [36m<div[39m
                [33mclass[39m=[32m"flex items-center gap-3 font-bold text-xl overflow-hidden"[39m
                [33mdata-testid[39m=[32m"dashboard-logo"[39m
                [33mid[39m=[32m"dashboard-logo"[39m
              [36m>[39m
                [36m<div[39m
                  [33mclass[39m=[32m"bg-[#E93370] p-1.5 rounded-lg shadow-lg shadow-[#E93370]/20"[39m
                [36m>[39m
                  [36m<img[39m
                    [33malt[39m=[32m"WildOut Logo"[39m
                    [33mclass[39m=[32m"h-6 w-6 object-contain brightness-0 invert"[39m
                    [33mdata-testid[39m=[32m"logo-image"[39m
                    [33mid[39m=[32m"logo-image"[39m
                  [36m/>[39m
                [36m</div>[39m
                [36m<span[39m
                  [33mclass[39m=[32m"whitespace-nowrap tracking-tight text-white font-black italic"[39m
                  [33mdata-testid[39m=[32m"logo-text"[39m
                  [33mid[39m=[32m"logo-text"[39m
                [36m>[39m
                  [0mWILDOUT![0m
                [36m</span>[39m
              [36m</div>[39m
            [36m</div>[39m
            [36m<div[39m
              [33mclass[39m=[32m"flex min-h-0 flex-1 flex-col gap-2 overflow-auto group-data-[collapsible=icon]:overflow-hidden px-3 py-6 overflow-y-auto space-y-8 bg-[#1e2129]"[39m
              [33mdata-sidebar[39m=[32m"content"[39m
              [33mdata-slot[39m=[32m"sidebar-content"[39m
              [33mid[39m=[32m"dashboard-sidebar-content"[39m
            [36m>[39m
              [36m<div[39m
                [33mclass[39m=[32m"space-y-2"[39m
              [36m>[39m
                [36m<span[39m
                  [33mclass[39m=[32m"text-[10px] font-bold text-white/40 uppercase tracking-[0.2em] mb-3 block px-3"[39m
                [36m>[39m
                  [0mCORE FEATURES[0m
                [36m</span>[39m
                [36m<ul[39m
                  [33mclass[39m=[32m"flex w-full min-w-0 flex-col gap-1"[39m
                  [33mdata-sidebar[39m=[32m"menu"[39m
                  [33mdata-slot[39m=[32m"sidebar-menu"[39m
                [36m>[39m
                  [36m<li[39m
                    [33mclass[39m=[32m"group/menu-item relative"[39m
                    [33mdata-sidebar[39m=[32m"menu-item"[39m
                    [33mdata-slot[39m=[32m"sidebar-menu-item"[39m
                    [33mid[39m=[32m"sidebar-menu-item-home"[39m
                  [36m>[39m
                    [36m<button[39m
                      [33maria-current[39m=[32m"page"[39m
                      [33mclass[39m=[32m"peer/menu-button flex w-full items-center gap-2 overflow-hidden p-2 text-left outline-hidden ring-sidebar-ring ease-in-out focus-visible:ring-2 active:bg-sidebar-accent active:text-sidebar-accent-foreground disabled:pointer-events-none disabled:opacity-50 group-has-data-[sidebar=menu-action]/menu-item:pr-8 aria-disabled:pointer-events-none aria-disabled:opacity-50 data-[active=true]:bg-sidebar-accent data-[active=true]:font-medium data-[active=true]:text-sidebar-accent-foreground data-[state=open]:hover:bg-sidebar-accent data-[state=open]:hover:text-sidebar-accent-foreground group-data-[collapsible=icon]:size-8! group-data-[collapsible=icon]:p-2! [&>span:last-child]:truncate [&>svg]:size-4 [&>svg]:shrink-0 transform-gpu hover:bg-sidebar-accent hover:text-sidebar-accent-foreground text-sm group/item h-11 px-4 rounded-xl transition-all duration-200 border bg-white/10 text-white border-white/5 shadow-sm"[39m
                      [33mdata-active[39m=[32m"true"[39m
                      [33mdata-sidebar[39m=[32m"menu-button"[39m
                      [33mdata-size[39m=[32m"default"[39m
                      [33mdata-slot[39m=[32m"sidebar-menu-button"[39m
                      [33mdata-state[39m=[32m"closed"[39m
                      [33mdata-testid[39m=[32m"nav-home"[39m
                      [33mid[39m=[32m"sidebar-menu-button-home"[39m
                    [36m>[39m
                      [36m<div[39m
                        [33mclass[39m=[32m"flex items-center justify-center w-5 h-5 transition-transform duration-200 group-hover/item:scale-110 text-[#E93370]"[39m
                      [36m>[39m
                        [36m<svg[39m
                          [33mclass[39m=[32m"h-4 w-4"[39m
                          [33mdata-testid[39m=[32m"nav-icon-home"[39m
                          [33mid[39m=[32m"nav-icon-home"[39m
                        [36m/>[39m
                      [36m</div>[39m
                      [36m<span[39m
                        [33mclass[39m=[32m"text-sm font-medium tracking-wide flex-grow ml-3"[39m
                        [33mid[39m=[32m"nav-label-home"[39m
                      [36m>[39m
                        [0mDashboard[0m
                      [36m</span>[39m
                    [36m</button>[39m
                  [36m</li>[39m
                [36m</ul>[3...
[90m [2m❯[22m Object.getElementError node_modules/.pnpm/@testing-library+dom@10.4.1/node_modules/@testing-library/dom/dist/config.js:[2m37:19[22m[39m
[90m [2m❯[22m node_modules/.pnpm/@testing-library+dom@10.4.1/node_modules/@testing-library/dom/dist/query-helpers.js:[2m76:38[22m[39m
[90m [2m❯[22m node_modules/.pnpm/@testing-library+dom@10.4.1/node_modules/@testing-library/dom/dist/query-helpers.js:[2m52:17[22m[39m
[90m [2m❯[22m getByTestId node_modules/.pnpm/@testing-library+dom@10.4.1/node_modules/@testing-library/dom/dist/query-helpers.js:[2m95:19[22m[39m
[36m [2m❯[22m src/test/AdminDashboard.test.tsx:[2m216:33[22m[39m
    [90m214| [39m    [34mit[39m([32m'should hide overlay when overlay is clicked'[39m[33m,[39m () [33m=>[39m {
    [90m215| [39m      [34mrenderAdminDashboard[39m()[33m;[39m
    [90m216| [39m      [35mconst[39m menuButton [33m=[39m screen[33m.[39m[34mgetByTestId[39m([32m'mobile-menu-button'[39m)[33m;[39m
    [90m   | [39m                                [31m^[39m
    [90m217| [39m      fireEvent[33m.[39m[34mclick[39m(menuButton)[33m;[39m
    [90m218| [39m

[31m[2m⎯⎯⎯⎯⎯⎯⎯⎯⎯⎯⎯⎯⎯⎯⎯⎯⎯⎯⎯⎯⎯⎯[12/28]⎯[22m[39m

[41m[1m FAIL [22m[49m src/test/AdminDashboard.test.tsx[2m > [22mAdminDashboard[2m > [22mAccessibility[2m > [22mshould have proper ARIA attributes for navigation
[31m[1mError[22m: [2mexpect([22m[31melement[31m[2m).toHaveAttribute([22m[32m[32m"role"[32m[31m[2m, [22m[32m[32m"navigation"[32m[31m[2m) // element.getAttribute("role") === "navigation"[22m

Expected the element to have attribute:
[32m  role="navigation"[31m
Received:
[31m  null[31m[39m
[36m [2m❯[22m src/test/AdminDashboard.test.tsx:[2m231:23[22m[39m
    [90m229| [39m      [34mrenderAdminDashboard[39m()[33m;[39m
    [90m230| [39m      [35mconst[39m sidebar [33m=[39m screen[33m.[39m[34mgetByTestId[39m([32m'admin-sidebar'[39m)[33m;[39m
    [90m231| [39m      [34mexpect[39m(sidebar)[33m.[39m[34mtoHaveAttribute[39m([32m'role'[39m[33m,[39m [32m'navigation'[39m)[33m;[39m
    [90m   | [39m                      [31m^[39m
    [90m232| [39m      expect(sidebar).toHaveAttribute('aria-label', 'Admin navigation'…
    [90m233| [39m    })[33m;[39m

[31m[2m⎯⎯⎯⎯⎯⎯⎯⎯⎯⎯⎯⎯⎯⎯⎯⎯⎯⎯⎯⎯⎯⎯[13/28]⎯[22m[39m

[41m[1m FAIL [22m[49m src/test/AdminDashboard.test.tsx[2m > [22mAdminDashboard[2m > [22mAccessibility[2m > [22mshould have menu items with proper roles
[31m[1mTestingLibraryElementError[22m[39m: Unable to find an accessible element with the role "menuitem"

Here are the accessible roles:

  img:

  Name "WildOut Logo":
  [36m<img[39m
    [33malt[39m=[32m"WildOut Logo"[39m
    [33mclass[39m=[32m"h-6 w-6 object-contain brightness-0 invert"[39m
    [33mdata-testid[39m=[32m"logo-image"[39m
    [33mid[39m=[32m"logo-image"[39m
  [36m/>[39m

  --------------------------------------------------
  list:

  Name "":
  [36m<ul[39m
    [33mclass[39m=[32m"flex w-full min-w-0 flex-col gap-1"[39m
    [33mdata-sidebar[39m=[32m"menu"[39m
    [33mdata-slot[39m=[32m"sidebar-menu"[39m
  [36m/>[39m

  Name "":
  [36m<ul[39m
    [33mclass[39m=[32m"flex w-full min-w-0 flex-col gap-1"[39m
    [33mdata-sidebar[39m=[32m"menu"[39m
    [33mdata-slot[39m=[32m"sidebar-menu"[39m
  [36m/>[39m

  Name "":
  [36m<ul[39m
    [33mclass[39m=[32m"flex w-full min-w-0 flex-col gap-1"[39m
    [33mdata-sidebar[39m=[32m"menu"[39m
    [33mdata-slot[39m=[32m"sidebar-menu"[39m
  [36m/>[39m

  Name "":
  [36m<ul[39m
    [33mclass[39m=[32m"flex w-full min-w-0 flex-col gap-2"[39m
    [33mdata-sidebar[39m=[32m"menu"[39m
    [33mdata-slot[39m=[32m"sidebar-menu"[39m
    [33mid[39m=[32m"dashboard-sidebar-footer-menu"[39m
  [36m/>[39m

  Name "":
  [36m<ol[39m
    [33mclass[39m=[32m"text-muted-foreground flex flex-wrap items-center gap-1.5 text-sm break-words sm:gap-2.5"[39m
    [33mdata-slot[39m=[32m"breadcrumb-list"[39m
  [36m/>[39m

  --------------------------------------------------
  listitem:

  Name "":
  [36m<li[39m
    [33mclass[39m=[32m"group/menu-item relative"[39m
    [33mdata-sidebar[39m=[32m"menu-item"[39m
    [33mdata-slot[39m=[32m"sidebar-menu-item"[39m
    [33mid[39m=[32m"sidebar-menu-item-home"[39m
  [36m/>[39m

  Name "":
  [36m<li[39m
    [33mclass[39m=[32m"group/menu-item relative"[39m
    [33mdata-sidebar[39m=[32m"menu-item"[39m
    [33mdata-slot[39m=[32m"sidebar-menu-item"[39m
    [33mid[39m=[32m"sidebar-menu-item-events"[39m
  [36m/>[39m

  Name "":
  [36m<li[39m
    [33mclass[39m=[32m"group/menu-item relative"[39m
    [33mdata-sidebar[39m=[32m"menu-item"[39m
    [33mdata-slot[39m=[32m"sidebar-menu-item"[39m
    [33mid[39m=[32m"sidebar-menu-item-settings"[39m
  [36m/>[39m

  Name "":
  [36m<li[39m
    [33mclass[39m=[32m"group/menu-item relative"[39m
    [33mdata-sidebar[39m=[32m"menu-item"[39m
    [33mdata-slot[39m=[32m"sidebar-menu-item"[39m
    [33mid[39m=[32m"sidebar-menu-item-back-to-site"[39m
  [36m/>[39m

  Name "":
  [36m<li[39m
    [33mclass[39m=[32m"group/menu-item relative"[39m
    [33mdata-sidebar[39m=[32m"menu-item"[39m
    [33mdata-slot[39m=[32m"sidebar-menu-item"[39m
    [33mid[39m=[32m"sidebar-menu-item-user-profile"[39m
  [36m/>[39m

  Name "":
  [36m<li[39m
    [33mclass[39m=[32m"inline-flex items-center gap-1.5"[39m
    [33mdata-slot[39m=[32m"breadcrumb-item"[39m
  [36m/>[39m

  --------------------------------------------------
  button:

  Name "Dashboard":
  [36m<button[39m
    [33maria-current[39m=[32m"page"[39m
    [33mclass[39m=[32m"peer/menu-button flex w-full items-center gap-2 overflow-hidden p-2 text-left outline-hidden ring-sidebar-ring ease-in-out focus-visible:ring-2 active:bg-sidebar-accent active:text-sidebar-accent-foreground disabled:pointer-events-none disabled:opacity-50 group-has-data-[sidebar=menu-action]/menu-item:pr-8 aria-disabled:pointer-events-none aria-disabled:opacity-50 data-[active=true]:bg-sidebar-accent data-[active=true]:font-medium data-[active=true]:text-sidebar-accent-foreground data-[state=open]:hover:bg-sidebar-accent data-[state=open]:hover:text-sidebar-accent-foreground group-data-[collapsible=icon]:size-8! group-data-[collapsible=icon]:p-2! [&>span:last-child]:truncate [&>svg]:size-4 [&>svg]:shrink-0 transform-gpu hover:bg-sidebar-accent hover:text-sidebar-accent-foreground text-sm group/item h-11 px-4 rounded-xl transition-all duration-200 border bg-white/10 text-white border-white/5 shadow-sm"[39m
    [33mdata-active[39m=[32m"true"[39m
    [33mdata-sidebar[39m=[32m"menu-button"[39m
    [33mdata-size[39m=[32m"default"[39m
    [33mdata-slot[39m=[32m"sidebar-menu-button"[39m
    [33mdata-state[39m=[32m"closed"[39m
    [33mdata-testid[39m=[32m"nav-home"[39m
    [33mid[39m=[32m"sidebar-menu-button-home"[39m
  [36m/>[39m

  Name "Events 5":
  [36m<button[39m
    [33mclass[39m=[32m"peer/menu-button flex w-full items-center gap-2 overflow-hidden p-2 text-left outline-hidden ring-sidebar-ring ease-in-out focus-visible:ring-2 active:bg-sidebar-accent active:text-sidebar-accent-foreground disabled:pointer-events-none disabled:opacity-50 group-has-data-[sidebar=menu-action]/menu-item:pr-8 aria-disabled:pointer-events-none aria-disabled:opacity-50 data-[active=true]:bg-sidebar-accent data-[active=true]:font-medium data-[active=true]:text-sidebar-accent-foreground data-[state=open]:hover:bg-sidebar-accent data-[state=open]:hover:text-sidebar-accent-foreground group-data-[collapsible=icon]:size-8! group-data-[collapsible=icon]:p-2! [&>span:last-child]:truncate [&>svg]:size-4 [&>svg]:shrink-0 transform-gpu text-sm group/item h-11 px-4 rounded-xl transition-all duration-200 border border-transparent text-white/60 hover:text-white hover:bg-white/5"[39m
    [33mdata-active[39m=[32m"false"[39m
    [33mdata-sidebar[39m=[32m"menu-button"[39m
    [33mdata-size[39m=[32m"default"[39m
    [33mdata-slot[39m=[32m"sidebar-menu-button"[39m
    [33mdata-state[39m=[32m"closed"[39m
    [33mdata-testid[39m=[32m"nav-events"[39m
    [33mid[39m=[32m"sidebar-menu-button-events"[39m
  [36m/>[39m

  Name "Settings":
  [36m<button[39m
    [33mclass[39m=[32m"peer/menu-button flex w-full items-center gap-2 overflow-hidden p-2 text-left outline-hidden ring-sidebar-ring ease-in-out focus-visible:ring-2 active:bg-sidebar-accent active:text-sidebar-accent-foreground disabled:pointer-events-none disabled:opacity-50 group-has-data-[sidebar=menu-action]/menu-item:pr-8 aria-disabled:pointer-events-none aria-disabled:opacity-50 data-[active=true]:bg-sidebar-accent data-[active=true]:font-medium data-[active=true]:text-sidebar-accent-foreground data-[state=open]:hover:bg-sidebar-accent data-[state=open]:hover:text-sidebar-accent-foreground group-data-[collapsible=icon]:size-8! group-data-[collapsible=icon]:p-2! [&>span:last-child]:truncate [&>svg]:size-4 [&>svg]:shrink-0 transform-gpu text-sm group/item h-11 px-4 rounded-xl transition-all duration-200 border border-transparent text-white/60 hover:text-white hover:bg-white/5"[39m
    [33mdata-active[39m=[32m"false"[39m
    [33mdata-sidebar[39m=[32m"menu-button"[39m
    [33mdata-size[39m=[32m"default"[39m
    [33mdata-slot[39m=[32m"sidebar-menu-button"[39m
    [33mdata-state[39m=[32m"closed"[39m
    [33mdata-testid[39m=[32m"nav-settings"[39m
    [33mid[39m=[32m"sidebar-menu-button-settings"[39m
  [36m/>[39m

  Name "Back to Website":
  [36m<button[39m
    [33mclass[39m=[32m"peer/menu-button flex w-full items-center gap-2 overflow-hidden p-2 text-left outline-hidden ring-sidebar-ring ease-in-out focus-visible:ring-2 active:bg-sidebar-accent active:text-sidebar-accent-foreground disabled:pointer-events-none disabled:opacity-50 group-has-data-[sidebar=menu-action]/menu-item:pr-8 aria-disabled:pointer-events-none aria-disabled:opacity-50 data-[active=true]:bg-sidebar-accent data-[active=true]:font-medium data-[active=true]:text-sidebar-accent-foreground data-[state=open]:hover:bg-sidebar-accent data-[state=open]:hover:text-sidebar-accent-foreground group-data-[collapsible=icon]:size-8! group-data-[collapsible=icon]:p-2! [&>span:last-child]:truncate [&>svg]:size-4 [&>svg]:shrink-0 transform-gpu text-sm h-10 px-4 rounded-xl text-white/50 hover:text-white hover:bg-white/5 transition-all duration-200"[39m
    [33mdata-active[39m=[32m"false"[39m
    [33mdata-sidebar[39m=[32m"menu-button"[39m
    [33mdata-size[39m=[32m"default"[39m
    [33mdata-slot[39m=[32m"sidebar-menu-button"[39m
    [33mdata-state[39m=[32m"closed"[39m
    [33mdata-testid[39m=[32m"back-to-site-button"[39m
    [33mid[39m=[32m"sidebar-menu-button-back-to-site"[39m
  [36m/>[39m

  Name "A ADMIN USERadmin@wildoutproject.com":
  [36m<button[39m
    [33maria-expanded[39m=[32m"false"[39m
    [33maria-haspopup[39m=[32m"menu"[39m
    [33mclass[39m=[32m"peer/menu-button flex w-full items-center gap-2 overflow-hidden p-2 text-left outline-hidden ring-sidebar-ring ease-in-out focus-visible:ring-2 active:bg-sidebar-accent active:text-sidebar-accent-foreground disabled:pointer-events-none disabled:opacity-50 group-has-data-[sidebar=menu-action]/menu-item:pr-8 aria-disabled:pointer-events-none aria-disabled:opacity-50 data-[active=true]:bg-sidebar-accent data-[active=true]:font-medium data-[active=true]:text-sidebar-accent-foreground data-[state=open]:hover:bg-sidebar-accent data-[state=open]:hover:text-sidebar-accent-foreground group-data-[collapsible=icon]:size-8! [&>span:last-child]:truncate [&>svg]:size-4 [&>svg]:shrink-0 transform-gpu hover:text-sidebar-accent-foreground text-sm group-data-[collapsible=icon]:p-0! h-14 px-3 rounded-xl bg-white/5 border border-white/10 hover:bg-white/10 transition-all duration-200"[39m
    [33mdata-active[39m=[32m"false"[39m
    [33mdata-sidebar[39m=[32m"menu-button"[39m
    [33mdata-size[39m=[32m"lg"[39m
    [33mdata-slot[39m=[32m"dropdown-menu-trigger"[39m
    [33mdata-state[39m=[32m"closed"[39m
    [33mdata-testid[39m=[32m"user-menu-button"[39m
    [33mid[39m=[32m"user-menu-trigger"[39m
    [33mtype[39m=[32m"button"[39m
  [36m/>[39m

  Name "Collapse Sidebar":
  [36m<button[39m
    [33maria-expanded[39m=[32m"true"[39m
    [33maria-label[39m=[32m"Collapse Sidebar"[39m
    [33mclass[39m=[32m"hover:after:bg-sidebar-border absolute inset-y-0 z-20 hidden w-4 -translate-x-1/2 transition-all ease-linear group-data-[side=left]:-right-4 group-data-[side=right]:left-0 after:absolute after:inset-y-0 after:left-1/2 after:w-[2px] sm:flex in-data-[side=left]:cursor-w-resize in-data-[side=right]:cursor-e-resize [[data-side=left][data-state=collapsed]_&]:cursor-e-resize [[data-side=right][data-state=collapsed]_&]:cursor-w-resize hover:group-data-[collapsible=offcanvas]:bg-sidebar group-data-[collapsible=offcanvas]:translate-x-0 group-data-[collapsible=offcanvas]:after:left-full [[data-side=left][data-collapsible=offcanvas]_&]:-right-2 [[data-side=right][data-collapsible=offcanvas]_&]:-left-2 opacity-0 pointer-events-none"[39m
    [33mdata-sidebar[39m=[32m"rail"[39m
    [33mdata-slot[39m=[32m"sidebar-rail"[39m
    [33mid[39m=[32m"dashboard-sidebar-rail-left"[39m
    [33mtabindex[39m=[32m"0"[39m
    [33mtitle[39m=[32m"Collapse Sidebar"[39m
  [36m/>[39m

  Name "Collapse Sidebar":
  [36m<button[39m
    [33maria-expanded[39m=[32m"true"[39m
    [33maria-label[39m=[32m"Collapse Sidebar"[39m
    [33mclass[39m=[32m"hover:after:bg-sidebar-border absolute inset-y-0 z-20 hidden w-4 -translate-x-1/2 transition-all ease-linear group-data-[side=left]:-right-4 group-data-[side=right]:left-0 after:absolute after:inset-y-0 after:left-1/2 after:w-[2px] sm:flex in-data-[side=left]:cursor-w-resize in-data-[side=right]:cursor-e-resize [[data-side=left][data-state=collapsed]_&]:cursor-e-resize [[data-side=right][data-state=collapsed]_&]:cursor-w-resize hover:group-data-[collapsible=offcanvas]:bg-sidebar group-data-[collapsible=offcanvas]:translate-x-0 group-data-[collapsible=offcanvas]:after:left-full [[data-side=left][data-collapsible=offcanvas]_&]:-right-2 [[data-side=right][data-collapsible=offcanvas]_&]:-left-2 opacity-0 pointer-events-none"[39m
    [33mdata-sidebar[39m=[32m"rail"[39m
    [33mdata-slot[39m=[32m"sidebar-rail"[39m
    [33mid[39m=[32m"dashboard-sidebar-rail-right"[39m
    [33mtabindex[39m=[32m"0"[39m
    [33mtitle[39m=[32m"Collapse Sidebar"[39m
  [36m/>[39m

  Name "Toggle Sidebar":
  [36m<button[39m
    [33mclass[39m=[32m"size-7 h-10 w-10 text-gray-400 hover:text-gray-600 hover:bg-gray-100 rounded-xl"[39m
    [33mdata-sidebar[39m=[32m"trigger"[39m
    [33mdata-slot[39m=[32m"sidebar-trigger"[39m
    [33mid[39m=[32m"sidebar-trigger"[39m
  [36m/>[39m

  Name "":
  [36m<button[39m
    [33maria-controls[39m=[32m"radix-_r_31_"[39m
    [33maria-expanded[39m=[32m"false"[39m
    [33maria-haspopup[39m=[32m"dialog"[39m
    [33mclass[39m=[32m"relative rounded-lg h-9 w-9 text-gray-500 hover:bg-white hover:text-[#E93370] hover:shadow-sm transition-all"[39m
    [33mdata-slot[39m=[32m"popover-trigger"[39m
    [33mdata-state[39m=[32m"closed"[39m
    [33mtype[39m=[32m"button"[39m
  [36m/>[39m

  Name "":
  [36m<button[39m
    [33mclass[39m=[32m"rounded-lg h-9 w-9 text-gray-500 hover:bg-white hover:text-gray-900 hover:shadow-sm transition-all"[39m
  [36m/>[39m

  Name "Manage":
  [36m<button[39m
    [33mclass[39m=[32m"w-full mt-4 bg-white/10 hover:bg-white/20 text-white border-0 h-10 focus-visible:ring-[#E93370] transition-colors"[39m
  [36m/>[39m

  Name "Manage":
  [36m<button[39m
    [33mclass[39m=[32m"w-full mt-4 bg-white/10 hover:bg-white/20 text-white border-0 h-10 focus-visible:ring-[#E93370] transition-colors"[39m
  [36m/>[39m

  Name "Manage":
  [36m<button[39m
    [33mclass[39m=[32m"w-full mt-4 bg-white/10 hover:bg-white/20 text-white border-0 h-10 focus-visible:ring-[#E93370] transition-colors"[39m
  [36m/>[39m

  Name "Manage":
  [36m<button[39m
    [33mclass[39m=[32m"w-full mt-4 bg-white/10 hover:bg-white/20 text-white border-0 h-10 focus-visible:ring-[#E93370] transition-colors"[39m
  [36m/>[39m

  Name "Manage":
  [36m<button[39m
    [33mclass[39m=[32m"w-full mt-4 bg-white/10 hover:bg-white/20 text-white border-0 h-10 focus-visible:ring-[#E93370] transition-colors"[39m
  [36m/>[39m

  Name "Manage":
  [36m<button[39m
    [33mclass[39m=[32m"w-full mt-4 bg-white/10 hover:bg-white/20 text-white border-0 h-10 focus-visible:ring-[#E93370] transition-colors"[39m
  [36m/>[39m

  --------------------------------------------------
  main:

  Name "":
  [36m<main[39m
    [33mclass[39m=[32m"bg-background relative h-svh flex-1 overflow-y-auto overflow-x-hidden md:peer-data-[variant=inset]:m-2 md:peer-data-[variant=inset]:ml-0 md:peer-data-[variant=inset]:rounded-xl md:peer-data-[variant=inset]:shadow-sm md:peer-data-[variant=inset]:peer-data-[state=collapsed]:ml-2 flex flex-col min-h-0"[39m
    [33mdata-slot[39m=[32m"sidebar-inset"[39m
    [33mdata-testid[39m=[32m"admin-main-content"[39m
    [33mid[39m=[32m"dashboard-main-content"[39m
    [33mstyle[39m=[32m"height: 100dvh; overflow-y: auto; overflow-x: hidden;"[39m
  [36m/>[39m

  --------------------------------------------------
  banner:

  Name "":
  [36m<header[39m
    [33mclass[39m=[32m"flex h-20 items-center justify-between gap-4 border-b border-white/5 bg-[#12141a] shadow-lg sticky top-0 z-20 w-full px-6 md:px-12 shrink-0"[39m
    [33mdata-testid[39m=[32m"admin-header"[39m
    [33mid[39m=[32m"dashboard-header"[39m
  [36m/>[39m

  --------------------------------------------------
  navigation:

  Name "breadcrumb":
  [36m<nav[39m
    [33maria-label[39m=[32m"breadcrumb"[39m
    [33mclass[39m=[32m"hidden md:flex"[39m
    [33mdata-slot[39m=[32m"breadcrumb"[39m
  [36m/>[39m

  --------------------------------------------------
  link:

  Name "Dashboard":
  [36m<a[39m
    [33mclass[39m=[32m"text-gray-400 hover:text-gray-900 font-medium transition-colors"[39m
    [33mdata-slot[39m=[32m"breadcrumb-link"[39m
    [33mhref[39m=[32m"/admin/home"[39m
  [36m/>[39m

  --------------------------------------------------
  textbox:

  Name "":
  [36m<input[39m
    [33mclass[39m=[32m"flex border px-3 py-2 text-sm shadow-sm file:border-0 file:bg-black file:text-sm file:font-medium file:text-foreground placeholder:text-muted-foreground focus-visible:outline-none disabled:cursor-not-allowed disabled:opacity-50 pl-10 h-10 w-64 lg:w-80 bg-gray-50 border-gray-200 rounded-xl focus-visible:bg-white focus-visible:ring-2 focus-visible:ring-[#E93370]/10 focus-visible:border-[#E93370] focus-visible:ring-offset-0 transition-all"[39m
    [33mplaceholder[39m=[32m"Search anything..."[39m
  [36m/>[39m

  --------------------------------------------------
  heading:

  Name "Dashboard Overview":
  [36m<h1[39m
    [33mclass[39m=[32m"text-3xl font-bold tracking-normal bg-gradient-to-r from-white to-[#E93370] bg-clip-text text-transparent"[39m
  [36m/>[39m

  Name "Hero Section":
  [36m<h3[39m
    [33mclass[39m=[32m"font-medium"[39m
  [36m/>[39m

  Name "Events Section":
  [36m<h3[39m
    [33mclass[39m=[32m"font-medium"[39m
  [36m/>[39m

  Name "Team Section":
  [36m<h3[39m
    [33mclass[39m=[32m"font-medium"[39m
  [36m/>[39m

  Name "Gallery Section":
  [36m<h3[39m
    [33mclass[39m=[32m"font-medium"[39m
  [36m/>[39m

  Name "Partners Section":
  [36m<h3[39m
    [33mclass[39m=[32m"font-medium"[39m
  [36m/>[39m

  Name "About Section":
  [36m<h3[39m
    [33mclass[39m=[32m"font-medium"[39m
  [36m/>[39m

  --------------------------------------------------
  paragraph:

  Name "":
  [36m<p[39m
    [33mclass[39m=[32m"text-white/60 mt-1"[39m
  [36m/>[39m

  Name "":
  [36m<p[39m
    [33mclass[39m=[32m"text-xs text-green-400 mt-1"[39m
  [36m/>[39m

  Name "":
  [36m<p[39m
    [33mclass[39m=[32m"text-xs text-green-400 mt-1"[39m
  [36m/>[39m

  Name "":
  [36m<p[39m
    [33mclass[39m=[32m"text-xs text-red-400 mt-1"[39m
  [36m/>[39m

  Name "":
  [36m<p[39m
    [33mclass[39m=[32m"text-xs text-green-400 mt-1"[39m
  [36m/>[39m

  Name "":
  [36m<p[39m
    [33mclass[39m=[32m"text-sm font-medium"[39m
  [36m/>[39m

  Name "":
  [36m<p[39m
    [33mclass[39m=[32m"text-xs text-white/40"[39m
  [36m/>[39m

  Name "":
  [36m<p[39m
    [33mclass[39m=[32m"text-sm font-medium"[39m
  [36m/>[39m

  Name "":
  [36m<p[39m
    [33mclass[39m=[32m"text-xs text-white/40"[39m
  [36m/>[39m

  Name "":
  [36m<p[39m
    [33mclass[39m=[32m"text-sm font-medium"[39m
  [36m/>[39m

  Name "":
  [36m<p[39m
    [33mclass[39m=[32m"text-xs text-white/40"[39m
  [36m/>[39m

  Name "":
  [36m<p[39m
    [33mclass[39m=[32m"text-sm text-white/40"[39m
  [36m/>[39m

  Name "":
  [36m<p[39m
    [33mclass[39m=[32m"text-sm text-white/40"[39m
  [36m/>[39m

  Name "":
  [36m<p[39m
    [33mclass[39m=[32m"text-sm text-white/40"[39m
  [36m/>[39m

  Name "":
  [36m<p[39m
    [33mclass[39m=[32m"text-sm text-white/40"[39m
  [36m/>[39m

  Name "":
  [36m<p[39m
    [33mclass[39m=[32m"text-sm text-white/40"[39m
  [36m/>[39m

  Name "":
  [36m<p[39m
    [33mclass[39m=[32m"text-sm text-white/40"[39m
  [36m/>[39m

  --------------------------------------------------

Ignored nodes: comments, script, style
[36m<body[39m
  [33mstyle[39m=[32m"overflow: hidden;"[39m
[36m>[39m
  [36m<div>[39m
    [36m<div[39m
      [33mclass[39m=[32m"group/sidebar-wrapper has-data-[variant=inset]:bg-sidebar flex h-screen max-h-screen overflow-hidden w-full bg-background"[39m
      [33mdata-slot[39m=[32m"sidebar-wrapper"[39m
      [33mdata-testid[39m=[32m"admin-dashboard-layout"[39m
      [33mstyle[39m=[32m"--sidebar-width: 16rem; --sidebar-width-icon: 3rem; height: 100dvh; overflow: hidden;"[39m
    [36m>[39m
      [36m<div[39m
        [33mclass[39m=[32m"group peer text-sidebar-foreground flex w-64 shrink-0 bg-sidebar border-r border-sidebar-border shadow-2xl"[39m
        [33mdata-slot[39m=[32m"sidebar"[39m
        [33mdata-testid[39m=[32m"admin-sidebar"[39m
        [33mid[39m=[32m"dashboard-sidebar"[39m
      [36m>[39m
        [36m<div[39m
          [33mclass[39m=[32m"relative w-64 bg-black"[39m
          [33mdata-slot[39m=[32m"sidebar-gap"[39m
        [36m/>[39m
        [36m<div[39m
          [33mclass[39m=[32m"fixed inset-y-0 left-0 z-30 h-svh w-64 flex bg-sidebar"[39m
          [33mdata-slot[39m=[32m"sidebar-container"[39m
        [36m>[39m
          [36m<div[39m
            [33mclass[39m=[32m"flex h-full w-full flex-col border-r border-sidebar-border bg-sidebar"[39m
            [33mdata-sidebar[39m=[32m"sidebar"[39m
            [33mdata-slot[39m=[32m"sidebar-inner"[39m
          [36m>[39m
            [36m<div[39m
              [33mclass[39m=[32m"p-2 h-20 border-b border-white/5 px-6 flex flex-row items-center gap-4 shrink-0 bg-[#1e2129]"[39m
              [33mdata-sidebar[39m=[32m"header"[39m
              [33mdata-slot[39m=[32m"sidebar-header"[39m
              [33mid[39m=[32m"dashboard-sidebar-header"[39m
            [36m>[39m
              [36m<div[39m
                [33mclass[39m=[32m"flex items-center gap-3 font-bold text-xl overflow-hidden"[39m
                [33mdata-testid[39m=[32m"dashboard-logo"[39m
                [33mid[39m=[32m"dashboard-logo"[39m
              [36m>[39m
                [36m<div[39m
                  [33mclass[39m=[32m"bg-[#E93370] p-1.5 rounded-lg shadow-lg shadow-[#E93370]/20"[39m
                [36m>[39m
                  [36m<img[39m
                    [33malt[39m=[32m"WildOut Logo"[39m
                    [33mclass[39m=[32m"h-6 w-6 object-contain brightness-0 invert"[39m
                    [33mdata-testid[39m=[32m"logo-image"[39m
                    [33mid[39m=[32m"logo-image"[39m
                  [36m/>[39m
                [36m</div>[39m
                [36m<span[39m
                  [33mclass[39m=[32m"whitespace-nowrap tracking-tight text-white font-black italic"[39m
                  [33mdata-testid[39m=[32m"logo-text"[39m
                  [33mid[39m=[32m"logo-text"[39m
                [36m>[39m
                  [0mWILDOUT![0m
                [36m</span>[39m
              [36m</div>[39m
            [36m</div>[39m
            [36m<div[39m
              [33mclass[39m=[32m"flex min-h-0 flex-1 flex-col gap-2 overflow-auto group-data-[collapsible=icon]:overflow-hidden px-3 py-6 overflow-y-auto space-y-8 bg-[#1e2129]"[39m
              [33mdata-sidebar[39m=[32m"content"[39m
              [33mdata-slot[39m=[32m"sidebar-content"[39m
              [33mid[39m=[32m"dashboard-sidebar-content"[39m
            [36m>[39m
              [36m<div[39m
                [33mclass[39m=[32m"space-y-2"[39m
              [36m>[39m
                [36m<span[39m
                  [33mclass[39m=[32m"text-[10px] font-bold text-white/40 uppercase tracking-[0.2em] mb-3 block px-3"[39m
                [36m>[39m
                  [0mCORE FEATURES[0m
                [36m</span>[39m
                [36m<ul[39m
                  [33mclass[39m=[32m"flex w-full min-w-0 flex-col gap-1"[39m
                  [33mdata-sidebar[39m=[32m"menu"[39m
                  [33mdata-slot[39m=[32m"sidebar-menu"[39m
                [36m>[39m
                  [36m<li[39m
                    [33mclass[39m=[32m"group/menu-item relative"[39m
                    [33mdata-sidebar[39m=[32m"menu-item"[39m
                    [33mdata-slot[39m=[32m"sidebar-menu-item"[39m
                    [33mid[39m=[32m"sidebar-menu-item-home"[39m
                  [36m>[39m
                    [36m<button[39m
                      [33maria-current[39m=[32m"page"[39m
                      [33mclass[39m=[32m"peer/menu-button flex w-full items-center gap-2 overflow-hidden p-2 text-left outline-hidden ring-sidebar-ring ease-in-out focus-visible:ring-2 active:bg-sidebar-accent active:text-sidebar-accent-foreground disabled:pointer-events-none disabled:opacity-50 group-has-data-[sidebar=menu-action]/menu-item:pr-8 aria-disabled:pointer-events-none aria-disabled:opacity-50 data-[active=true]:bg-sidebar-accent data-[active=true]:font-medium data-[active=true]:text-sidebar-accent-foreground data-[state=open]:hover:bg-sidebar-accent data-[state=open]:hover:text-sidebar-accent-foreground group-data-[collapsible=icon]:size-8! group-data-[collapsible=icon]:p-2! [&>span:last-child]:truncate [&>svg]:size-4 [&>svg]:shrink-0 transform-gpu hover:bg-sidebar-accent hover:text-sidebar-accent-foreground text-sm group/item h-11 px-4 rounded-xl transition-all duration-200 border bg-white/10 text-white border-white/5 shadow-sm"[39m
                      [33mdata-active[39m=[32m"true"[39m
                      [33mdata-sidebar[39m=[32m"menu-button"[39m
                      [33mdata-size[39m=[32m"default"[39m
                      [33mdata-slot[39m=[32m"sidebar-menu-button"[39m
                      [33mdata-state[39m=[32m"closed"[39m
                      [33mdata-testid[39m=[32m"nav-home"[39m
                      [33mid[39m=[32m"sidebar-menu-button-home"[39m
                    [36m>[39m
                      [36m<div[39m
                        [33mclass[39m=[32m"flex items-center justify-center w-5 h-5 transition-transform duration-200 group-hover/item:scale-110 text-[#E93370]"[39m
                      [36m>[39m
                        [36m<svg[39m
                          [33mclass[39m=[32m"h-4 w-4"[39m
                          [33mdata-testid[39m=[32m"nav-icon-home"[39m
                          [33mid[39m=[32m"nav-icon-home"[39m
                        [36m/>[39m
                      [36m</div>[39m
                      [36m<span[39m
                        [33mclass[39m=[32m"text-sm font-medium tracking-wide flex-grow ml-3"[39m
                        [33mid[39m=[32m"nav-label-home"[39m
                      [36m>[39m
                        [0mDashboard[0m
                      [36m</span>[39m
                    [36m</button>[39m
                  [36m</li>[39m
                [36m</ul>[3...
[90m [2m❯[22m Object.getElementError node_modules/.pnpm/@testing-library+dom@10.4.1/node_modules/@testing-library/dom/dist/config.js:[2m37:19[22m[39m
[90m [2m❯[22m node_modules/.pnpm/@testing-library+dom@10.4.1/node_modules/@testing-library/dom/dist/query-helpers.js:[2m76:38[22m[39m
[90m [2m❯[22m getAllByRole node_modules/.pnpm/@testing-library+dom@10.4.1/node_modules/@testing-library/dom/dist/query-helpers.js:[2m109:15[22m[39m
[36m [2m❯[22m src/test/AdminDashboard.test.tsx:[2m237:32[22m[39m
    [90m235| [39m    [34mit[39m([32m'should have menu items with proper roles'[39m[33m,[39m () [33m=>[39m {
    [90m236| [39m      [34mrenderAdminDashboard[39m()[33m;[39m
    [90m237| [39m      [35mconst[39m menuItems [33m=[39m screen[33m.[39m[34mgetAllByRole[39m([32m'menuitem'[39m)[33m;[39m
    [90m   | [39m                               [31m^[39m
    [90m238| [39m      [34mexpect[39m(menuItems[33m.[39mlength)[33m.[39m[34mtoBe[39m([34m5[39m)[33m;[39m [90m// 3 sections + back + logout[39m
    [90m239| [39m      menuItems[33m.[39m[34mforEach[39m(item [33m=>[39m {

[31m[2m⎯⎯⎯⎯⎯⎯⎯⎯⎯⎯⎯⎯⎯⎯⎯⎯⎯⎯⎯⎯⎯⎯[14/28]⎯[22m[39m

[41m[1m FAIL [22m[49m src/test/AdminDashboard.test.tsx[2m > [22mAdminDashboard[2m > [22mAccessibility[2m > [22mshould have proper ARIA labels for navigation links
[31m[1mTestingLibraryElementError[22m[39m: Unable to find an accessible element with the role "menuitem" and name `/back to website/i`

Here are the accessible roles:

  img:

  Name "WildOut Logo":
  [36m<img[39m
    [33malt[39m=[32m"WildOut Logo"[39m
    [33mclass[39m=[32m"h-6 w-6 object-contain brightness-0 invert"[39m
    [33mdata-testid[39m=[32m"logo-image"[39m
    [33mid[39m=[32m"logo-image"[39m
  [36m/>[39m

  --------------------------------------------------
  list:

  Name "":
  [36m<ul[39m
    [33mclass[39m=[32m"flex w-full min-w-0 flex-col gap-1"[39m
    [33mdata-sidebar[39m=[32m"menu"[39m
    [33mdata-slot[39m=[32m"sidebar-menu"[39m
  [36m/>[39m

  Name "":
  [36m<ul[39m
    [33mclass[39m=[32m"flex w-full min-w-0 flex-col gap-1"[39m
    [33mdata-sidebar[39m=[32m"menu"[39m
    [33mdata-slot[39m=[32m"sidebar-menu"[39m
  [36m/>[39m

  Name "":
  [36m<ul[39m
    [33mclass[39m=[32m"flex w-full min-w-0 flex-col gap-1"[39m
    [33mdata-sidebar[39m=[32m"menu"[39m
    [33mdata-slot[39m=[32m"sidebar-menu"[39m
  [36m/>[39m

  Name "":
  [36m<ul[39m
    [33mclass[39m=[32m"flex w-full min-w-0 flex-col gap-2"[39m
    [33mdata-sidebar[39m=[32m"menu"[39m
    [33mdata-slot[39m=[32m"sidebar-menu"[39m
    [33mid[39m=[32m"dashboard-sidebar-footer-menu"[39m
  [36m/>[39m

  Name "":
  [36m<ol[39m
    [33mclass[39m=[32m"text-muted-foreground flex flex-wrap items-center gap-1.5 text-sm break-words sm:gap-2.5"[39m
    [33mdata-slot[39m=[32m"breadcrumb-list"[39m
  [36m/>[39m

  --------------------------------------------------
  listitem:

  Name "":
  [36m<li[39m
    [33mclass[39m=[32m"group/menu-item relative"[39m
    [33mdata-sidebar[39m=[32m"menu-item"[39m
    [33mdata-slot[39m=[32m"sidebar-menu-item"[39m
    [33mid[39m=[32m"sidebar-menu-item-home"[39m
  [36m/>[39m

  Name "":
  [36m<li[39m
    [33mclass[39m=[32m"group/menu-item relative"[39m
    [33mdata-sidebar[39m=[32m"menu-item"[39m
    [33mdata-slot[39m=[32m"sidebar-menu-item"[39m
    [33mid[39m=[32m"sidebar-menu-item-events"[39m
  [36m/>[39m

  Name "":
  [36m<li[39m
    [33mclass[39m=[32m"group/menu-item relative"[39m
    [33mdata-sidebar[39m=[32m"menu-item"[39m
    [33mdata-slot[39m=[32m"sidebar-menu-item"[39m
    [33mid[39m=[32m"sidebar-menu-item-settings"[39m
  [36m/>[39m

  Name "":
  [36m<li[39m
    [33mclass[39m=[32m"group/menu-item relative"[39m
    [33mdata-sidebar[39m=[32m"menu-item"[39m
    [33mdata-slot[39m=[32m"sidebar-menu-item"[39m
    [33mid[39m=[32m"sidebar-menu-item-back-to-site"[39m
  [36m/>[39m

  Name "":
  [36m<li[39m
    [33mclass[39m=[32m"group/menu-item relative"[39m
    [33mdata-sidebar[39m=[32m"menu-item"[39m
    [33mdata-slot[39m=[32m"sidebar-menu-item"[39m
    [33mid[39m=[32m"sidebar-menu-item-user-profile"[39m
  [36m/>[39m

  Name "":
  [36m<li[39m
    [33mclass[39m=[32m"inline-flex items-center gap-1.5"[39m
    [33mdata-slot[39m=[32m"breadcrumb-item"[39m
  [36m/>[39m

  --------------------------------------------------
  button:

  Name "Dashboard":
  [36m<button[39m
    [33maria-current[39m=[32m"page"[39m
    [33mclass[39m=[32m"peer/menu-button flex w-full items-center gap-2 overflow-hidden p-2 text-left outline-hidden ring-sidebar-ring ease-in-out focus-visible:ring-2 active:bg-sidebar-accent active:text-sidebar-accent-foreground disabled:pointer-events-none disabled:opacity-50 group-has-data-[sidebar=menu-action]/menu-item:pr-8 aria-disabled:pointer-events-none aria-disabled:opacity-50 data-[active=true]:bg-sidebar-accent data-[active=true]:font-medium data-[active=true]:text-sidebar-accent-foreground data-[state=open]:hover:bg-sidebar-accent data-[state=open]:hover:text-sidebar-accent-foreground group-data-[collapsible=icon]:size-8! group-data-[collapsible=icon]:p-2! [&>span:last-child]:truncate [&>svg]:size-4 [&>svg]:shrink-0 transform-gpu hover:bg-sidebar-accent hover:text-sidebar-accent-foreground text-sm group/item h-11 px-4 rounded-xl transition-all duration-200 border bg-white/10 text-white border-white/5 shadow-sm"[39m
    [33mdata-active[39m=[32m"true"[39m
    [33mdata-sidebar[39m=[32m"menu-button"[39m
    [33mdata-size[39m=[32m"default"[39m
    [33mdata-slot[39m=[32m"sidebar-menu-button"[39m
    [33mdata-state[39m=[32m"closed"[39m
    [33mdata-testid[39m=[32m"nav-home"[39m
    [33mid[39m=[32m"sidebar-menu-button-home"[39m
  [36m/>[39m

  Name "Events 5":
  [36m<button[39m
    [33mclass[39m=[32m"peer/menu-button flex w-full items-center gap-2 overflow-hidden p-2 text-left outline-hidden ring-sidebar-ring ease-in-out focus-visible:ring-2 active:bg-sidebar-accent active:text-sidebar-accent-foreground disabled:pointer-events-none disabled:opacity-50 group-has-data-[sidebar=menu-action]/menu-item:pr-8 aria-disabled:pointer-events-none aria-disabled:opacity-50 data-[active=true]:bg-sidebar-accent data-[active=true]:font-medium data-[active=true]:text-sidebar-accent-foreground data-[state=open]:hover:bg-sidebar-accent data-[state=open]:hover:text-sidebar-accent-foreground group-data-[collapsible=icon]:size-8! group-data-[collapsible=icon]:p-2! [&>span:last-child]:truncate [&>svg]:size-4 [&>svg]:shrink-0 transform-gpu text-sm group/item h-11 px-4 rounded-xl transition-all duration-200 border border-transparent text-white/60 hover:text-white hover:bg-white/5"[39m
    [33mdata-active[39m=[32m"false"[39m
    [33mdata-sidebar[39m=[32m"menu-button"[39m
    [33mdata-size[39m=[32m"default"[39m
    [33mdata-slot[39m=[32m"sidebar-menu-button"[39m
    [33mdata-state[39m=[32m"closed"[39m
    [33mdata-testid[39m=[32m"nav-events"[39m
    [33mid[39m=[32m"sidebar-menu-button-events"[39m
  [36m/>[39m

  Name "Settings":
  [36m<button[39m
    [33mclass[39m=[32m"peer/menu-button flex w-full items-center gap-2 overflow-hidden p-2 text-left outline-hidden ring-sidebar-ring ease-in-out focus-visible:ring-2 active:bg-sidebar-accent active:text-sidebar-accent-foreground disabled:pointer-events-none disabled:opacity-50 group-has-data-[sidebar=menu-action]/menu-item:pr-8 aria-disabled:pointer-events-none aria-disabled:opacity-50 data-[active=true]:bg-sidebar-accent data-[active=true]:font-medium data-[active=true]:text-sidebar-accent-foreground data-[state=open]:hover:bg-sidebar-accent data-[state=open]:hover:text-sidebar-accent-foreground group-data-[collapsible=icon]:size-8! group-data-[collapsible=icon]:p-2! [&>span:last-child]:truncate [&>svg]:size-4 [&>svg]:shrink-0 transform-gpu text-sm group/item h-11 px-4 rounded-xl transition-all duration-200 border border-transparent text-white/60 hover:text-white hover:bg-white/5"[39m
    [33mdata-active[39m=[32m"false"[39m
    [33mdata-sidebar[39m=[32m"menu-button"[39m
    [33mdata-size[39m=[32m"default"[39m
    [33mdata-slot[39m=[32m"sidebar-menu-button"[39m
    [33mdata-state[39m=[32m"closed"[39m
    [33mdata-testid[39m=[32m"nav-settings"[39m
    [33mid[39m=[32m"sidebar-menu-button-settings"[39m
  [36m/>[39m

  Name "Back to Website":
  [36m<button[39m
    [33mclass[39m=[32m"peer/menu-button flex w-full items-center gap-2 overflow-hidden p-2 text-left outline-hidden ring-sidebar-ring ease-in-out focus-visible:ring-2 active:bg-sidebar-accent active:text-sidebar-accent-foreground disabled:pointer-events-none disabled:opacity-50 group-has-data-[sidebar=menu-action]/menu-item:pr-8 aria-disabled:pointer-events-none aria-disabled:opacity-50 data-[active=true]:bg-sidebar-accent data-[active=true]:font-medium data-[active=true]:text-sidebar-accent-foreground data-[state=open]:hover:bg-sidebar-accent data-[state=open]:hover:text-sidebar-accent-foreground group-data-[collapsible=icon]:size-8! group-data-[collapsible=icon]:p-2! [&>span:last-child]:truncate [&>svg]:size-4 [&>svg]:shrink-0 transform-gpu text-sm h-10 px-4 rounded-xl text-white/50 hover:text-white hover:bg-white/5 transition-all duration-200"[39m
    [33mdata-active[39m=[32m"false"[39m
    [33mdata-sidebar[39m=[32m"menu-button"[39m
    [33mdata-size[39m=[32m"default"[39m
    [33mdata-slot[39m=[32m"sidebar-menu-button"[39m
    [33mdata-state[39m=[32m"closed"[39m
    [33mdata-testid[39m=[32m"back-to-site-button"[39m
    [33mid[39m=[32m"sidebar-menu-button-back-to-site"[39m
  [36m/>[39m

  Name "A ADMIN USERadmin@wildoutproject.com":
  [36m<button[39m
    [33maria-expanded[39m=[32m"false"[39m
    [33maria-haspopup[39m=[32m"menu"[39m
    [33mclass[39m=[32m"peer/menu-button flex w-full items-center gap-2 overflow-hidden p-2 text-left outline-hidden ring-sidebar-ring ease-in-out focus-visible:ring-2 active:bg-sidebar-accent active:text-sidebar-accent-foreground disabled:pointer-events-none disabled:opacity-50 group-has-data-[sidebar=menu-action]/menu-item:pr-8 aria-disabled:pointer-events-none aria-disabled:opacity-50 data-[active=true]:bg-sidebar-accent data-[active=true]:font-medium data-[active=true]:text-sidebar-accent-foreground data-[state=open]:hover:bg-sidebar-accent data-[state=open]:hover:text-sidebar-accent-foreground group-data-[collapsible=icon]:size-8! [&>span:last-child]:truncate [&>svg]:size-4 [&>svg]:shrink-0 transform-gpu hover:text-sidebar-accent-foreground text-sm group-data-[collapsible=icon]:p-0! h-14 px-3 rounded-xl bg-white/5 border border-white/10 hover:bg-white/10 transition-all duration-200"[39m
    [33mdata-active[39m=[32m"false"[39m
    [33mdata-sidebar[39m=[32m"menu-button"[39m
    [33mdata-size[39m=[32m"lg"[39m
    [33mdata-slot[39m=[32m"dropdown-menu-trigger"[39m
    [33mdata-state[39m=[32m"closed"[39m
    [33mdata-testid[39m=[32m"user-menu-button"[39m
    [33mid[39m=[32m"user-menu-trigger"[39m
    [33mtype[39m=[32m"button"[39m
  [36m/>[39m

  Name "Collapse Sidebar":
  [36m<button[39m
    [33maria-expanded[39m=[32m"true"[39m
    [33maria-label[39m=[32m"Collapse Sidebar"[39m
    [33mclass[39m=[32m"hover:after:bg-sidebar-border absolute inset-y-0 z-20 hidden w-4 -translate-x-1/2 transition-all ease-linear group-data-[side=left]:-right-4 group-data-[side=right]:left-0 after:absolute after:inset-y-0 after:left-1/2 after:w-[2px] sm:flex in-data-[side=left]:cursor-w-resize in-data-[side=right]:cursor-e-resize [[data-side=left][data-state=collapsed]_&]:cursor-e-resize [[data-side=right][data-state=collapsed]_&]:cursor-w-resize hover:group-data-[collapsible=offcanvas]:bg-sidebar group-data-[collapsible=offcanvas]:translate-x-0 group-data-[collapsible=offcanvas]:after:left-full [[data-side=left][data-collapsible=offcanvas]_&]:-right-2 [[data-side=right][data-collapsible=offcanvas]_&]:-left-2 opacity-0 pointer-events-none"[39m
    [33mdata-sidebar[39m=[32m"rail"[39m
    [33mdata-slot[39m=[32m"sidebar-rail"[39m
    [33mid[39m=[32m"dashboard-sidebar-rail-left"[39m
    [33mtabindex[39m=[32m"0"[39m
    [33mtitle[39m=[32m"Collapse Sidebar"[39m
  [36m/>[39m

  Name "Collapse Sidebar":
  [36m<button[39m
    [33maria-expanded[39m=[32m"true"[39m
    [33maria-label[39m=[32m"Collapse Sidebar"[39m
    [33mclass[39m=[32m"hover:after:bg-sidebar-border absolute inset-y-0 z-20 hidden w-4 -translate-x-1/2 transition-all ease-linear group-data-[side=left]:-right-4 group-data-[side=right]:left-0 after:absolute after:inset-y-0 after:left-1/2 after:w-[2px] sm:flex in-data-[side=left]:cursor-w-resize in-data-[side=right]:cursor-e-resize [[data-side=left][data-state=collapsed]_&]:cursor-e-resize [[data-side=right][data-state=collapsed]_&]:cursor-w-resize hover:group-data-[collapsible=offcanvas]:bg-sidebar group-data-[collapsible=offcanvas]:translate-x-0 group-data-[collapsible=offcanvas]:after:left-full [[data-side=left][data-collapsible=offcanvas]_&]:-right-2 [[data-side=right][data-collapsible=offcanvas]_&]:-left-2 opacity-0 pointer-events-none"[39m
    [33mdata-sidebar[39m=[32m"rail"[39m
    [33mdata-slot[39m=[32m"sidebar-rail"[39m
    [33mid[39m=[32m"dashboard-sidebar-rail-right"[39m
    [33mtabindex[39m=[32m"0"[39m
    [33mtitle[39m=[32m"Collapse Sidebar"[39m
  [36m/>[39m

  Name "Toggle Sidebar":
  [36m<button[39m
    [33mclass[39m=[32m"size-7 h-10 w-10 text-gray-400 hover:text-gray-600 hover:bg-gray-100 rounded-xl"[39m
    [33mdata-sidebar[39m=[32m"trigger"[39m
    [33mdata-slot[39m=[32m"sidebar-trigger"[39m
    [33mid[39m=[32m"sidebar-trigger"[39m
  [36m/>[39m

  Name "":
  [36m<button[39m
    [33maria-controls[39m=[32m"radix-_r_38_"[39m
    [33maria-expanded[39m=[32m"false"[39m
    [33maria-haspopup[39m=[32m"dialog"[39m
    [33mclass[39m=[32m"relative rounded-lg h-9 w-9 text-gray-500 hover:bg-white hover:text-[#E93370] hover:shadow-sm transition-all"[39m
    [33mdata-slot[39m=[32m"popover-trigger"[39m
    [33mdata-state[39m=[32m"closed"[39m
    [33mtype[39m=[32m"button"[39m
  [36m/>[39m

  Name "":
  [36m<button[39m
    [33mclass[39m=[32m"rounded-lg h-9 w-9 text-gray-500 hover:bg-white hover:text-gray-900 hover:shadow-sm transition-all"[39m
  [36m/>[39m

  Name "Manage":
  [36m<button[39m
    [33mclass[39m=[32m"w-full mt-4 bg-white/10 hover:bg-white/20 text-white border-0 h-10 focus-visible:ring-[#E93370] transition-colors"[39m
  [36m/>[39m

  Name "Manage":
  [36m<button[39m
    [33mclass[39m=[32m"w-full mt-4 bg-white/10 hover:bg-white/20 text-white border-0 h-10 focus-visible:ring-[#E93370] transition-colors"[39m
  [36m/>[39m

  Name "Manage":
  [36m<button[39m
    [33mclass[39m=[32m"w-full mt-4 bg-white/10 hover:bg-white/20 text-white border-0 h-10 focus-visible:ring-[#E93370] transition-colors"[39m
  [36m/>[39m

  Name "Manage":
  [36m<button[39m
    [33mclass[39m=[32m"w-full mt-4 bg-white/10 hover:bg-white/20 text-white border-0 h-10 focus-visible:ring-[#E93370] transition-colors"[39m
  [36m/>[39m

  Name "Manage":
  [36m<button[39m
    [33mclass[39m=[32m"w-full mt-4 bg-white/10 hover:bg-white/20 text-white border-0 h-10 focus-visible:ring-[#E93370] transition-colors"[39m
  [36m/>[39m

  Name "Manage":
  [36m<button[39m
    [33mclass[39m=[32m"w-full mt-4 bg-white/10 hover:bg-white/20 text-white border-0 h-10 focus-visible:ring-[#E93370] transition-colors"[39m
  [36m/>[39m

  --------------------------------------------------
  main:

  Name "":
  [36m<main[39m
    [33mclass[39m=[32m"bg-background relative h-svh flex-1 overflow-y-auto overflow-x-hidden md:peer-data-[variant=inset]:m-2 md:peer-data-[variant=inset]:ml-0 md:peer-data-[variant=inset]:rounded-xl md:peer-data-[variant=inset]:shadow-sm md:peer-data-[variant=inset]:peer-data-[state=collapsed]:ml-2 flex flex-col min-h-0"[39m
    [33mdata-slot[39m=[32m"sidebar-inset"[39m
    [33mdata-testid[39m=[32m"admin-main-content"[39m
    [33mid[39m=[32m"dashboard-main-content"[39m
    [33mstyle[39m=[32m"height: 100dvh; overflow-y: auto; overflow-x: hidden;"[39m
  [36m/>[39m

  --------------------------------------------------
  banner:

  Name "":
  [36m<header[39m
    [33mclass[39m=[32m"flex h-20 items-center justify-between gap-4 border-b border-white/5 bg-[#12141a] shadow-lg sticky top-0 z-20 w-full px-6 md:px-12 shrink-0"[39m
    [33mdata-testid[39m=[32m"admin-header"[39m
    [33mid[39m=[32m"dashboard-header"[39m
  [36m/>[39m

  --------------------------------------------------
  navigation:

  Name "breadcrumb":
  [36m<nav[39m
    [33maria-label[39m=[32m"breadcrumb"[39m
    [33mclass[39m=[32m"hidden md:flex"[39m
    [33mdata-slot[39m=[32m"breadcrumb"[39m
  [36m/>[39m

  --------------------------------------------------
  link:

  Name "Dashboard":
  [36m<a[39m
    [33mclass[39m=[32m"text-gray-400 hover:text-gray-900 font-medium transition-colors"[39m
    [33mdata-slot[39m=[32m"breadcrumb-link"[39m
    [33mhref[39m=[32m"/admin/home"[39m
  [36m/>[39m

  --------------------------------------------------
  textbox:

  Name "":
  [36m<input[39m
    [33mclass[39m=[32m"flex border px-3 py-2 text-sm shadow-sm file:border-0 file:bg-black file:text-sm file:font-medium file:text-foreground placeholder:text-muted-foreground focus-visible:outline-none disabled:cursor-not-allowed disabled:opacity-50 pl-10 h-10 w-64 lg:w-80 bg-gray-50 border-gray-200 rounded-xl focus-visible:bg-white focus-visible:ring-2 focus-visible:ring-[#E93370]/10 focus-visible:border-[#E93370] focus-visible:ring-offset-0 transition-all"[39m
    [33mplaceholder[39m=[32m"Search anything..."[39m
  [36m/>[39m

  --------------------------------------------------
  heading:

  Name "Dashboard Overview":
  [36m<h1[39m
    [33mclass[39m=[32m"text-3xl font-bold tracking-normal bg-gradient-to-r from-white to-[#E93370] bg-clip-text text-transparent"[39m
  [36m/>[39m

  Name "Hero Section":
  [36m<h3[39m
    [33mclass[39m=[32m"font-medium"[39m
  [36m/>[39m

  Name "Events Section":
  [36m<h3[39m
    [33mclass[39m=[32m"font-medium"[39m
  [36m/>[39m

  Name "Team Section":
  [36m<h3[39m
    [33mclass[39m=[32m"font-medium"[39m
  [36m/>[39m

  Name "Gallery Section":
  [36m<h3[39m
    [33mclass[39m=[32m"font-medium"[39m
  [36m/>[39m

  Name "Partners Section":
  [36m<h3[39m
    [33mclass[39m=[32m"font-medium"[39m
  [36m/>[39m

  Name "About Section":
  [36m<h3[39m
    [33mclass[39m=[32m"font-medium"[39m
  [36m/>[39m

  --------------------------------------------------
  paragraph:

  Name "":
  [36m<p[39m
    [33mclass[39m=[32m"text-white/60 mt-1"[39m
  [36m/>[39m

  Name "":
  [36m<p[39m
    [33mclass[39m=[32m"text-xs text-green-400 mt-1"[39m
  [36m/>[39m

  Name "":
  [36m<p[39m
    [33mclass[39m=[32m"text-xs text-green-400 mt-1"[39m
  [36m/>[39m

  Name "":
  [36m<p[39m
    [33mclass[39m=[32m"text-xs text-red-400 mt-1"[39m
  [36m/>[39m

  Name "":
  [36m<p[39m
    [33mclass[39m=[32m"text-xs text-green-400 mt-1"[39m
  [36m/>[39m

  Name "":
  [36m<p[39m
    [33mclass[39m=[32m"text-sm font-medium"[39m
  [36m/>[39m

  Name "":
  [36m<p[39m
    [33mclass[39m=[32m"text-xs text-white/40"[39m
  [36m/>[39m

  Name "":
  [36m<p[39m
    [33mclass[39m=[32m"text-sm font-medium"[39m
  [36m/>[39m

  Name "":
  [36m<p[39m
    [33mclass[39m=[32m"text-xs text-white/40"[39m
  [36m/>[39m

  Name "":
  [36m<p[39m
    [33mclass[39m=[32m"text-sm font-medium"[39m
  [36m/>[39m

  Name "":
  [36m<p[39m
    [33mclass[39m=[32m"text-xs text-white/40"[39m
  [36m/>[39m

  Name "":
  [36m<p[39m
    [33mclass[39m=[32m"text-sm text-white/40"[39m
  [36m/>[39m

  Name "":
  [36m<p[39m
    [33mclass[39m=[32m"text-sm text-white/40"[39m
  [36m/>[39m

  Name "":
  [36m<p[39m
    [33mclass[39m=[32m"text-sm text-white/40"[39m
  [36m/>[39m

  Name "":
  [36m<p[39m
    [33mclass[39m=[32m"text-sm text-white/40"[39m
  [36m/>[39m

  Name "":
  [36m<p[39m
    [33mclass[39m=[32m"text-sm text-white/40"[39m
  [36m/>[39m

  Name "":
  [36m<p[39m
    [33mclass[39m=[32m"text-sm text-white/40"[39m
  [36m/>[39m

  --------------------------------------------------

Ignored nodes: comments, script, style
[36m<body[39m
  [33mstyle[39m=[32m"overflow: hidden;"[39m
[36m>[39m
  [36m<div>[39m
    [36m<div[39m
      [33mclass[39m=[32m"group/sidebar-wrapper has-data-[variant=inset]:bg-sidebar flex h-screen max-h-screen overflow-hidden w-full bg-background"[39m
      [33mdata-slot[39m=[32m"sidebar-wrapper"[39m
      [33mdata-testid[39m=[32m"admin-dashboard-layout"[39m
      [33mstyle[39m=[32m"--sidebar-width: 16rem; --sidebar-width-icon: 3rem; height: 100dvh; overflow: hidden;"[39m
    [36m>[39m
      [36m<div[39m
        [33mclass[39m=[32m"group peer text-sidebar-foreground flex w-64 shrink-0 bg-sidebar border-r border-sidebar-border shadow-2xl"[39m
        [33mdata-slot[39m=[32m"sidebar"[39m
        [33mdata-testid[39m=[32m"admin-sidebar"[39m
        [33mid[39m=[32m"dashboard-sidebar"[39m
      [36m>[39m
        [36m<div[39m
          [33mclass[39m=[32m"relative w-64 bg-black"[39m
          [33mdata-slot[39m=[32m"sidebar-gap"[39m
        [36m/>[39m
        [36m<div[39m
          [33mclass[39m=[32m"fixed inset-y-0 left-0 z-30 h-svh w-64 flex bg-sidebar"[39m
          [33mdata-slot[39m=[32m"sidebar-container"[39m
        [36m>[39m
          [36m<div[39m
            [33mclass[39m=[32m"flex h-full w-full flex-col border-r border-sidebar-border bg-sidebar"[39m
            [33mdata-sidebar[39m=[32m"sidebar"[39m
            [33mdata-slot[39m=[32m"sidebar-inner"[39m
          [36m>[39m
            [36m<div[39m
              [33mclass[39m=[32m"p-2 h-20 border-b border-white/5 px-6 flex flex-row items-center gap-4 shrink-0 bg-[#1e2129]"[39m
              [33mdata-sidebar[39m=[32m"header"[39m
              [33mdata-slot[39m=[32m"sidebar-header"[39m
              [33mid[39m=[32m"dashboard-sidebar-header"[39m
            [36m>[39m
              [36m<div[39m
                [33mclass[39m=[32m"flex items-center gap-3 font-bold text-xl overflow-hidden"[39m
                [33mdata-testid[39m=[32m"dashboard-logo"[39m
                [33mid[39m=[32m"dashboard-logo"[39m
              [36m>[39m
                [36m<div[39m
                  [33mclass[39m=[32m"bg-[#E93370] p-1.5 rounded-lg shadow-lg shadow-[#E93370]/20"[39m
                [36m>[39m
                  [36m<img[39m
                    [33malt[39m=[32m"WildOut Logo"[39m
                    [33mclass[39m=[32m"h-6 w-6 object-contain brightness-0 invert"[39m
                    [33mdata-testid[39m=[32m"logo-image"[39m
                    [33mid[39m=[32m"logo-image"[39m
                  [36m/>[39m
                [36m</div>[39m
                [36m<span[39m
                  [33mclass[39m=[32m"whitespace-nowrap tracking-tight text-white font-black italic"[39m
                  [33mdata-testid[39m=[32m"logo-text"[39m
                  [33mid[39m=[32m"logo-text"[39m
                [36m>[39m
                  [0mWILDOUT![0m
                [36m</span>[39m
              [36m</div>[39m
            [36m</div>[39m
            [36m<div[39m
              [33mclass[39m=[32m"flex min-h-0 flex-1 flex-col gap-2 overflow-auto group-data-[collapsible=icon]:overflow-hidden px-3 py-6 overflow-y-auto space-y-8 bg-[#1e2129]"[39m
              [33mdata-sidebar[39m=[32m"content"[39m
              [33mdata-slot[39m=[32m"sidebar-content"[39m
              [33mid[39m=[32m"dashboard-sidebar-content"[39m
            [36m>[39m
              [36m<div[39m
                [33mclass[39m=[32m"space-y-2"[39m
              [36m>[39m
                [36m<span[39m
                  [33mclass[39m=[32m"text-[10px] font-bold text-white/40 uppercase tracking-[0.2em] mb-3 block px-3"[39m
                [36m>[39m
                  [0mCORE FEATURES[0m
                [36m</span>[39m
                [36m<ul[39m
                  [33mclass[39m=[32m"flex w-full min-w-0 flex-col gap-1"[39m
                  [33mdata-sidebar[39m=[32m"menu"[39m
                  [33mdata-slot[39m=[32m"sidebar-menu"[39m
                [36m>[39m
                  [36m<li[39m
                    [33mclass[39m=[32m"group/menu-item relative"[39m
                    [33mdata-sidebar[39m=[32m"menu-item"[39m
                    [33mdata-slot[39m=[32m"sidebar-menu-item"[39m
                    [33mid[39m=[32m"sidebar-menu-item-home"[39m
                  [36m>[39m
                    [36m<button[39m
                      [33maria-current[39m=[32m"page"[39m
                      [33mclass[39m=[32m"peer/menu-button flex w-full items-center gap-2 overflow-hidden p-2 text-left outline-hidden ring-sidebar-ring ease-in-out focus-visible:ring-2 active:bg-sidebar-accent active:text-sidebar-accent-foreground disabled:pointer-events-none disabled:opacity-50 group-has-data-[sidebar=menu-action]/menu-item:pr-8 aria-disabled:pointer-events-none aria-disabled:opacity-50 data-[active=true]:bg-sidebar-accent data-[active=true]:font-medium data-[active=true]:text-sidebar-accent-foreground data-[state=open]:hover:bg-sidebar-accent data-[state=open]:hover:text-sidebar-accent-foreground group-data-[collapsible=icon]:size-8! group-data-[collapsible=icon]:p-2! [&>span:last-child]:truncate [&>svg]:size-4 [&>svg]:shrink-0 transform-gpu hover:bg-sidebar-accent hover:text-sidebar-accent-foreground text-sm group/item h-11 px-4 rounded-xl transition-all duration-200 border bg-white/10 text-white border-white/5 shadow-sm"[39m
                      [33mdata-active[39m=[32m"true"[39m
                      [33mdata-sidebar[39m=[32m"menu-button"[39m
                      [33mdata-size[39m=[32m"default"[39m
                      [33mdata-slot[39m=[32m"sidebar-menu-button"[39m
                      [33mdata-state[39m=[32m"closed"[39m
                      [33mdata-testid[39m=[32m"nav-home"[39m
                      [33mid[39m=[32m"sidebar-menu-button-home"[39m
                    [36m>[39m
                      [36m<div[39m
                        [33mclass[39m=[32m"flex items-center justify-center w-5 h-5 transition-transform duration-200 group-hover/item:scale-110 text-[#E93370]"[39m
                      [36m>[39m
                        [36m<svg[39m
                          [33mclass[39m=[32m"h-4 w-4"[39m
                          [33mdata-testid[39m=[32m"nav-icon-home"[39m
                          [33mid[39m=[32m"nav-icon-home"[39m
                        [36m/>[39m
                      [36m</div>[39m
                      [36m<span[39m
                        [33mclass[39m=[32m"text-sm font-medium tracking-wide flex-grow ml-3"[39m
                        [33mid[39m=[32m"nav-label-home"[39m
                      [36m>[39m
                        [0mDashboard[0m
                      [36m</span>[39m
                    [36m</button>[39m
                  [36m</li>[39m
                [36m</ul>[3...
[90m [2m❯[22m Object.getElementError node_modules/.pnpm/@testing-library+dom@10.4.1/node_modules/@testing-library/dom/dist/config.js:[2m37:19[22m[39m
[90m [2m❯[22m node_modules/.pnpm/@testing-library+dom@10.4.1/node_modules/@testing-library/dom/dist/query-helpers.js:[2m76:38[22m[39m
[90m [2m❯[22m node_modules/.pnpm/@testing-library+dom@10.4.1/node_modules/@testing-library/dom/dist/query-helpers.js:[2m52:17[22m[39m
[90m [2m❯[22m getByRole node_modules/.pnpm/@testing-library+dom@10.4.1/node_modules/@testing-library/dom/dist/query-helpers.js:[2m95:19[22m[39m
[36m [2m❯[22m src/test/AdminDashboard.test.tsx:[2m246:33[22m[39m
    [90m244| [39m    [34mit[39m([32m'should have proper ARIA labels for navigation links'[39m[33m,[39m () [33m=>[39m {
    [90m245| [39m      [34mrenderAdminDashboard[39m()[33m;[39m
    [90m246| [39m      const backButton = screen.getByRole('menuitem', { name: /back to…
    [90m   | [39m                                [31m^[39m
    [90m247| [39m      expect(backButton).toHaveAttribute('aria-label', 'Back to websit…
    [90m248| [39m

[31m[2m⎯⎯⎯⎯⎯⎯⎯⎯⎯⎯⎯⎯⎯⎯⎯⎯⎯⎯⎯⎯⎯⎯[15/28]⎯[22m[39m

[41m[1m FAIL [22m[49m src/test/AdminDashboard.test.tsx[2m > [22mAdminDashboard[2m > [22mAccessibility[2m > [22mshould indicate current page with ARIA current
[31m[1mTestingLibraryElementError[22m[39m: Unable to find an accessible element with the role "menuitem"

Here are the accessible roles:

  img:

  Name "WildOut Logo":
  [36m<img[39m
    [33malt[39m=[32m"WildOut Logo"[39m
    [33mclass[39m=[32m"h-6 w-6 object-contain brightness-0 invert"[39m
    [33mdata-testid[39m=[32m"logo-image"[39m
    [33mid[39m=[32m"logo-image"[39m
  [36m/>[39m

  --------------------------------------------------
  list:

  Name "":
  [36m<ul[39m
    [33mclass[39m=[32m"flex w-full min-w-0 flex-col gap-1"[39m
    [33mdata-sidebar[39m=[32m"menu"[39m
    [33mdata-slot[39m=[32m"sidebar-menu"[39m
  [36m/>[39m

  Name "":
  [36m<ul[39m
    [33mclass[39m=[32m"flex w-full min-w-0 flex-col gap-1"[39m
    [33mdata-sidebar[39m=[32m"menu"[39m
    [33mdata-slot[39m=[32m"sidebar-menu"[39m
  [36m/>[39m

  Name "":
  [36m<ul[39m
    [33mclass[39m=[32m"flex w-full min-w-0 flex-col gap-1"[39m
    [33mdata-sidebar[39m=[32m"menu"[39m
    [33mdata-slot[39m=[32m"sidebar-menu"[39m
  [36m/>[39m

  Name "":
  [36m<ul[39m
    [33mclass[39m=[32m"flex w-full min-w-0 flex-col gap-2"[39m
    [33mdata-sidebar[39m=[32m"menu"[39m
    [33mdata-slot[39m=[32m"sidebar-menu"[39m
    [33mid[39m=[32m"dashboard-sidebar-footer-menu"[39m
  [36m/>[39m

  Name "":
  [36m<ol[39m
    [33mclass[39m=[32m"text-muted-foreground flex flex-wrap items-center gap-1.5 text-sm break-words sm:gap-2.5"[39m
    [33mdata-slot[39m=[32m"breadcrumb-list"[39m
  [36m/>[39m

  --------------------------------------------------
  listitem:

  Name "":
  [36m<li[39m
    [33mclass[39m=[32m"group/menu-item relative"[39m
    [33mdata-sidebar[39m=[32m"menu-item"[39m
    [33mdata-slot[39m=[32m"sidebar-menu-item"[39m
    [33mid[39m=[32m"sidebar-menu-item-home"[39m
  [36m/>[39m

  Name "":
  [36m<li[39m
    [33mclass[39m=[32m"group/menu-item relative"[39m
    [33mdata-sidebar[39m=[32m"menu-item"[39m
    [33mdata-slot[39m=[32m"sidebar-menu-item"[39m
    [33mid[39m=[32m"sidebar-menu-item-events"[39m
  [36m/>[39m

  Name "":
  [36m<li[39m
    [33mclass[39m=[32m"group/menu-item relative"[39m
    [33mdata-sidebar[39m=[32m"menu-item"[39m
    [33mdata-slot[39m=[32m"sidebar-menu-item"[39m
    [33mid[39m=[32m"sidebar-menu-item-settings"[39m
  [36m/>[39m

  Name "":
  [36m<li[39m
    [33mclass[39m=[32m"group/menu-item relative"[39m
    [33mdata-sidebar[39m=[32m"menu-item"[39m
    [33mdata-slot[39m=[32m"sidebar-menu-item"[39m
    [33mid[39m=[32m"sidebar-menu-item-back-to-site"[39m
  [36m/>[39m

  Name "":
  [36m<li[39m
    [33mclass[39m=[32m"group/menu-item relative"[39m
    [33mdata-sidebar[39m=[32m"menu-item"[39m
    [33mdata-slot[39m=[32m"sidebar-menu-item"[39m
    [33mid[39m=[32m"sidebar-menu-item-user-profile"[39m
  [36m/>[39m

  Name "":
  [36m<li[39m
    [33mclass[39m=[32m"inline-flex items-center gap-1.5"[39m
    [33mdata-slot[39m=[32m"breadcrumb-item"[39m
  [36m/>[39m

  --------------------------------------------------
  button:

  Name "Dashboard":
  [36m<button[39m
    [33maria-current[39m=[32m"page"[39m
    [33mclass[39m=[32m"peer/menu-button flex w-full items-center gap-2 overflow-hidden p-2 text-left outline-hidden ring-sidebar-ring ease-in-out focus-visible:ring-2 active:bg-sidebar-accent active:text-sidebar-accent-foreground disabled:pointer-events-none disabled:opacity-50 group-has-data-[sidebar=menu-action]/menu-item:pr-8 aria-disabled:pointer-events-none aria-disabled:opacity-50 data-[active=true]:bg-sidebar-accent data-[active=true]:font-medium data-[active=true]:text-sidebar-accent-foreground data-[state=open]:hover:bg-sidebar-accent data-[state=open]:hover:text-sidebar-accent-foreground group-data-[collapsible=icon]:size-8! group-data-[collapsible=icon]:p-2! [&>span:last-child]:truncate [&>svg]:size-4 [&>svg]:shrink-0 transform-gpu hover:bg-sidebar-accent hover:text-sidebar-accent-foreground text-sm group/item h-11 px-4 rounded-xl transition-all duration-200 border bg-white/10 text-white border-white/5 shadow-sm"[39m
    [33mdata-active[39m=[32m"true"[39m
    [33mdata-sidebar[39m=[32m"menu-button"[39m
    [33mdata-size[39m=[32m"default"[39m
    [33mdata-slot[39m=[32m"sidebar-menu-button"[39m
    [33mdata-state[39m=[32m"closed"[39m
    [33mdata-testid[39m=[32m"nav-home"[39m
    [33mid[39m=[32m"sidebar-menu-button-home"[39m
  [36m/>[39m

  Name "Events 5":
  [36m<button[39m
    [33mclass[39m=[32m"peer/menu-button flex w-full items-center gap-2 overflow-hidden p-2 text-left outline-hidden ring-sidebar-ring ease-in-out focus-visible:ring-2 active:bg-sidebar-accent active:text-sidebar-accent-foreground disabled:pointer-events-none disabled:opacity-50 group-has-data-[sidebar=menu-action]/menu-item:pr-8 aria-disabled:pointer-events-none aria-disabled:opacity-50 data-[active=true]:bg-sidebar-accent data-[active=true]:font-medium data-[active=true]:text-sidebar-accent-foreground data-[state=open]:hover:bg-sidebar-accent data-[state=open]:hover:text-sidebar-accent-foreground group-data-[collapsible=icon]:size-8! group-data-[collapsible=icon]:p-2! [&>span:last-child]:truncate [&>svg]:size-4 [&>svg]:shrink-0 transform-gpu text-sm group/item h-11 px-4 rounded-xl transition-all duration-200 border border-transparent text-white/60 hover:text-white hover:bg-white/5"[39m
    [33mdata-active[39m=[32m"false"[39m
    [33mdata-sidebar[39m=[32m"menu-button"[39m
    [33mdata-size[39m=[32m"default"[39m
    [33mdata-slot[39m=[32m"sidebar-menu-button"[39m
    [33mdata-state[39m=[32m"closed"[39m
    [33mdata-testid[39m=[32m"nav-events"[39m
    [33mid[39m=[32m"sidebar-menu-button-events"[39m
  [36m/>[39m

  Name "Settings":
  [36m<button[39m
    [33mclass[39m=[32m"peer/menu-button flex w-full items-center gap-2 overflow-hidden p-2 text-left outline-hidden ring-sidebar-ring ease-in-out focus-visible:ring-2 active:bg-sidebar-accent active:text-sidebar-accent-foreground disabled:pointer-events-none disabled:opacity-50 group-has-data-[sidebar=menu-action]/menu-item:pr-8 aria-disabled:pointer-events-none aria-disabled:opacity-50 data-[active=true]:bg-sidebar-accent data-[active=true]:font-medium data-[active=true]:text-sidebar-accent-foreground data-[state=open]:hover:bg-sidebar-accent data-[state=open]:hover:text-sidebar-accent-foreground group-data-[collapsible=icon]:size-8! group-data-[collapsible=icon]:p-2! [&>span:last-child]:truncate [&>svg]:size-4 [&>svg]:shrink-0 transform-gpu text-sm group/item h-11 px-4 rounded-xl transition-all duration-200 border border-transparent text-white/60 hover:text-white hover:bg-white/5"[39m
    [33mdata-active[39m=[32m"false"[39m
    [33mdata-sidebar[39m=[32m"menu-button"[39m
    [33mdata-size[39m=[32m"default"[39m
    [33mdata-slot[39m=[32m"sidebar-menu-button"[39m
    [33mdata-state[39m=[32m"closed"[39m
    [33mdata-testid[39m=[32m"nav-settings"[39m
    [33mid[39m=[32m"sidebar-menu-button-settings"[39m
  [36m/>[39m

  Name "Back to Website":
  [36m<button[39m
    [33mclass[39m=[32m"peer/menu-button flex w-full items-center gap-2 overflow-hidden p-2 text-left outline-hidden ring-sidebar-ring ease-in-out focus-visible:ring-2 active:bg-sidebar-accent active:text-sidebar-accent-foreground disabled:pointer-events-none disabled:opacity-50 group-has-data-[sidebar=menu-action]/menu-item:pr-8 aria-disabled:pointer-events-none aria-disabled:opacity-50 data-[active=true]:bg-sidebar-accent data-[active=true]:font-medium data-[active=true]:text-sidebar-accent-foreground data-[state=open]:hover:bg-sidebar-accent data-[state=open]:hover:text-sidebar-accent-foreground group-data-[collapsible=icon]:size-8! group-data-[collapsible=icon]:p-2! [&>span:last-child]:truncate [&>svg]:size-4 [&>svg]:shrink-0 transform-gpu text-sm h-10 px-4 rounded-xl text-white/50 hover:text-white hover:bg-white/5 transition-all duration-200"[39m
    [33mdata-active[39m=[32m"false"[39m
    [33mdata-sidebar[39m=[32m"menu-button"[39m
    [33mdata-size[39m=[32m"default"[39m
    [33mdata-slot[39m=[32m"sidebar-menu-button"[39m
    [33mdata-state[39m=[32m"closed"[39m
    [33mdata-testid[39m=[32m"back-to-site-button"[39m
    [33mid[39m=[32m"sidebar-menu-button-back-to-site"[39m
  [36m/>[39m

  Name "A ADMIN USERadmin@wildoutproject.com":
  [36m<button[39m
    [33maria-expanded[39m=[32m"false"[39m
    [33maria-haspopup[39m=[32m"menu"[39m
    [33mclass[39m=[32m"peer/menu-button flex w-full items-center gap-2 overflow-hidden p-2 text-left outline-hidden ring-sidebar-ring ease-in-out focus-visible:ring-2 active:bg-sidebar-accent active:text-sidebar-accent-foreground disabled:pointer-events-none disabled:opacity-50 group-has-data-[sidebar=menu-action]/menu-item:pr-8 aria-disabled:pointer-events-none aria-disabled:opacity-50 data-[active=true]:bg-sidebar-accent data-[active=true]:font-medium data-[active=true]:text-sidebar-accent-foreground data-[state=open]:hover:bg-sidebar-accent data-[state=open]:hover:text-sidebar-accent-foreground group-data-[collapsible=icon]:size-8! [&>span:last-child]:truncate [&>svg]:size-4 [&>svg]:shrink-0 transform-gpu hover:text-sidebar-accent-foreground text-sm group-data-[collapsible=icon]:p-0! h-14 px-3 rounded-xl bg-white/5 border border-white/10 hover:bg-white/10 transition-all duration-200"[39m
    [33mdata-active[39m=[32m"false"[39m
    [33mdata-sidebar[39m=[32m"menu-button"[39m
    [33mdata-size[39m=[32m"lg"[39m
    [33mdata-slot[39m=[32m"dropdown-menu-trigger"[39m
    [33mdata-state[39m=[32m"closed"[39m
    [33mdata-testid[39m=[32m"user-menu-button"[39m
    [33mid[39m=[32m"user-menu-trigger"[39m
    [33mtype[39m=[32m"button"[39m
  [36m/>[39m

  Name "Collapse Sidebar":
  [36m<button[39m
    [33maria-expanded[39m=[32m"true"[39m
    [33maria-label[39m=[32m"Collapse Sidebar"[39m
    [33mclass[39m=[32m"hover:after:bg-sidebar-border absolute inset-y-0 z-20 hidden w-4 -translate-x-1/2 transition-all ease-linear group-data-[side=left]:-right-4 group-data-[side=right]:left-0 after:absolute after:inset-y-0 after:left-1/2 after:w-[2px] sm:flex in-data-[side=left]:cursor-w-resize in-data-[side=right]:cursor-e-resize [[data-side=left][data-state=collapsed]_&]:cursor-e-resize [[data-side=right][data-state=collapsed]_&]:cursor-w-resize hover:group-data-[collapsible=offcanvas]:bg-sidebar group-data-[collapsible=offcanvas]:translate-x-0 group-data-[collapsible=offcanvas]:after:left-full [[data-side=left][data-collapsible=offcanvas]_&]:-right-2 [[data-side=right][data-collapsible=offcanvas]_&]:-left-2 opacity-0 pointer-events-none"[39m
    [33mdata-sidebar[39m=[32m"rail"[39m
    [33mdata-slot[39m=[32m"sidebar-rail"[39m
    [33mid[39m=[32m"dashboard-sidebar-rail-left"[39m
    [33mtabindex[39m=[32m"0"[39m
    [33mtitle[39m=[32m"Collapse Sidebar"[39m
  [36m/>[39m

  Name "Collapse Sidebar":
  [36m<button[39m
    [33maria-expanded[39m=[32m"true"[39m
    [33maria-label[39m=[32m"Collapse Sidebar"[39m
    [33mclass[39m=[32m"hover:after:bg-sidebar-border absolute inset-y-0 z-20 hidden w-4 -translate-x-1/2 transition-all ease-linear group-data-[side=left]:-right-4 group-data-[side=right]:left-0 after:absolute after:inset-y-0 after:left-1/2 after:w-[2px] sm:flex in-data-[side=left]:cursor-w-resize in-data-[side=right]:cursor-e-resize [[data-side=left][data-state=collapsed]_&]:cursor-e-resize [[data-side=right][data-state=collapsed]_&]:cursor-w-resize hover:group-data-[collapsible=offcanvas]:bg-sidebar group-data-[collapsible=offcanvas]:translate-x-0 group-data-[collapsible=offcanvas]:after:left-full [[data-side=left][data-collapsible=offcanvas]_&]:-right-2 [[data-side=right][data-collapsible=offcanvas]_&]:-left-2 opacity-0 pointer-events-none"[39m
    [33mdata-sidebar[39m=[32m"rail"[39m
    [33mdata-slot[39m=[32m"sidebar-rail"[39m
    [33mid[39m=[32m"dashboard-sidebar-rail-right"[39m
    [33mtabindex[39m=[32m"0"[39m
    [33mtitle[39m=[32m"Collapse Sidebar"[39m
  [36m/>[39m

  Name "Toggle Sidebar":
  [36m<button[39m
    [33mclass[39m=[32m"size-7 h-10 w-10 text-gray-400 hover:text-gray-600 hover:bg-gray-100 rounded-xl"[39m
    [33mdata-sidebar[39m=[32m"trigger"[39m
    [33mdata-slot[39m=[32m"sidebar-trigger"[39m
    [33mid[39m=[32m"sidebar-trigger"[39m
  [36m/>[39m

  Name "":
  [36m<button[39m
    [33maria-controls[39m=[32m"radix-_r_3f_"[39m
    [33maria-expanded[39m=[32m"false"[39m
    [33maria-haspopup[39m=[32m"dialog"[39m
    [33mclass[39m=[32m"relative rounded-lg h-9 w-9 text-gray-500 hover:bg-white hover:text-[#E93370] hover:shadow-sm transition-all"[39m
    [33mdata-slot[39m=[32m"popover-trigger"[39m
    [33mdata-state[39m=[32m"closed"[39m
    [33mtype[39m=[32m"button"[39m
  [36m/>[39m

  Name "":
  [36m<button[39m
    [33mclass[39m=[32m"rounded-lg h-9 w-9 text-gray-500 hover:bg-white hover:text-gray-900 hover:shadow-sm transition-all"[39m
  [36m/>[39m

  Name "Manage":
  [36m<button[39m
    [33mclass[39m=[32m"w-full mt-4 bg-white/10 hover:bg-white/20 text-white border-0 h-10 focus-visible:ring-[#E93370] transition-colors"[39m
  [36m/>[39m

  Name "Manage":
  [36m<button[39m
    [33mclass[39m=[32m"w-full mt-4 bg-white/10 hover:bg-white/20 text-white border-0 h-10 focus-visible:ring-[#E93370] transition-colors"[39m
  [36m/>[39m

  Name "Manage":
  [36m<button[39m
    [33mclass[39m=[32m"w-full mt-4 bg-white/10 hover:bg-white/20 text-white border-0 h-10 focus-visible:ring-[#E93370] transition-colors"[39m
  [36m/>[39m

  Name "Manage":
  [36m<button[39m
    [33mclass[39m=[32m"w-full mt-4 bg-white/10 hover:bg-white/20 text-white border-0 h-10 focus-visible:ring-[#E93370] transition-colors"[39m
  [36m/>[39m

  Name "Manage":
  [36m<button[39m
    [33mclass[39m=[32m"w-full mt-4 bg-white/10 hover:bg-white/20 text-white border-0 h-10 focus-visible:ring-[#E93370] transition-colors"[39m
  [36m/>[39m

  Name "Manage":
  [36m<button[39m
    [33mclass[39m=[32m"w-full mt-4 bg-white/10 hover:bg-white/20 text-white border-0 h-10 focus-visible:ring-[#E93370] transition-colors"[39m
  [36m/>[39m

  --------------------------------------------------
  main:

  Name "":
  [36m<main[39m
    [33mclass[39m=[32m"bg-background relative h-svh flex-1 overflow-y-auto overflow-x-hidden md:peer-data-[variant=inset]:m-2 md:peer-data-[variant=inset]:ml-0 md:peer-data-[variant=inset]:rounded-xl md:peer-data-[variant=inset]:shadow-sm md:peer-data-[variant=inset]:peer-data-[state=collapsed]:ml-2 flex flex-col min-h-0"[39m
    [33mdata-slot[39m=[32m"sidebar-inset"[39m
    [33mdata-testid[39m=[32m"admin-main-content"[39m
    [33mid[39m=[32m"dashboard-main-content"[39m
    [33mstyle[39m=[32m"height: 100dvh; overflow-y: auto; overflow-x: hidden;"[39m
  [36m/>[39m

  --------------------------------------------------
  banner:

  Name "":
  [36m<header[39m
    [33mclass[39m=[32m"flex h-20 items-center justify-between gap-4 border-b border-white/5 bg-[#12141a] shadow-lg sticky top-0 z-20 w-full px-6 md:px-12 shrink-0"[39m
    [33mdata-testid[39m=[32m"admin-header"[39m
    [33mid[39m=[32m"dashboard-header"[39m
  [36m/>[39m

  --------------------------------------------------
  navigation:

  Name "breadcrumb":
  [36m<nav[39m
    [33maria-label[39m=[32m"breadcrumb"[39m
    [33mclass[39m=[32m"hidden md:flex"[39m
    [33mdata-slot[39m=[32m"breadcrumb"[39m
  [36m/>[39m

  --------------------------------------------------
  link:

  Name "Dashboard":
  [36m<a[39m
    [33mclass[39m=[32m"text-gray-400 hover:text-gray-900 font-medium transition-colors"[39m
    [33mdata-slot[39m=[32m"breadcrumb-link"[39m
    [33mhref[39m=[32m"/admin/home"[39m
  [36m/>[39m

  --------------------------------------------------
  textbox:

  Name "":
  [36m<input[39m
    [33mclass[39m=[32m"flex border px-3 py-2 text-sm shadow-sm file:border-0 file:bg-black file:text-sm file:font-medium file:text-foreground placeholder:text-muted-foreground focus-visible:outline-none disabled:cursor-not-allowed disabled:opacity-50 pl-10 h-10 w-64 lg:w-80 bg-gray-50 border-gray-200 rounded-xl focus-visible:bg-white focus-visible:ring-2 focus-visible:ring-[#E93370]/10 focus-visible:border-[#E93370] focus-visible:ring-offset-0 transition-all"[39m
    [33mplaceholder[39m=[32m"Search anything..."[39m
  [36m/>[39m

  --------------------------------------------------
  heading:

  Name "Dashboard Overview":
  [36m<h1[39m
    [33mclass[39m=[32m"text-3xl font-bold tracking-normal bg-gradient-to-r from-white to-[#E93370] bg-clip-text text-transparent"[39m
  [36m/>[39m

  Name "Hero Section":
  [36m<h3[39m
    [33mclass[39m=[32m"font-medium"[39m
  [36m/>[39m

  Name "Events Section":
  [36m<h3[39m
    [33mclass[39m=[32m"font-medium"[39m
  [36m/>[39m

  Name "Team Section":
  [36m<h3[39m
    [33mclass[39m=[32m"font-medium"[39m
  [36m/>[39m

  Name "Gallery Section":
  [36m<h3[39m
    [33mclass[39m=[32m"font-medium"[39m
  [36m/>[39m

  Name "Partners Section":
  [36m<h3[39m
    [33mclass[39m=[32m"font-medium"[39m
  [36m/>[39m

  Name "About Section":
  [36m<h3[39m
    [33mclass[39m=[32m"font-medium"[39m
  [36m/>[39m

  --------------------------------------------------
  paragraph:

  Name "":
  [36m<p[39m
    [33mclass[39m=[32m"text-white/60 mt-1"[39m
  [36m/>[39m

  Name "":
  [36m<p[39m
    [33mclass[39m=[32m"text-xs text-green-400 mt-1"[39m
  [36m/>[39m

  Name "":
  [36m<p[39m
    [33mclass[39m=[32m"text-xs text-green-400 mt-1"[39m
  [36m/>[39m

  Name "":
  [36m<p[39m
    [33mclass[39m=[32m"text-xs text-red-400 mt-1"[39m
  [36m/>[39m

  Name "":
  [36m<p[39m
    [33mclass[39m=[32m"text-xs text-green-400 mt-1"[39m
  [36m/>[39m

  Name "":
  [36m<p[39m
    [33mclass[39m=[32m"text-sm font-medium"[39m
  [36m/>[39m

  Name "":
  [36m<p[39m
    [33mclass[39m=[32m"text-xs text-white/40"[39m
  [36m/>[39m

  Name "":
  [36m<p[39m
    [33mclass[39m=[32m"text-sm font-medium"[39m
  [36m/>[39m

  Name "":
  [36m<p[39m
    [33mclass[39m=[32m"text-xs text-white/40"[39m
  [36m/>[39m

  Name "":
  [36m<p[39m
    [33mclass[39m=[32m"text-sm font-medium"[39m
  [36m/>[39m

  Name "":
  [36m<p[39m
    [33mclass[39m=[32m"text-xs text-white/40"[39m
  [36m/>[39m

  Name "":
  [36m<p[39m
    [33mclass[39m=[32m"text-sm text-white/40"[39m
  [36m/>[39m

  Name "":
  [36m<p[39m
    [33mclass[39m=[32m"text-sm text-white/40"[39m
  [36m/>[39m

  Name "":
  [36m<p[39m
    [33mclass[39m=[32m"text-sm text-white/40"[39m
  [36m/>[39m

  Name "":
  [36m<p[39m
    [33mclass[39m=[32m"text-sm text-white/40"[39m
  [36m/>[39m

  Name "":
  [36m<p[39m
    [33mclass[39m=[32m"text-sm text-white/40"[39m
  [36m/>[39m

  Name "":
  [36m<p[39m
    [33mclass[39m=[32m"text-sm text-white/40"[39m
  [36m/>[39m

  --------------------------------------------------

Ignored nodes: comments, script, style
[36m<body[39m
  [33mstyle[39m=[32m"overflow: hidden;"[39m
[36m>[39m
  [36m<div>[39m
    [36m<div[39m
      [33mclass[39m=[32m"group/sidebar-wrapper has-data-[variant=inset]:bg-sidebar flex h-screen max-h-screen overflow-hidden w-full bg-background"[39m
      [33mdata-slot[39m=[32m"sidebar-wrapper"[39m
      [33mdata-testid[39m=[32m"admin-dashboard-layout"[39m
      [33mstyle[39m=[32m"--sidebar-width: 16rem; --sidebar-width-icon: 3rem; height: 100dvh; overflow: hidden;"[39m
    [36m>[39m
      [36m<div[39m
        [33mclass[39m=[32m"group peer text-sidebar-foreground flex w-64 shrink-0 bg-sidebar border-r border-sidebar-border shadow-2xl"[39m
        [33mdata-slot[39m=[32m"sidebar"[39m
        [33mdata-testid[39m=[32m"admin-sidebar"[39m
        [33mid[39m=[32m"dashboard-sidebar"[39m
      [36m>[39m
        [36m<div[39m
          [33mclass[39m=[32m"relative w-64 bg-black"[39m
          [33mdata-slot[39m=[32m"sidebar-gap"[39m
        [36m/>[39m
        [36m<div[39m
          [33mclass[39m=[32m"fixed inset-y-0 left-0 z-30 h-svh w-64 flex bg-sidebar"[39m
          [33mdata-slot[39m=[32m"sidebar-container"[39m
        [36m>[39m
          [36m<div[39m
            [33mclass[39m=[32m"flex h-full w-full flex-col border-r border-sidebar-border bg-sidebar"[39m
            [33mdata-sidebar[39m=[32m"sidebar"[39m
            [33mdata-slot[39m=[32m"sidebar-inner"[39m
          [36m>[39m
            [36m<div[39m
              [33mclass[39m=[32m"p-2 h-20 border-b border-white/5 px-6 flex flex-row items-center gap-4 shrink-0 bg-[#1e2129]"[39m
              [33mdata-sidebar[39m=[32m"header"[39m
              [33mdata-slot[39m=[32m"sidebar-header"[39m
              [33mid[39m=[32m"dashboard-sidebar-header"[39m
            [36m>[39m
              [36m<div[39m
                [33mclass[39m=[32m"flex items-center gap-3 font-bold text-xl overflow-hidden"[39m
                [33mdata-testid[39m=[32m"dashboard-logo"[39m
                [33mid[39m=[32m"dashboard-logo"[39m
              [36m>[39m
                [36m<div[39m
                  [33mclass[39m=[32m"bg-[#E93370] p-1.5 rounded-lg shadow-lg shadow-[#E93370]/20"[39m
                [36m>[39m
                  [36m<img[39m
                    [33malt[39m=[32m"WildOut Logo"[39m
                    [33mclass[39m=[32m"h-6 w-6 object-contain brightness-0 invert"[39m
                    [33mdata-testid[39m=[32m"logo-image"[39m
                    [33mid[39m=[32m"logo-image"[39m
                  [36m/>[39m
                [36m</div>[39m
                [36m<span[39m
                  [33mclass[39m=[32m"whitespace-nowrap tracking-tight text-white font-black italic"[39m
                  [33mdata-testid[39m=[32m"logo-text"[39m
                  [33mid[39m=[32m"logo-text"[39m
                [36m>[39m
                  [0mWILDOUT![0m
                [36m</span>[39m
              [36m</div>[39m
            [36m</div>[39m
            [36m<div[39m
              [33mclass[39m=[32m"flex min-h-0 flex-1 flex-col gap-2 overflow-auto group-data-[collapsible=icon]:overflow-hidden px-3 py-6 overflow-y-auto space-y-8 bg-[#1e2129]"[39m
              [33mdata-sidebar[39m=[32m"content"[39m
              [33mdata-slot[39m=[32m"sidebar-content"[39m
              [33mid[39m=[32m"dashboard-sidebar-content"[39m
            [36m>[39m
              [36m<div[39m
                [33mclass[39m=[32m"space-y-2"[39m
              [36m>[39m
                [36m<span[39m
                  [33mclass[39m=[32m"text-[10px] font-bold text-white/40 uppercase tracking-[0.2em] mb-3 block px-3"[39m
                [36m>[39m
                  [0mCORE FEATURES[0m
                [36m</span>[39m
                [36m<ul[39m
                  [33mclass[39m=[32m"flex w-full min-w-0 flex-col gap-1"[39m
                  [33mdata-sidebar[39m=[32m"menu"[39m
                  [33mdata-slot[39m=[32m"sidebar-menu"[39m
                [36m>[39m
                  [36m<li[39m
                    [33mclass[39m=[32m"group/menu-item relative"[39m
                    [33mdata-sidebar[39m=[32m"menu-item"[39m
                    [33mdata-slot[39m=[32m"sidebar-menu-item"[39m
                    [33mid[39m=[32m"sidebar-menu-item-home"[39m
                  [36m>[39m
                    [36m<button[39m
                      [33maria-current[39m=[32m"page"[39m
                      [33mclass[39m=[32m"peer/menu-button flex w-full items-center gap-2 overflow-hidden p-2 text-left outline-hidden ring-sidebar-ring ease-in-out focus-visible:ring-2 active:bg-sidebar-accent active:text-sidebar-accent-foreground disabled:pointer-events-none disabled:opacity-50 group-has-data-[sidebar=menu-action]/menu-item:pr-8 aria-disabled:pointer-events-none aria-disabled:opacity-50 data-[active=true]:bg-sidebar-accent data-[active=true]:font-medium data-[active=true]:text-sidebar-accent-foreground data-[state=open]:hover:bg-sidebar-accent data-[state=open]:hover:text-sidebar-accent-foreground group-data-[collapsible=icon]:size-8! group-data-[collapsible=icon]:p-2! [&>span:last-child]:truncate [&>svg]:size-4 [&>svg]:shrink-0 transform-gpu hover:bg-sidebar-accent hover:text-sidebar-accent-foreground text-sm group/item h-11 px-4 rounded-xl transition-all duration-200 border bg-white/10 text-white border-white/5 shadow-sm"[39m
                      [33mdata-active[39m=[32m"true"[39m
                      [33mdata-sidebar[39m=[32m"menu-button"[39m
                      [33mdata-size[39m=[32m"default"[39m
                      [33mdata-slot[39m=[32m"sidebar-menu-button"[39m
                      [33mdata-state[39m=[32m"closed"[39m
                      [33mdata-testid[39m=[32m"nav-home"[39m
                      [33mid[39m=[32m"sidebar-menu-button-home"[39m
                    [36m>[39m
                      [36m<div[39m
                        [33mclass[39m=[32m"flex items-center justify-center w-5 h-5 transition-transform duration-200 group-hover/item:scale-110 text-[#E93370]"[39m
                      [36m>[39m
                        [36m<svg[39m
                          [33mclass[39m=[32m"h-4 w-4"[39m
                          [33mdata-testid[39m=[32m"nav-icon-home"[39m
                          [33mid[39m=[32m"nav-icon-home"[39m
                        [36m/>[39m
                      [36m</div>[39m
                      [36m<span[39m
                        [33mclass[39m=[32m"text-sm font-medium tracking-wide flex-grow ml-3"[39m
                        [33mid[39m=[32m"nav-label-home"[39m
                      [36m>[39m
                        [0mDashboard[0m
                      [36m</span>[39m
                    [36m</button>[39m
                  [36m</li>[39m
                [36m</ul>[3...
[90m [2m❯[22m Object.getElementError node_modules/.pnpm/@testing-library+dom@10.4.1/node_modules/@testing-library/dom/dist/config.js:[2m37:19[22m[39m
[90m [2m❯[22m node_modules/.pnpm/@testing-library+dom@10.4.1/node_modules/@testing-library/dom/dist/query-helpers.js:[2m76:38[22m[39m
[90m [2m❯[22m node_modules/.pnpm/@testing-library+dom@10.4.1/node_modules/@testing-library/dom/dist/query-helpers.js:[2m52:17[22m[39m
[90m [2m❯[22m getByRole node_modules/.pnpm/@testing-library+dom@10.4.1/node_modules/@testing-library/dom/dist/query-helpers.js:[2m95:19[22m[39m
[36m [2m❯[22m src/test/AdminDashboard.test.tsx:[2m255:34[22m[39m
    [90m253| [39m    [34mit[39m([32m'should indicate current page with ARIA current'[39m[33m,[39m () [33m=>[39m {
    [90m254| [39m      [34mrenderAdminDashboard[39m()[33m;[39m
    [90m255| [39m      const currentItem = screen.getByRole('menuitem', { current: 'pag…
    [90m   | [39m                                 [31m^[39m
    [90m256| [39m      [34mexpect[39m(currentItem)[33m.[39m[34mtoHaveAttribute[39m([32m'aria-current'[39m[33m,[39m [32m'page'[39m)[33m;[39m
    [90m257| [39m      [34mexpect[39m(currentItem[33m.[39mtextContent)[33m.[39m[34mtoMatch[39m([36m/Dashboard/i[39m)[33m;[39m

[31m[2m⎯⎯⎯⎯⎯⎯⎯⎯⎯⎯⎯⎯⎯⎯⎯⎯⎯⎯⎯⎯⎯⎯[16/28]⎯[22m[39m

[41m[1m FAIL [22m[49m src/test/AdminDashboard.test.tsx[2m > [22mAdminDashboard[2m > [22mAccessibility[2m > [22mshould handle keyboard navigation with Enter key
[31m[1mTestingLibraryElementError[22m[39m: Unable to find an accessible element with the role "menuitem" and name `/Events/i`

Here are the accessible roles:

  img:

  Name "WildOut Logo":
  [36m<img[39m
    [33malt[39m=[32m"WildOut Logo"[39m
    [33mclass[39m=[32m"h-6 w-6 object-contain brightness-0 invert"[39m
    [33mdata-testid[39m=[32m"logo-image"[39m
    [33mid[39m=[32m"logo-image"[39m
  [36m/>[39m

  --------------------------------------------------
  list:

  Name "":
  [36m<ul[39m
    [33mclass[39m=[32m"flex w-full min-w-0 flex-col gap-1"[39m
    [33mdata-sidebar[39m=[32m"menu"[39m
    [33mdata-slot[39m=[32m"sidebar-menu"[39m
  [36m/>[39m

  Name "":
  [36m<ul[39m
    [33mclass[39m=[32m"flex w-full min-w-0 flex-col gap-1"[39m
    [33mdata-sidebar[39m=[32m"menu"[39m
    [33mdata-slot[39m=[32m"sidebar-menu"[39m
  [36m/>[39m

  Name "":
  [36m<ul[39m
    [33mclass[39m=[32m"flex w-full min-w-0 flex-col gap-1"[39m
    [33mdata-sidebar[39m=[32m"menu"[39m
    [33mdata-slot[39m=[32m"sidebar-menu"[39m
  [36m/>[39m

  Name "":
  [36m<ul[39m
    [33mclass[39m=[32m"flex w-full min-w-0 flex-col gap-2"[39m
    [33mdata-sidebar[39m=[32m"menu"[39m
    [33mdata-slot[39m=[32m"sidebar-menu"[39m
    [33mid[39m=[32m"dashboard-sidebar-footer-menu"[39m
  [36m/>[39m

  Name "":
  [36m<ol[39m
    [33mclass[39m=[32m"text-muted-foreground flex flex-wrap items-center gap-1.5 text-sm break-words sm:gap-2.5"[39m
    [33mdata-slot[39m=[32m"breadcrumb-list"[39m
  [36m/>[39m

  --------------------------------------------------
  listitem:

  Name "":
  [36m<li[39m
    [33mclass[39m=[32m"group/menu-item relative"[39m
    [33mdata-sidebar[39m=[32m"menu-item"[39m
    [33mdata-slot[39m=[32m"sidebar-menu-item"[39m
    [33mid[39m=[32m"sidebar-menu-item-home"[39m
  [36m/>[39m

  Name "":
  [36m<li[39m
    [33mclass[39m=[32m"group/menu-item relative"[39m
    [33mdata-sidebar[39m=[32m"menu-item"[39m
    [33mdata-slot[39m=[32m"sidebar-menu-item"[39m
    [33mid[39m=[32m"sidebar-menu-item-events"[39m
  [36m/>[39m

  Name "":
  [36m<li[39m
    [33mclass[39m=[32m"group/menu-item relative"[39m
    [33mdata-sidebar[39m=[32m"menu-item"[39m
    [33mdata-slot[39m=[32m"sidebar-menu-item"[39m
    [33mid[39m=[32m"sidebar-menu-item-settings"[39m
  [36m/>[39m

  Name "":
  [36m<li[39m
    [33mclass[39m=[32m"group/menu-item relative"[39m
    [33mdata-sidebar[39m=[32m"menu-item"[39m
    [33mdata-slot[39m=[32m"sidebar-menu-item"[39m
    [33mid[39m=[32m"sidebar-menu-item-back-to-site"[39m
  [36m/>[39m

  Name "":
  [36m<li[39m
    [33mclass[39m=[32m"group/menu-item relative"[39m
    [33mdata-sidebar[39m=[32m"menu-item"[39m
    [33mdata-slot[39m=[32m"sidebar-menu-item"[39m
    [33mid[39m=[32m"sidebar-menu-item-user-profile"[39m
  [36m/>[39m

  Name "":
  [36m<li[39m
    [33mclass[39m=[32m"inline-flex items-center gap-1.5"[39m
    [33mdata-slot[39m=[32m"breadcrumb-item"[39m
  [36m/>[39m

  --------------------------------------------------
  button:

  Name "Dashboard":
  [36m<button[39m
    [33maria-current[39m=[32m"page"[39m
    [33mclass[39m=[32m"peer/menu-button flex w-full items-center gap-2 overflow-hidden p-2 text-left outline-hidden ring-sidebar-ring ease-in-out focus-visible:ring-2 active:bg-sidebar-accent active:text-sidebar-accent-foreground disabled:pointer-events-none disabled:opacity-50 group-has-data-[sidebar=menu-action]/menu-item:pr-8 aria-disabled:pointer-events-none aria-disabled:opacity-50 data-[active=true]:bg-sidebar-accent data-[active=true]:font-medium data-[active=true]:text-sidebar-accent-foreground data-[state=open]:hover:bg-sidebar-accent data-[state=open]:hover:text-sidebar-accent-foreground group-data-[collapsible=icon]:size-8! group-data-[collapsible=icon]:p-2! [&>span:last-child]:truncate [&>svg]:size-4 [&>svg]:shrink-0 transform-gpu hover:bg-sidebar-accent hover:text-sidebar-accent-foreground text-sm group/item h-11 px-4 rounded-xl transition-all duration-200 border bg-white/10 text-white border-white/5 shadow-sm"[39m
    [33mdata-active[39m=[32m"true"[39m
    [33mdata-sidebar[39m=[32m"menu-button"[39m
    [33mdata-size[39m=[32m"default"[39m
    [33mdata-slot[39m=[32m"sidebar-menu-button"[39m
    [33mdata-state[39m=[32m"closed"[39m
    [33mdata-testid[39m=[32m"nav-home"[39m
    [33mid[39m=[32m"sidebar-menu-button-home"[39m
  [36m/>[39m

  Name "Events 5":
  [36m<button[39m
    [33mclass[39m=[32m"peer/menu-button flex w-full items-center gap-2 overflow-hidden p-2 text-left outline-hidden ring-sidebar-ring ease-in-out focus-visible:ring-2 active:bg-sidebar-accent active:text-sidebar-accent-foreground disabled:pointer-events-none disabled:opacity-50 group-has-data-[sidebar=menu-action]/menu-item:pr-8 aria-disabled:pointer-events-none aria-disabled:opacity-50 data-[active=true]:bg-sidebar-accent data-[active=true]:font-medium data-[active=true]:text-sidebar-accent-foreground data-[state=open]:hover:bg-sidebar-accent data-[state=open]:hover:text-sidebar-accent-foreground group-data-[collapsible=icon]:size-8! group-data-[collapsible=icon]:p-2! [&>span:last-child]:truncate [&>svg]:size-4 [&>svg]:shrink-0 transform-gpu text-sm group/item h-11 px-4 rounded-xl transition-all duration-200 border border-transparent text-white/60 hover:text-white hover:bg-white/5"[39m
    [33mdata-active[39m=[32m"false"[39m
    [33mdata-sidebar[39m=[32m"menu-button"[39m
    [33mdata-size[39m=[32m"default"[39m
    [33mdata-slot[39m=[32m"sidebar-menu-button"[39m
    [33mdata-state[39m=[32m"closed"[39m
    [33mdata-testid[39m=[32m"nav-events"[39m
    [33mid[39m=[32m"sidebar-menu-button-events"[39m
  [36m/>[39m

  Name "Settings":
  [36m<button[39m
    [33mclass[39m=[32m"peer/menu-button flex w-full items-center gap-2 overflow-hidden p-2 text-left outline-hidden ring-sidebar-ring ease-in-out focus-visible:ring-2 active:bg-sidebar-accent active:text-sidebar-accent-foreground disabled:pointer-events-none disabled:opacity-50 group-has-data-[sidebar=menu-action]/menu-item:pr-8 aria-disabled:pointer-events-none aria-disabled:opacity-50 data-[active=true]:bg-sidebar-accent data-[active=true]:font-medium data-[active=true]:text-sidebar-accent-foreground data-[state=open]:hover:bg-sidebar-accent data-[state=open]:hover:text-sidebar-accent-foreground group-data-[collapsible=icon]:size-8! group-data-[collapsible=icon]:p-2! [&>span:last-child]:truncate [&>svg]:size-4 [&>svg]:shrink-0 transform-gpu text-sm group/item h-11 px-4 rounded-xl transition-all duration-200 border border-transparent text-white/60 hover:text-white hover:bg-white/5"[39m
    [33mdata-active[39m=[32m"false"[39m
    [33mdata-sidebar[39m=[32m"menu-button"[39m
    [33mdata-size[39m=[32m"default"[39m
    [33mdata-slot[39m=[32m"sidebar-menu-button"[39m
    [33mdata-state[39m=[32m"closed"[39m
    [33mdata-testid[39m=[32m"nav-settings"[39m
    [33mid[39m=[32m"sidebar-menu-button-settings"[39m
  [36m/>[39m

  Name "Back to Website":
  [36m<button[39m
    [33mclass[39m=[32m"peer/menu-button flex w-full items-center gap-2 overflow-hidden p-2 text-left outline-hidden ring-sidebar-ring ease-in-out focus-visible:ring-2 active:bg-sidebar-accent active:text-sidebar-accent-foreground disabled:pointer-events-none disabled:opacity-50 group-has-data-[sidebar=menu-action]/menu-item:pr-8 aria-disabled:pointer-events-none aria-disabled:opacity-50 data-[active=true]:bg-sidebar-accent data-[active=true]:font-medium data-[active=true]:text-sidebar-accent-foreground data-[state=open]:hover:bg-sidebar-accent data-[state=open]:hover:text-sidebar-accent-foreground group-data-[collapsible=icon]:size-8! group-data-[collapsible=icon]:p-2! [&>span:last-child]:truncate [&>svg]:size-4 [&>svg]:shrink-0 transform-gpu text-sm h-10 px-4 rounded-xl text-white/50 hover:text-white hover:bg-white/5 transition-all duration-200"[39m
    [33mdata-active[39m=[32m"false"[39m
    [33mdata-sidebar[39m=[32m"menu-button"[39m
    [33mdata-size[39m=[32m"default"[39m
    [33mdata-slot[39m=[32m"sidebar-menu-button"[39m
    [33mdata-state[39m=[32m"closed"[39m
    [33mdata-testid[39m=[32m"back-to-site-button"[39m
    [33mid[39m=[32m"sidebar-menu-button-back-to-site"[39m
  [36m/>[39m

  Name "A ADMIN USERadmin@wildoutproject.com":
  [36m<button[39m
    [33maria-expanded[39m=[32m"false"[39m
    [33maria-haspopup[39m=[32m"menu"[39m
    [33mclass[39m=[32m"peer/menu-button flex w-full items-center gap-2 overflow-hidden p-2 text-left outline-hidden ring-sidebar-ring ease-in-out focus-visible:ring-2 active:bg-sidebar-accent active:text-sidebar-accent-foreground disabled:pointer-events-none disabled:opacity-50 group-has-data-[sidebar=menu-action]/menu-item:pr-8 aria-disabled:pointer-events-none aria-disabled:opacity-50 data-[active=true]:bg-sidebar-accent data-[active=true]:font-medium data-[active=true]:text-sidebar-accent-foreground data-[state=open]:hover:bg-sidebar-accent data-[state=open]:hover:text-sidebar-accent-foreground group-data-[collapsible=icon]:size-8! [&>span:last-child]:truncate [&>svg]:size-4 [&>svg]:shrink-0 transform-gpu hover:text-sidebar-accent-foreground text-sm group-data-[collapsible=icon]:p-0! h-14 px-3 rounded-xl bg-white/5 border border-white/10 hover:bg-white/10 transition-all duration-200"[39m
    [33mdata-active[39m=[32m"false"[39m
    [33mdata-sidebar[39m=[32m"menu-button"[39m
    [33mdata-size[39m=[32m"lg"[39m
    [33mdata-slot[39m=[32m"dropdown-menu-trigger"[39m
    [33mdata-state[39m=[32m"closed"[39m
    [33mdata-testid[39m=[32m"user-menu-button"[39m
    [33mid[39m=[32m"user-menu-trigger"[39m
    [33mtype[39m=[32m"button"[39m
  [36m/>[39m

  Name "Collapse Sidebar":
  [36m<button[39m
    [33maria-expanded[39m=[32m"true"[39m
    [33maria-label[39m=[32m"Collapse Sidebar"[39m
    [33mclass[39m=[32m"hover:after:bg-sidebar-border absolute inset-y-0 z-20 hidden w-4 -translate-x-1/2 transition-all ease-linear group-data-[side=left]:-right-4 group-data-[side=right]:left-0 after:absolute after:inset-y-0 after:left-1/2 after:w-[2px] sm:flex in-data-[side=left]:cursor-w-resize in-data-[side=right]:cursor-e-resize [[data-side=left][data-state=collapsed]_&]:cursor-e-resize [[data-side=right][data-state=collapsed]_&]:cursor-w-resize hover:group-data-[collapsible=offcanvas]:bg-sidebar group-data-[collapsible=offcanvas]:translate-x-0 group-data-[collapsible=offcanvas]:after:left-full [[data-side=left][data-collapsible=offcanvas]_&]:-right-2 [[data-side=right][data-collapsible=offcanvas]_&]:-left-2 opacity-0 pointer-events-none"[39m
    [33mdata-sidebar[39m=[32m"rail"[39m
    [33mdata-slot[39m=[32m"sidebar-rail"[39m
    [33mid[39m=[32m"dashboard-sidebar-rail-left"[39m
    [33mtabindex[39m=[32m"0"[39m
    [33mtitle[39m=[32m"Collapse Sidebar"[39m
  [36m/>[39m

  Name "Collapse Sidebar":
  [36m<button[39m
    [33maria-expanded[39m=[32m"true"[39m
    [33maria-label[39m=[32m"Collapse Sidebar"[39m
    [33mclass[39m=[32m"hover:after:bg-sidebar-border absolute inset-y-0 z-20 hidden w-4 -translate-x-1/2 transition-all ease-linear group-data-[side=left]:-right-4 group-data-[side=right]:left-0 after:absolute after:inset-y-0 after:left-1/2 after:w-[2px] sm:flex in-data-[side=left]:cursor-w-resize in-data-[side=right]:cursor-e-resize [[data-side=left][data-state=collapsed]_&]:cursor-e-resize [[data-side=right][data-state=collapsed]_&]:cursor-w-resize hover:group-data-[collapsible=offcanvas]:bg-sidebar group-data-[collapsible=offcanvas]:translate-x-0 group-data-[collapsible=offcanvas]:after:left-full [[data-side=left][data-collapsible=offcanvas]_&]:-right-2 [[data-side=right][data-collapsible=offcanvas]_&]:-left-2 opacity-0 pointer-events-none"[39m
    [33mdata-sidebar[39m=[32m"rail"[39m
    [33mdata-slot[39m=[32m"sidebar-rail"[39m
    [33mid[39m=[32m"dashboard-sidebar-rail-right"[39m
    [33mtabindex[39m=[32m"0"[39m
    [33mtitle[39m=[32m"Collapse Sidebar"[39m
  [36m/>[39m

  Name "Toggle Sidebar":
  [36m<button[39m
    [33mclass[39m=[32m"size-7 h-10 w-10 text-gray-400 hover:text-gray-600 hover:bg-gray-100 rounded-xl"[39m
    [33mdata-sidebar[39m=[32m"trigger"[39m
    [33mdata-slot[39m=[32m"sidebar-trigger"[39m
    [33mid[39m=[32m"sidebar-trigger"[39m
  [36m/>[39m

  Name "":
  [36m<button[39m
    [33maria-controls[39m=[32m"radix-_r_3m_"[39m
    [33maria-expanded[39m=[32m"false"[39m
    [33maria-haspopup[39m=[32m"dialog"[39m
    [33mclass[39m=[32m"relative rounded-lg h-9 w-9 text-gray-500 hover:bg-white hover:text-[#E93370] hover:shadow-sm transition-all"[39m
    [33mdata-slot[39m=[32m"popover-trigger"[39m
    [33mdata-state[39m=[32m"closed"[39m
    [33mtype[39m=[32m"button"[39m
  [36m/>[39m

  Name "":
  [36m<button[39m
    [33mclass[39m=[32m"rounded-lg h-9 w-9 text-gray-500 hover:bg-white hover:text-gray-900 hover:shadow-sm transition-all"[39m
  [36m/>[39m

  Name "Manage":
  [36m<button[39m
    [33mclass[39m=[32m"w-full mt-4 bg-white/10 hover:bg-white/20 text-white border-0 h-10 focus-visible:ring-[#E93370] transition-colors"[39m
  [36m/>[39m

  Name "Manage":
  [36m<button[39m
    [33mclass[39m=[32m"w-full mt-4 bg-white/10 hover:bg-white/20 text-white border-0 h-10 focus-visible:ring-[#E93370] transition-colors"[39m
  [36m/>[39m

  Name "Manage":
  [36m<button[39m
    [33mclass[39m=[32m"w-full mt-4 bg-white/10 hover:bg-white/20 text-white border-0 h-10 focus-visible:ring-[#E93370] transition-colors"[39m
  [36m/>[39m

  Name "Manage":
  [36m<button[39m
    [33mclass[39m=[32m"w-full mt-4 bg-white/10 hover:bg-white/20 text-white border-0 h-10 focus-visible:ring-[#E93370] transition-colors"[39m
  [36m/>[39m

  Name "Manage":
  [36m<button[39m
    [33mclass[39m=[32m"w-full mt-4 bg-white/10 hover:bg-white/20 text-white border-0 h-10 focus-visible:ring-[#E93370] transition-colors"[39m
  [36m/>[39m

  Name "Manage":
  [36m<button[39m
    [33mclass[39m=[32m"w-full mt-4 bg-white/10 hover:bg-white/20 text-white border-0 h-10 focus-visible:ring-[#E93370] transition-colors"[39m
  [36m/>[39m

  --------------------------------------------------
  main:

  Name "":
  [36m<main[39m
    [33mclass[39m=[32m"bg-background relative h-svh flex-1 overflow-y-auto overflow-x-hidden md:peer-data-[variant=inset]:m-2 md:peer-data-[variant=inset]:ml-0 md:peer-data-[variant=inset]:rounded-xl md:peer-data-[variant=inset]:shadow-sm md:peer-data-[variant=inset]:peer-data-[state=collapsed]:ml-2 flex flex-col min-h-0"[39m
    [33mdata-slot[39m=[32m"sidebar-inset"[39m
    [33mdata-testid[39m=[32m"admin-main-content"[39m
    [33mid[39m=[32m"dashboard-main-content"[39m
    [33mstyle[39m=[32m"height: 100dvh; overflow-y: auto; overflow-x: hidden;"[39m
  [36m/>[39m

  --------------------------------------------------
  banner:

  Name "":
  [36m<header[39m
    [33mclass[39m=[32m"flex h-20 items-center justify-between gap-4 border-b border-white/5 bg-[#12141a] shadow-lg sticky top-0 z-20 w-full px-6 md:px-12 shrink-0"[39m
    [33mdata-testid[39m=[32m"admin-header"[39m
    [33mid[39m=[32m"dashboard-header"[39m
  [36m/>[39m

  --------------------------------------------------
  navigation:

  Name "breadcrumb":
  [36m<nav[39m
    [33maria-label[39m=[32m"breadcrumb"[39m
    [33mclass[39m=[32m"hidden md:flex"[39m
    [33mdata-slot[39m=[32m"breadcrumb"[39m
  [36m/>[39m

  --------------------------------------------------
  link:

  Name "Dashboard":
  [36m<a[39m
    [33mclass[39m=[32m"text-gray-400 hover:text-gray-900 font-medium transition-colors"[39m
    [33mdata-slot[39m=[32m"breadcrumb-link"[39m
    [33mhref[39m=[32m"/admin/home"[39m
  [36m/>[39m

  --------------------------------------------------
  textbox:

  Name "":
  [36m<input[39m
    [33mclass[39m=[32m"flex border px-3 py-2 text-sm shadow-sm file:border-0 file:bg-black file:text-sm file:font-medium file:text-foreground placeholder:text-muted-foreground focus-visible:outline-none disabled:cursor-not-allowed disabled:opacity-50 pl-10 h-10 w-64 lg:w-80 bg-gray-50 border-gray-200 rounded-xl focus-visible:bg-white focus-visible:ring-2 focus-visible:ring-[#E93370]/10 focus-visible:border-[#E93370] focus-visible:ring-offset-0 transition-all"[39m
    [33mplaceholder[39m=[32m"Search anything..."[39m
  [36m/>[39m

  --------------------------------------------------
  heading:

  Name "Dashboard Overview":
  [36m<h1[39m
    [33mclass[39m=[32m"text-3xl font-bold tracking-normal bg-gradient-to-r from-white to-[#E93370] bg-clip-text text-transparent"[39m
  [36m/>[39m

  Name "Hero Section":
  [36m<h3[39m
    [33mclass[39m=[32m"font-medium"[39m
  [36m/>[39m

  Name "Events Section":
  [36m<h3[39m
    [33mclass[39m=[32m"font-medium"[39m
  [36m/>[39m

  Name "Team Section":
  [36m<h3[39m
    [33mclass[39m=[32m"font-medium"[39m
  [36m/>[39m

  Name "Gallery Section":
  [36m<h3[39m
    [33mclass[39m=[32m"font-medium"[39m
  [36m/>[39m

  Name "Partners Section":
  [36m<h3[39m
    [33mclass[39m=[32m"font-medium"[39m
  [36m/>[39m

  Name "About Section":
  [36m<h3[39m
    [33mclass[39m=[32m"font-medium"[39m
  [36m/>[39m

  --------------------------------------------------
  paragraph:

  Name "":
  [36m<p[39m
    [33mclass[39m=[32m"text-white/60 mt-1"[39m
  [36m/>[39m

  Name "":
  [36m<p[39m
    [33mclass[39m=[32m"text-xs text-green-400 mt-1"[39m
  [36m/>[39m

  Name "":
  [36m<p[39m
    [33mclass[39m=[32m"text-xs text-green-400 mt-1"[39m
  [36m/>[39m

  Name "":
  [36m<p[39m
    [33mclass[39m=[32m"text-xs text-red-400 mt-1"[39m
  [36m/>[39m

  Name "":
  [36m<p[39m
    [33mclass[39m=[32m"text-xs text-green-400 mt-1"[39m
  [36m/>[39m

  Name "":
  [36m<p[39m
    [33mclass[39m=[32m"text-sm font-medium"[39m
  [36m/>[39m

  Name "":
  [36m<p[39m
    [33mclass[39m=[32m"text-xs text-white/40"[39m
  [36m/>[39m

  Name "":
  [36m<p[39m
    [33mclass[39m=[32m"text-sm font-medium"[39m
  [36m/>[39m

  Name "":
  [36m<p[39m
    [33mclass[39m=[32m"text-xs text-white/40"[39m
  [36m/>[39m

  Name "":
  [36m<p[39m
    [33mclass[39m=[32m"text-sm font-medium"[39m
  [36m/>[39m

  Name "":
  [36m<p[39m
    [33mclass[39m=[32m"text-xs text-white/40"[39m
  [36m/>[39m

  Name "":
  [36m<p[39m
    [33mclass[39m=[32m"text-sm text-white/40"[39m
  [36m/>[39m

  Name "":
  [36m<p[39m
    [33mclass[39m=[32m"text-sm text-white/40"[39m
  [36m/>[39m

  Name "":
  [36m<p[39m
    [33mclass[39m=[32m"text-sm text-white/40"[39m
  [36m/>[39m

  Name "":
  [36m<p[39m
    [33mclass[39m=[32m"text-sm text-white/40"[39m
  [36m/>[39m

  Name "":
  [36m<p[39m
    [33mclass[39m=[32m"text-sm text-white/40"[39m
  [36m/>[39m

  Name "":
  [36m<p[39m
    [33mclass[39m=[32m"text-sm text-white/40"[39m
  [36m/>[39m

  --------------------------------------------------

Ignored nodes: comments, script, style
[36m<body[39m
  [33mstyle[39m=[32m"overflow: hidden;"[39m
[36m>[39m
  [36m<div>[39m
    [36m<div[39m
      [33mclass[39m=[32m"group/sidebar-wrapper has-data-[variant=inset]:bg-sidebar flex h-screen max-h-screen overflow-hidden w-full bg-background"[39m
      [33mdata-slot[39m=[32m"sidebar-wrapper"[39m
      [33mdata-testid[39m=[32m"admin-dashboard-layout"[39m
      [33mstyle[39m=[32m"--sidebar-width: 16rem; --sidebar-width-icon: 3rem; height: 100dvh; overflow: hidden;"[39m
    [36m>[39m
      [36m<div[39m
        [33mclass[39m=[32m"group peer text-sidebar-foreground flex w-64 shrink-0 bg-sidebar border-r border-sidebar-border shadow-2xl"[39m
        [33mdata-slot[39m=[32m"sidebar"[39m
        [33mdata-testid[39m=[32m"admin-sidebar"[39m
        [33mid[39m=[32m"dashboard-sidebar"[39m
      [36m>[39m
        [36m<div[39m
          [33mclass[39m=[32m"relative w-64 bg-black"[39m
          [33mdata-slot[39m=[32m"sidebar-gap"[39m
        [36m/>[39m
        [36m<div[39m
          [33mclass[39m=[32m"fixed inset-y-0 left-0 z-30 h-svh w-64 flex bg-sidebar"[39m
          [33mdata-slot[39m=[32m"sidebar-container"[39m
        [36m>[39m
          [36m<div[39m
            [33mclass[39m=[32m"flex h-full w-full flex-col border-r border-sidebar-border bg-sidebar"[39m
            [33mdata-sidebar[39m=[32m"sidebar"[39m
            [33mdata-slot[39m=[32m"sidebar-inner"[39m
          [36m>[39m
            [36m<div[39m
              [33mclass[39m=[32m"p-2 h-20 border-b border-white/5 px-6 flex flex-row items-center gap-4 shrink-0 bg-[#1e2129]"[39m
              [33mdata-sidebar[39m=[32m"header"[39m
              [33mdata-slot[39m=[32m"sidebar-header"[39m
              [33mid[39m=[32m"dashboard-sidebar-header"[39m
            [36m>[39m
              [36m<div[39m
                [33mclass[39m=[32m"flex items-center gap-3 font-bold text-xl overflow-hidden"[39m
                [33mdata-testid[39m=[32m"dashboard-logo"[39m
                [33mid[39m=[32m"dashboard-logo"[39m
              [36m>[39m
                [36m<div[39m
                  [33mclass[39m=[32m"bg-[#E93370] p-1.5 rounded-lg shadow-lg shadow-[#E93370]/20"[39m
                [36m>[39m
                  [36m<img[39m
                    [33malt[39m=[32m"WildOut Logo"[39m
                    [33mclass[39m=[32m"h-6 w-6 object-contain brightness-0 invert"[39m
                    [33mdata-testid[39m=[32m"logo-image"[39m
                    [33mid[39m=[32m"logo-image"[39m
                  [36m/>[39m
                [36m</div>[39m
                [36m<span[39m
                  [33mclass[39m=[32m"whitespace-nowrap tracking-tight text-white font-black italic"[39m
                  [33mdata-testid[39m=[32m"logo-text"[39m
                  [33mid[39m=[32m"logo-text"[39m
                [36m>[39m
                  [0mWILDOUT![0m
                [36m</span>[39m
              [36m</div>[39m
            [36m</div>[39m
            [36m<div[39m
              [33mclass[39m=[32m"flex min-h-0 flex-1 flex-col gap-2 overflow-auto group-data-[collapsible=icon]:overflow-hidden px-3 py-6 overflow-y-auto space-y-8 bg-[#1e2129]"[39m
              [33mdata-sidebar[39m=[32m"content"[39m
              [33mdata-slot[39m=[32m"sidebar-content"[39m
              [33mid[39m=[32m"dashboard-sidebar-content"[39m
            [36m>[39m
              [36m<div[39m
                [33mclass[39m=[32m"space-y-2"[39m
              [36m>[39m
                [36m<span[39m
                  [33mclass[39m=[32m"text-[10px] font-bold text-white/40 uppercase tracking-[0.2em] mb-3 block px-3"[39m
                [36m>[39m
                  [0mCORE FEATURES[0m
                [36m</span>[39m
                [36m<ul[39m
                  [33mclass[39m=[32m"flex w-full min-w-0 flex-col gap-1"[39m
                  [33mdata-sidebar[39m=[32m"menu"[39m
                  [33mdata-slot[39m=[32m"sidebar-menu"[39m
                [36m>[39m
                  [36m<li[39m
                    [33mclass[39m=[32m"group/menu-item relative"[39m
                    [33mdata-sidebar[39m=[32m"menu-item"[39m
                    [33mdata-slot[39m=[32m"sidebar-menu-item"[39m
                    [33mid[39m=[32m"sidebar-menu-item-home"[39m
                  [36m>[39m
                    [36m<button[39m
                      [33maria-current[39m=[32m"page"[39m
                      [33mclass[39m=[32m"peer/menu-button flex w-full items-center gap-2 overflow-hidden p-2 text-left outline-hidden ring-sidebar-ring ease-in-out focus-visible:ring-2 active:bg-sidebar-accent active:text-sidebar-accent-foreground disabled:pointer-events-none disabled:opacity-50 group-has-data-[sidebar=menu-action]/menu-item:pr-8 aria-disabled:pointer-events-none aria-disabled:opacity-50 data-[active=true]:bg-sidebar-accent data-[active=true]:font-medium data-[active=true]:text-sidebar-accent-foreground data-[state=open]:hover:bg-sidebar-accent data-[state=open]:hover:text-sidebar-accent-foreground group-data-[collapsible=icon]:size-8! group-data-[collapsible=icon]:p-2! [&>span:last-child]:truncate [&>svg]:size-4 [&>svg]:shrink-0 transform-gpu hover:bg-sidebar-accent hover:text-sidebar-accent-foreground text-sm group/item h-11 px-4 rounded-xl transition-all duration-200 border bg-white/10 text-white border-white/5 shadow-sm"[39m
                      [33mdata-active[39m=[32m"true"[39m
                      [33mdata-sidebar[39m=[32m"menu-button"[39m
                      [33mdata-size[39m=[32m"default"[39m
                      [33mdata-slot[39m=[32m"sidebar-menu-button"[39m
                      [33mdata-state[39m=[32m"closed"[39m
                      [33mdata-testid[39m=[32m"nav-home"[39m
                      [33mid[39m=[32m"sidebar-menu-button-home"[39m
                    [36m>[39m
                      [36m<div[39m
                        [33mclass[39m=[32m"flex items-center justify-center w-5 h-5 transition-transform duration-200 group-hover/item:scale-110 text-[#E93370]"[39m
                      [36m>[39m
                        [36m<svg[39m
                          [33mclass[39m=[32m"h-4 w-4"[39m
                          [33mdata-testid[39m=[32m"nav-icon-home"[39m
                          [33mid[39m=[32m"nav-icon-home"[39m
                        [36m/>[39m
                      [36m</div>[39m
                      [36m<span[39m
                        [33mclass[39m=[32m"text-sm font-medium tracking-wide flex-grow ml-3"[39m
                        [33mid[39m=[32m"nav-label-home"[39m
                      [36m>[39m
                        [0mDashboard[0m
                      [36m</span>[39m
                    [36m</button>[39m
                  [36m</li>[39m
                [36m</ul>[3...
[90m [2m❯[22m Object.getElementError node_modules/.pnpm/@testing-library+dom@10.4.1/node_modules/@testing-library/dom/dist/config.js:[2m37:19[22m[39m
[90m [2m❯[22m node_modules/.pnpm/@testing-library+dom@10.4.1/node_modules/@testing-library/dom/dist/query-helpers.js:[2m76:38[22m[39m
[90m [2m❯[22m node_modules/.pnpm/@testing-library+dom@10.4.1/node_modules/@testing-library/dom/dist/query-helpers.js:[2m52:17[22m[39m
[90m [2m❯[22m getByRole node_modules/.pnpm/@testing-library+dom@10.4.1/node_modules/@testing-library/dom/dist/query-helpers.js:[2m95:19[22m[39m
[36m [2m❯[22m src/test/AdminDashboard.test.tsx:[2m262:33[22m[39m
    [90m260| [39m    [34mit[39m([32m'should handle keyboard navigation with Enter key'[39m[33m,[39m () [33m=>[39m {
    [90m261| [39m      [34mrenderAdminDashboard[39m()[33m;[39m
    [90m262| [39m      const eventsItem = screen.getByRole('menuitem', { name: /Events/…
    [90m   | [39m                                [31m^[39m
    [90m263| [39m
    [90m264| [39m      [90m// Simulate Enter key press[39m

[31m[2m⎯⎯⎯⎯⎯⎯⎯⎯⎯⎯⎯⎯⎯⎯⎯⎯⎯⎯⎯⎯⎯⎯[17/28]⎯[22m[39m

[41m[1m FAIL [22m[49m src/test/AdminDashboard.test.tsx[2m > [22mAdminDashboard[2m > [22mAccessibility[2m > [22mshould handle keyboard navigation with Space key on mobile toggle
[31m[1mTestingLibraryElementError[22m[39m: Unable to find an element by: [data-testid="mobile-menu-button"]

Ignored nodes: comments, script, style
[36m<body[39m
  [33mstyle[39m=[32m"overflow: hidden;"[39m
[36m>[39m
  [36m<div>[39m
    [36m<div[39m
      [33mclass[39m=[32m"group/sidebar-wrapper has-data-[variant=inset]:bg-sidebar flex h-screen max-h-screen overflow-hidden w-full bg-background"[39m
      [33mdata-slot[39m=[32m"sidebar-wrapper"[39m
      [33mdata-testid[39m=[32m"admin-dashboard-layout"[39m
      [33mstyle[39m=[32m"--sidebar-width: 16rem; --sidebar-width-icon: 3rem; height: 100dvh; overflow: hidden;"[39m
    [36m>[39m
      [36m<div[39m
        [33mclass[39m=[32m"group peer text-sidebar-foreground flex w-64 shrink-0 bg-sidebar border-r border-sidebar-border shadow-2xl"[39m
        [33mdata-slot[39m=[32m"sidebar"[39m
        [33mdata-testid[39m=[32m"admin-sidebar"[39m
        [33mid[39m=[32m"dashboard-sidebar"[39m
      [36m>[39m
        [36m<div[39m
          [33mclass[39m=[32m"relative w-64 bg-black"[39m
          [33mdata-slot[39m=[32m"sidebar-gap"[39m
        [36m/>[39m
        [36m<div[39m
          [33mclass[39m=[32m"fixed inset-y-0 left-0 z-30 h-svh w-64 flex bg-sidebar"[39m
          [33mdata-slot[39m=[32m"sidebar-container"[39m
        [36m>[39m
          [36m<div[39m
            [33mclass[39m=[32m"flex h-full w-full flex-col border-r border-sidebar-border bg-sidebar"[39m
            [33mdata-sidebar[39m=[32m"sidebar"[39m
            [33mdata-slot[39m=[32m"sidebar-inner"[39m
          [36m>[39m
            [36m<div[39m
              [33mclass[39m=[32m"p-2 h-20 border-b border-white/5 px-6 flex flex-row items-center gap-4 shrink-0 bg-[#1e2129]"[39m
              [33mdata-sidebar[39m=[32m"header"[39m
              [33mdata-slot[39m=[32m"sidebar-header"[39m
              [33mid[39m=[32m"dashboard-sidebar-header"[39m
            [36m>[39m
              [36m<div[39m
                [33mclass[39m=[32m"flex items-center gap-3 font-bold text-xl overflow-hidden"[39m
                [33mdata-testid[39m=[32m"dashboard-logo"[39m
                [33mid[39m=[32m"dashboard-logo"[39m
              [36m>[39m
                [36m<div[39m
                  [33mclass[39m=[32m"bg-[#E93370] p-1.5 rounded-lg shadow-lg shadow-[#E93370]/20"[39m
                [36m>[39m
                  [36m<img[39m
                    [33malt[39m=[32m"WildOut Logo"[39m
                    [33mclass[39m=[32m"h-6 w-6 object-contain brightness-0 invert"[39m
                    [33mdata-testid[39m=[32m"logo-image"[39m
                    [33mid[39m=[32m"logo-image"[39m
                  [36m/>[39m
                [36m</div>[39m
                [36m<span[39m
                  [33mclass[39m=[32m"whitespace-nowrap tracking-tight text-white font-black italic"[39m
                  [33mdata-testid[39m=[32m"logo-text"[39m
                  [33mid[39m=[32m"logo-text"[39m
                [36m>[39m
                  [0mWILDOUT![0m
                [36m</span>[39m
              [36m</div>[39m
            [36m</div>[39m
            [36m<div[39m
              [33mclass[39m=[32m"flex min-h-0 flex-1 flex-col gap-2 overflow-auto group-data-[collapsible=icon]:overflow-hidden px-3 py-6 overflow-y-auto space-y-8 bg-[#1e2129]"[39m
              [33mdata-sidebar[39m=[32m"content"[39m
              [33mdata-slot[39m=[32m"sidebar-content"[39m
              [33mid[39m=[32m"dashboard-sidebar-content"[39m
            [36m>[39m
              [36m<div[39m
                [33mclass[39m=[32m"space-y-2"[39m
              [36m>[39m
                [36m<span[39m
                  [33mclass[39m=[32m"text-[10px] font-bold text-white/40 uppercase tracking-[0.2em] mb-3 block px-3"[39m
                [36m>[39m
                  [0mCORE FEATURES[0m
                [36m</span>[39m
                [36m<ul[39m
                  [33mclass[39m=[32m"flex w-full min-w-0 flex-col gap-1"[39m
                  [33mdata-sidebar[39m=[32m"menu"[39m
                  [33mdata-slot[39m=[32m"sidebar-menu"[39m
                [36m>[39m
                  [36m<li[39m
                    [33mclass[39m=[32m"group/menu-item relative"[39m
                    [33mdata-sidebar[39m=[32m"menu-item"[39m
                    [33mdata-slot[39m=[32m"sidebar-menu-item"[39m
                    [33mid[39m=[32m"sidebar-menu-item-home"[39m
                  [36m>[39m
                    [36m<button[39m
                      [33maria-current[39m=[32m"page"[39m
                      [33mclass[39m=[32m"peer/menu-button flex w-full items-center gap-2 overflow-hidden p-2 text-left outline-hidden ring-sidebar-ring ease-in-out focus-visible:ring-2 active:bg-sidebar-accent active:text-sidebar-accent-foreground disabled:pointer-events-none disabled:opacity-50 group-has-data-[sidebar=menu-action]/menu-item:pr-8 aria-disabled:pointer-events-none aria-disabled:opacity-50 data-[active=true]:bg-sidebar-accent data-[active=true]:font-medium data-[active=true]:text-sidebar-accent-foreground data-[state=open]:hover:bg-sidebar-accent data-[state=open]:hover:text-sidebar-accent-foreground group-data-[collapsible=icon]:size-8! group-data-[collapsible=icon]:p-2! [&>span:last-child]:truncate [&>svg]:size-4 [&>svg]:shrink-0 transform-gpu hover:bg-sidebar-accent hover:text-sidebar-accent-foreground text-sm group/item h-11 px-4 rounded-xl transition-all duration-200 border bg-white/10 text-white border-white/5 shadow-sm"[39m
                      [33mdata-active[39m=[32m"true"[39m
                      [33mdata-sidebar[39m=[32m"menu-button"[39m
                      [33mdata-size[39m=[32m"default"[39m
                      [33mdata-slot[39m=[32m"sidebar-menu-button"[39m
                      [33mdata-state[39m=[32m"closed"[39m
                      [33mdata-testid[39m=[32m"nav-home"[39m
                      [33mid[39m=[32m"sidebar-menu-button-home"[39m
                    [36m>[39m
                      [36m<div[39m
                        [33mclass[39m=[32m"flex items-center justify-center w-5 h-5 transition-transform duration-200 group-hover/item:scale-110 text-[#E93370]"[39m
                      [36m>[39m
                        [36m<svg[39m
                          [33mclass[39m=[32m"h-4 w-4"[39m
                          [33mdata-testid[39m=[32m"nav-icon-home"[39m
                          [33mid[39m=[32m"nav-icon-home"[39m
                        [36m/>[39m
                      [36m</div>[39m
                      [36m<span[39m
                        [33mclass[39m=[32m"text-sm font-medium tracking-wide flex-grow ml-3"[39m
                        [33mid[39m=[32m"nav-label-home"[39m
                      [36m>[39m
                        [0mDashboard[0m
                      [36m</span>[39m
                    [36m</button>[39m
                  [36m</li>[39m
                [36m</ul>[3...
[90m [2m❯[22m Object.getElementError node_modules/.pnpm/@testing-library+dom@10.4.1/node_modules/@testing-library/dom/dist/config.js:[2m37:19[22m[39m
[90m [2m❯[22m node_modules/.pnpm/@testing-library+dom@10.4.1/node_modules/@testing-library/dom/dist/query-helpers.js:[2m76:38[22m[39m
[90m [2m❯[22m node_modules/.pnpm/@testing-library+dom@10.4.1/node_modules/@testing-library/dom/dist/query-helpers.js:[2m52:17[22m[39m
[90m [2m❯[22m getByTestId node_modules/.pnpm/@testing-library+dom@10.4.1/node_modules/@testing-library/dom/dist/query-helpers.js:[2m95:19[22m[39m
[36m [2m❯[22m src/test/AdminDashboard.test.tsx:[2m279:33[22m[39m
    [90m277| [39m
    [90m278| [39m      [34mrenderAdminDashboard[39m()[33m;[39m
    [90m279| [39m      [35mconst[39m menuButton [33m=[39m screen[33m.[39m[34mgetByTestId[39m([32m'mobile-menu-button'[39m)[33m;[39m
    [90m   | [39m                                [31m^[39m
    [90m280| [39m
    [90m281| [39m      [90m// Simulate Space key press[39m

[31m[2m⎯⎯⎯⎯⎯⎯⎯⎯⎯⎯⎯⎯⎯⎯⎯⎯⎯⎯⎯⎯⎯⎯[18/28]⎯[22m[39m

[41m[1m FAIL [22m[49m src/test/AdminDashboard.test.tsx[2m > [22mAdminDashboard[2m > [22mNavigation[2m > [22mshould render all admin sections
[31m[1mTestingLibraryElementError[22m[39m: Found multiple elements with the text: Dashboard

Here are the matching elements:

Ignored nodes: comments, script, style
[36m<span[39m
  [33mclass[39m=[32m"text-sm font-medium tracking-wide flex-grow ml-3"[39m
  [33mid[39m=[32m"nav-label-home"[39m
[36m>[39m
  [0mDashboard[0m
[36m</span>[39m

Ignored nodes: comments, script, style
[36m<a[39m
  [33mclass[39m=[32m"text-gray-400 hover:text-gray-900 font-medium transition-colors"[39m
  [33mdata-slot[39m=[32m"breadcrumb-link"[39m
  [33mhref[39m=[32m"/admin/home"[39m
[36m>[39m
  [0mDashboard[0m
[36m</a>[39m

(If this is intentional, then use the `*AllBy*` variant of the query (like `queryAllByText`, `getAllByText`, or `findAllByText`)).

Ignored nodes: comments, script, style
[36m<body[39m
  [33mstyle[39m=[32m"overflow: hidden;"[39m
[36m>[39m
  [36m<div>[39m
    [36m<div[39m
      [33mclass[39m=[32m"group/sidebar-wrapper has-data-[variant=inset]:bg-sidebar flex h-screen max-h-screen overflow-hidden w-full bg-background"[39m
      [33mdata-slot[39m=[32m"sidebar-wrapper"[39m
      [33mdata-testid[39m=[32m"admin-dashboard-layout"[39m
      [33mstyle[39m=[32m"--sidebar-width: 16rem; --sidebar-width-icon: 3rem; height: 100dvh; overflow: hidden;"[39m
    [36m>[39m
      [36m<div[39m
        [33mclass[39m=[32m"group peer text-sidebar-foreground flex w-64 shrink-0 bg-sidebar border-r border-sidebar-border shadow-2xl"[39m
        [33mdata-slot[39m=[32m"sidebar"[39m
        [33mdata-testid[39m=[32m"admin-sidebar"[39m
        [33mid[39m=[32m"dashboard-sidebar"[39m
      [36m>[39m
        [36m<div[39m
          [33mclass[39m=[32m"relative w-64 bg-black"[39m
          [33mdata-slot[39m=[32m"sidebar-gap"[39m
        [36m/>[39m
        [36m<div[39m
          [33mclass[39m=[32m"fixed inset-y-0 left-0 z-30 h-svh w-64 flex bg-sidebar"[39m
          [33mdata-slot[39m=[32m"sidebar-container"[39m
        [36m>[39m
          [36m<div[39m
            [33mclass[39m=[32m"flex h-full w-full flex-col border-r border-sidebar-border bg-sidebar"[39m
            [33mdata-sidebar[39m=[32m"sidebar"[39m
            [33mdata-slot[39m=[32m"sidebar-inner"[39m
          [36m>[39m
            [36m<div[39m
              [33mclass[39m=[32m"p-2 h-20 border-b border-white/5 px-6 flex flex-row items-center gap-4 shrink-0 bg-[#1e2129]"[39m
              [33mdata-sidebar[39m=[32m"header"[39m
              [33mdata-slot[39m=[32m"sidebar-header"[39m
              [33mid[39m=[32m"dashboard-sidebar-header"[39m
            [36m>[39m
              [36m<div[39m
                [33mclass[39m=[32m"flex items-center gap-3 font-bold text-xl overflow-hidden"[39m
                [33mdata-testid[39m=[32m"dashboard-logo"[39m
                [33mid[39m=[32m"dashboard-logo"[39m
              [36m>[39m
                [36m<div[39m
                  [33mclass[39m=[32m"bg-[#E93370] p-1.5 rounded-lg shadow-lg shadow-[#E93370]/20"[39m
                [36m>[39m
                  [36m<img[39m
                    [33malt[39m=[32m"WildOut Logo"[39m
                    [33mclass[39m=[32m"h-6 w-6 object-contain brightness-0 invert"[39m
                    [33mdata-testid[39m=[32m"logo-image"[39m
                    [33mid[39m=[32m"logo-image"[39m
                  [36m/>[39m
                [36m</div>[39m
                [36m<span[39m
                  [33mclass[39m=[32m"whitespace-nowrap tracking-tight text-white font-black italic"[39m
                  [33mdata-testid[39m=[32m"logo-text"[39m
                  [33mid[39m=[32m"logo-text"[39m
                [36m>[39m
                  [0mWILDOUT![0m
                [36m</span>[39m
              [36m</div>[39m
            [36m</div>[39m
            [36m<div[39m
              [33mclass[39m=[32m"flex min-h-0 flex-1 flex-col gap-2 overflow-auto group-data-[collapsible=icon]:overflow-hidden px-3 py-6 overflow-y-auto space-y-8 bg-[#1e2129]"[39m
              [33mdata-sidebar[39m=[32m"content"[39m
              [33mdata-slot[39m=[32m"sidebar-content"[39m
              [33mid[39m=[32m"dashboard-sidebar-content"[39m
            [36m>[39m
              [36m<div[39m
                [33mclass[39m=[32m"space-y-2"[39m
              [36m>[39m
                [36m<span[39m
                  [33mclass[39m=[32m"text-[10px] font-bold text-white/40 uppercase tracking-[0.2em] mb-3 block px-3"[39m
                [36m>[39m
                  [0mCORE FEATURES[0m
                [36m</span>[39m
                [36m<ul[39m
                  [33mclass[39m=[32m"flex w-full min-w-0 flex-col gap-1"[39m
                  [33mdata-sidebar[39m=[32m"menu"[39m
                  [33mdata-slot[39m=[32m"sidebar-menu"[39m
                [36m>[39m
                  [36m<li[39m
                    [33mclass[39m=[32m"group/menu-item relative"[39m
                    [33mdata-sidebar[39m=[32m"menu-item"[39m
                    [33mdata-slot[39m=[32m"sidebar-menu-item"[39m
                    [33mid[39m=[32m"sidebar-menu-item-home"[39m
                  [36m>[39m
                    [36m<button[39m
                      [33maria-current[39m=[32m"page"[39m
                      [33mclass[39m=[32m"peer/menu-button flex w-full items-center gap-2 overflow-hidden p-2 text-left outline-hidden ring-sidebar-ring ease-in-out focus-visible:ring-2 active:bg-sidebar-accent active:text-sidebar-accent-foreground disabled:pointer-events-none disabled:opacity-50 group-has-data-[sidebar=menu-action]/menu-item:pr-8 aria-disabled:pointer-events-none aria-disabled:opacity-50 data-[active=true]:bg-sidebar-accent data-[active=true]:font-medium data-[active=true]:text-sidebar-accent-foreground data-[state=open]:hover:bg-sidebar-accent data-[state=open]:hover:text-sidebar-accent-foreground group-data-[collapsible=icon]:size-8! group-data-[collapsible=icon]:p-2! [&>span:last-child]:truncate [&>svg]:size-4 [&>svg]:shrink-0 transform-gpu hover:bg-sidebar-accent hover:text-sidebar-accent-foreground text-sm group/item h-11 px-4 rounded-xl transition-all duration-200 border bg-white/10 text-white border-white/5 shadow-sm"[39m
                      [33mdata-active[39m=[32m"true"[39m
                      [33mdata-sidebar[39m=[32m"menu-button"[39m
                      [33mdata-size[39m=[32m"default"[39m
                      [33mdata-slot[39m=[32m"sidebar-menu-button"[39m
                      [33mdata-state[39m=[32m"closed"[39m
                      [33mdata-testid[39m=[32m"nav-home"[39m
                      [33mid[39m=[32m"sidebar-menu-button-home"[39m
                    [36m>[39m
                      [36m<div[39m
                        [33mclass[39m=[32m"flex items-center justify-center w-5 h-5 transition-transform duration-200 group-hover/item:scale-110 text-[#E93370]"[39m
                      [36m>[39m
                        [36m<svg[39m
                          [33mclass[39m=[32m"h-4 w-4"[39m
                          [33mdata-testid[39m=[32m"nav-icon-home"[39m
                          [33mid[39m=[32m"nav-icon-home"[39m
                        [36m/>[39m
                      [36m</div>[39m
                      [36m<span[39m
                        [33mclass[39m=[32m"text-sm font-medium tracking-wide flex-grow ml-3"[39m
                        [33mid[39m=[32m"nav-label-home"[39m
                      [36m>[39m
                        [0mDashboard[0m
                      [36m</span>[39m
                    [36m</button>[39m
                  [36m</li>[39m
                [36m</ul>[3...
[90m [2m❯[22m Object.getElementError node_modules/.pnpm/@testing-library+dom@10.4.1/node_modules/@testing-library/dom/dist/config.js:[2m37:19[22m[39m
[90m [2m❯[22m getElementError node_modules/.pnpm/@testing-library+dom@10.4.1/node_modules/@testing-library/dom/dist/query-helpers.js:[2m20:35[22m[39m
[90m [2m❯[22m getMultipleElementsFoundError node_modules/.pnpm/@testing-library+dom@10.4.1/node_modules/@testing-library/dom/dist/query-helpers.js:[2m23:10[22m[39m
[90m [2m❯[22m node_modules/.pnpm/@testing-library+dom@10.4.1/node_modules/@testing-library/dom/dist/query-helpers.js:[2m55:13[22m[39m
[90m [2m❯[22m getByText node_modules/.pnpm/@testing-library+dom@10.4.1/node_modules/@testing-library/dom/dist/query-helpers.js:[2m95:19[22m[39m
[36m [2m❯[22m src/test/AdminDashboard.test.tsx:[2m293:21[22m[39m
    [90m291| [39m      [34mrenderAdminDashboard[39m()[33m;[39m
    [90m292| [39m
    [90m293| [39m      [34mexpect[39m(screen[33m.[39m[34mgetByText[39m([32m'Dashboard'[39m))[33m.[39m[34mtoBeInTheDocument[39m()[33m;[39m
    [90m   | [39m                    [31m^[39m
    [90m294| [39m      [34mexpect[39m(screen[33m.[39m[34mgetByText[39m([32m'Events'[39m))[33m.[39m[34mtoBeInTheDocument[39m()[33m;[39m
    [90m295| [39m      [34mexpect[39m(screen[33m.[39m[34mgetByText[39m([32m'Settings'[39m))[33m.[39m[34mtoBeInTheDocument[39m()[33m;[39m

[31m[2m⎯⎯⎯⎯⎯⎯⎯⎯⎯⎯⎯⎯⎯⎯⎯⎯⎯⎯⎯⎯⎯⎯[19/28]⎯[22m[39m

[41m[1m FAIL [22m[49m src/test/AdminDashboard.test.tsx[2m > [22mAdminDashboard[2m > [22mNavigation[2m > [22mshould show active state for current page
[31m[1mTestingLibraryElementError[22m[39m: Unable to find an accessible element with the role "menuitem"

Here are the accessible roles:

  img:

  Name "WildOut Logo":
  [36m<img[39m
    [33malt[39m=[32m"WildOut Logo"[39m
    [33mclass[39m=[32m"h-6 w-6 object-contain brightness-0 invert"[39m
    [33mdata-testid[39m=[32m"logo-image"[39m
    [33mid[39m=[32m"logo-image"[39m
  [36m/>[39m

  --------------------------------------------------
  list:

  Name "":
  [36m<ul[39m
    [33mclass[39m=[32m"flex w-full min-w-0 flex-col gap-1"[39m
    [33mdata-sidebar[39m=[32m"menu"[39m
    [33mdata-slot[39m=[32m"sidebar-menu"[39m
  [36m/>[39m

  Name "":
  [36m<ul[39m
    [33mclass[39m=[32m"flex w-full min-w-0 flex-col gap-1"[39m
    [33mdata-sidebar[39m=[32m"menu"[39m
    [33mdata-slot[39m=[32m"sidebar-menu"[39m
  [36m/>[39m

  Name "":
  [36m<ul[39m
    [33mclass[39m=[32m"flex w-full min-w-0 flex-col gap-1"[39m
    [33mdata-sidebar[39m=[32m"menu"[39m
    [33mdata-slot[39m=[32m"sidebar-menu"[39m
  [36m/>[39m

  Name "":
  [36m<ul[39m
    [33mclass[39m=[32m"flex w-full min-w-0 flex-col gap-2"[39m
    [33mdata-sidebar[39m=[32m"menu"[39m
    [33mdata-slot[39m=[32m"sidebar-menu"[39m
    [33mid[39m=[32m"dashboard-sidebar-footer-menu"[39m
  [36m/>[39m

  Name "":
  [36m<ol[39m
    [33mclass[39m=[32m"text-muted-foreground flex flex-wrap items-center gap-1.5 text-sm break-words sm:gap-2.5"[39m
    [33mdata-slot[39m=[32m"breadcrumb-list"[39m
  [36m/>[39m

  --------------------------------------------------
  listitem:

  Name "":
  [36m<li[39m
    [33mclass[39m=[32m"group/menu-item relative"[39m
    [33mdata-sidebar[39m=[32m"menu-item"[39m
    [33mdata-slot[39m=[32m"sidebar-menu-item"[39m
    [33mid[39m=[32m"sidebar-menu-item-home"[39m
  [36m/>[39m

  Name "":
  [36m<li[39m
    [33mclass[39m=[32m"group/menu-item relative"[39m
    [33mdata-sidebar[39m=[32m"menu-item"[39m
    [33mdata-slot[39m=[32m"sidebar-menu-item"[39m
    [33mid[39m=[32m"sidebar-menu-item-events"[39m
  [36m/>[39m

  Name "":
  [36m<li[39m
    [33mclass[39m=[32m"group/menu-item relative"[39m
    [33mdata-sidebar[39m=[32m"menu-item"[39m
    [33mdata-slot[39m=[32m"sidebar-menu-item"[39m
    [33mid[39m=[32m"sidebar-menu-item-settings"[39m
  [36m/>[39m

  Name "":
  [36m<li[39m
    [33mclass[39m=[32m"group/menu-item relative"[39m
    [33mdata-sidebar[39m=[32m"menu-item"[39m
    [33mdata-slot[39m=[32m"sidebar-menu-item"[39m
    [33mid[39m=[32m"sidebar-menu-item-back-to-site"[39m
  [36m/>[39m

  Name "":
  [36m<li[39m
    [33mclass[39m=[32m"group/menu-item relative"[39m
    [33mdata-sidebar[39m=[32m"menu-item"[39m
    [33mdata-slot[39m=[32m"sidebar-menu-item"[39m
    [33mid[39m=[32m"sidebar-menu-item-user-profile"[39m
  [36m/>[39m

  Name "":
  [36m<li[39m
    [33mclass[39m=[32m"inline-flex items-center gap-1.5"[39m
    [33mdata-slot[39m=[32m"breadcrumb-item"[39m
  [36m/>[39m

  --------------------------------------------------
  button:

  Name "Dashboard":
  [36m<button[39m
    [33maria-current[39m=[32m"page"[39m
    [33mclass[39m=[32m"peer/menu-button flex w-full items-center gap-2 overflow-hidden p-2 text-left outline-hidden ring-sidebar-ring ease-in-out focus-visible:ring-2 active:bg-sidebar-accent active:text-sidebar-accent-foreground disabled:pointer-events-none disabled:opacity-50 group-has-data-[sidebar=menu-action]/menu-item:pr-8 aria-disabled:pointer-events-none aria-disabled:opacity-50 data-[active=true]:bg-sidebar-accent data-[active=true]:font-medium data-[active=true]:text-sidebar-accent-foreground data-[state=open]:hover:bg-sidebar-accent data-[state=open]:hover:text-sidebar-accent-foreground group-data-[collapsible=icon]:size-8! group-data-[collapsible=icon]:p-2! [&>span:last-child]:truncate [&>svg]:size-4 [&>svg]:shrink-0 transform-gpu hover:bg-sidebar-accent hover:text-sidebar-accent-foreground text-sm group/item h-11 px-4 rounded-xl transition-all duration-200 border bg-white/10 text-white border-white/5 shadow-sm"[39m
    [33mdata-active[39m=[32m"true"[39m
    [33mdata-sidebar[39m=[32m"menu-button"[39m
    [33mdata-size[39m=[32m"default"[39m
    [33mdata-slot[39m=[32m"sidebar-menu-button"[39m
    [33mdata-state[39m=[32m"closed"[39m
    [33mdata-testid[39m=[32m"nav-home"[39m
    [33mid[39m=[32m"sidebar-menu-button-home"[39m
  [36m/>[39m

  Name "Events 5":
  [36m<button[39m
    [33mclass[39m=[32m"peer/menu-button flex w-full items-center gap-2 overflow-hidden p-2 text-left outline-hidden ring-sidebar-ring ease-in-out focus-visible:ring-2 active:bg-sidebar-accent active:text-sidebar-accent-foreground disabled:pointer-events-none disabled:opacity-50 group-has-data-[sidebar=menu-action]/menu-item:pr-8 aria-disabled:pointer-events-none aria-disabled:opacity-50 data-[active=true]:bg-sidebar-accent data-[active=true]:font-medium data-[active=true]:text-sidebar-accent-foreground data-[state=open]:hover:bg-sidebar-accent data-[state=open]:hover:text-sidebar-accent-foreground group-data-[collapsible=icon]:size-8! group-data-[collapsible=icon]:p-2! [&>span:last-child]:truncate [&>svg]:size-4 [&>svg]:shrink-0 transform-gpu text-sm group/item h-11 px-4 rounded-xl transition-all duration-200 border border-transparent text-white/60 hover:text-white hover:bg-white/5"[39m
    [33mdata-active[39m=[32m"false"[39m
    [33mdata-sidebar[39m=[32m"menu-button"[39m
    [33mdata-size[39m=[32m"default"[39m
    [33mdata-slot[39m=[32m"sidebar-menu-button"[39m
    [33mdata-state[39m=[32m"closed"[39m
    [33mdata-testid[39m=[32m"nav-events"[39m
    [33mid[39m=[32m"sidebar-menu-button-events"[39m
  [36m/>[39m

  Name "Settings":
  [36m<button[39m
    [33mclass[39m=[32m"peer/menu-button flex w-full items-center gap-2 overflow-hidden p-2 text-left outline-hidden ring-sidebar-ring ease-in-out focus-visible:ring-2 active:bg-sidebar-accent active:text-sidebar-accent-foreground disabled:pointer-events-none disabled:opacity-50 group-has-data-[sidebar=menu-action]/menu-item:pr-8 aria-disabled:pointer-events-none aria-disabled:opacity-50 data-[active=true]:bg-sidebar-accent data-[active=true]:font-medium data-[active=true]:text-sidebar-accent-foreground data-[state=open]:hover:bg-sidebar-accent data-[state=open]:hover:text-sidebar-accent-foreground group-data-[collapsible=icon]:size-8! group-data-[collapsible=icon]:p-2! [&>span:last-child]:truncate [&>svg]:size-4 [&>svg]:shrink-0 transform-gpu text-sm group/item h-11 px-4 rounded-xl transition-all duration-200 border border-transparent text-white/60 hover:text-white hover:bg-white/5"[39m
    [33mdata-active[39m=[32m"false"[39m
    [33mdata-sidebar[39m=[32m"menu-button"[39m
    [33mdata-size[39m=[32m"default"[39m
    [33mdata-slot[39m=[32m"sidebar-menu-button"[39m
    [33mdata-state[39m=[32m"closed"[39m
    [33mdata-testid[39m=[32m"nav-settings"[39m
    [33mid[39m=[32m"sidebar-menu-button-settings"[39m
  [36m/>[39m

  Name "Back to Website":
  [36m<button[39m
    [33mclass[39m=[32m"peer/menu-button flex w-full items-center gap-2 overflow-hidden p-2 text-left outline-hidden ring-sidebar-ring ease-in-out focus-visible:ring-2 active:bg-sidebar-accent active:text-sidebar-accent-foreground disabled:pointer-events-none disabled:opacity-50 group-has-data-[sidebar=menu-action]/menu-item:pr-8 aria-disabled:pointer-events-none aria-disabled:opacity-50 data-[active=true]:bg-sidebar-accent data-[active=true]:font-medium data-[active=true]:text-sidebar-accent-foreground data-[state=open]:hover:bg-sidebar-accent data-[state=open]:hover:text-sidebar-accent-foreground group-data-[collapsible=icon]:size-8! group-data-[collapsible=icon]:p-2! [&>span:last-child]:truncate [&>svg]:size-4 [&>svg]:shrink-0 transform-gpu text-sm h-10 px-4 rounded-xl text-white/50 hover:text-white hover:bg-white/5 transition-all duration-200"[39m
    [33mdata-active[39m=[32m"false"[39m
    [33mdata-sidebar[39m=[32m"menu-button"[39m
    [33mdata-size[39m=[32m"default"[39m
    [33mdata-slot[39m=[32m"sidebar-menu-button"[39m
    [33mdata-state[39m=[32m"closed"[39m
    [33mdata-testid[39m=[32m"back-to-site-button"[39m
    [33mid[39m=[32m"sidebar-menu-button-back-to-site"[39m
  [36m/>[39m

  Name "A ADMIN USERadmin@wildoutproject.com":
  [36m<button[39m
    [33maria-expanded[39m=[32m"false"[39m
    [33maria-haspopup[39m=[32m"menu"[39m
    [33mclass[39m=[32m"peer/menu-button flex w-full items-center gap-2 overflow-hidden p-2 text-left outline-hidden ring-sidebar-ring ease-in-out focus-visible:ring-2 active:bg-sidebar-accent active:text-sidebar-accent-foreground disabled:pointer-events-none disabled:opacity-50 group-has-data-[sidebar=menu-action]/menu-item:pr-8 aria-disabled:pointer-events-none aria-disabled:opacity-50 data-[active=true]:bg-sidebar-accent data-[active=true]:font-medium data-[active=true]:text-sidebar-accent-foreground data-[state=open]:hover:bg-sidebar-accent data-[state=open]:hover:text-sidebar-accent-foreground group-data-[collapsible=icon]:size-8! [&>span:last-child]:truncate [&>svg]:size-4 [&>svg]:shrink-0 transform-gpu hover:text-sidebar-accent-foreground text-sm group-data-[collapsible=icon]:p-0! h-14 px-3 rounded-xl bg-white/5 border border-white/10 hover:bg-white/10 transition-all duration-200"[39m
    [33mdata-active[39m=[32m"false"[39m
    [33mdata-sidebar[39m=[32m"menu-button"[39m
    [33mdata-size[39m=[32m"lg"[39m
    [33mdata-slot[39m=[32m"dropdown-menu-trigger"[39m
    [33mdata-state[39m=[32m"closed"[39m
    [33mdata-testid[39m=[32m"user-menu-button"[39m
    [33mid[39m=[32m"user-menu-trigger"[39m
    [33mtype[39m=[32m"button"[39m
  [36m/>[39m

  Name "Collapse Sidebar":
  [36m<button[39m
    [33maria-expanded[39m=[32m"true"[39m
    [33maria-label[39m=[32m"Collapse Sidebar"[39m
    [33mclass[39m=[32m"hover:after:bg-sidebar-border absolute inset-y-0 z-20 hidden w-4 -translate-x-1/2 transition-all ease-linear group-data-[side=left]:-right-4 group-data-[side=right]:left-0 after:absolute after:inset-y-0 after:left-1/2 after:w-[2px] sm:flex in-data-[side=left]:cursor-w-resize in-data-[side=right]:cursor-e-resize [[data-side=left][data-state=collapsed]_&]:cursor-e-resize [[data-side=right][data-state=collapsed]_&]:cursor-w-resize hover:group-data-[collapsible=offcanvas]:bg-sidebar group-data-[collapsible=offcanvas]:translate-x-0 group-data-[collapsible=offcanvas]:after:left-full [[data-side=left][data-collapsible=offcanvas]_&]:-right-2 [[data-side=right][data-collapsible=offcanvas]_&]:-left-2 opacity-0 pointer-events-none"[39m
    [33mdata-sidebar[39m=[32m"rail"[39m
    [33mdata-slot[39m=[32m"sidebar-rail"[39m
    [33mid[39m=[32m"dashboard-sidebar-rail-left"[39m
    [33mtabindex[39m=[32m"0"[39m
    [33mtitle[39m=[32m"Collapse Sidebar"[39m
  [36m/>[39m

  Name "Collapse Sidebar":
  [36m<button[39m
    [33maria-expanded[39m=[32m"true"[39m
    [33maria-label[39m=[32m"Collapse Sidebar"[39m
    [33mclass[39m=[32m"hover:after:bg-sidebar-border absolute inset-y-0 z-20 hidden w-4 -translate-x-1/2 transition-all ease-linear group-data-[side=left]:-right-4 group-data-[side=right]:left-0 after:absolute after:inset-y-0 after:left-1/2 after:w-[2px] sm:flex in-data-[side=left]:cursor-w-resize in-data-[side=right]:cursor-e-resize [[data-side=left][data-state=collapsed]_&]:cursor-e-resize [[data-side=right][data-state=collapsed]_&]:cursor-w-resize hover:group-data-[collapsible=offcanvas]:bg-sidebar group-data-[collapsible=offcanvas]:translate-x-0 group-data-[collapsible=offcanvas]:after:left-full [[data-side=left][data-collapsible=offcanvas]_&]:-right-2 [[data-side=right][data-collapsible=offcanvas]_&]:-left-2 opacity-0 pointer-events-none"[39m
    [33mdata-sidebar[39m=[32m"rail"[39m
    [33mdata-slot[39m=[32m"sidebar-rail"[39m
    [33mid[39m=[32m"dashboard-sidebar-rail-right"[39m
    [33mtabindex[39m=[32m"0"[39m
    [33mtitle[39m=[32m"Collapse Sidebar"[39m
  [36m/>[39m

  Name "Toggle Sidebar":
  [36m<button[39m
    [33mclass[39m=[32m"size-7 h-10 w-10 text-gray-400 hover:text-gray-600 hover:bg-gray-100 rounded-xl"[39m
    [33mdata-sidebar[39m=[32m"trigger"[39m
    [33mdata-slot[39m=[32m"sidebar-trigger"[39m
    [33mid[39m=[32m"sidebar-trigger"[39m
  [36m/>[39m

  Name "":
  [36m<button[39m
    [33maria-controls[39m=[32m"radix-_r_4b_"[39m
    [33maria-expanded[39m=[32m"false"[39m
    [33maria-haspopup[39m=[32m"dialog"[39m
    [33mclass[39m=[32m"relative rounded-lg h-9 w-9 text-gray-500 hover:bg-white hover:text-[#E93370] hover:shadow-sm transition-all"[39m
    [33mdata-slot[39m=[32m"popover-trigger"[39m
    [33mdata-state[39m=[32m"closed"[39m
    [33mtype[39m=[32m"button"[39m
  [36m/>[39m

  Name "":
  [36m<button[39m
    [33mclass[39m=[32m"rounded-lg h-9 w-9 text-gray-500 hover:bg-white hover:text-gray-900 hover:shadow-sm transition-all"[39m
  [36m/>[39m

  Name "Manage":
  [36m<button[39m
    [33mclass[39m=[32m"w-full mt-4 bg-white/10 hover:bg-white/20 text-white border-0 h-10 focus-visible:ring-[#E93370] transition-colors"[39m
  [36m/>[39m

  Name "Manage":
  [36m<button[39m
    [33mclass[39m=[32m"w-full mt-4 bg-white/10 hover:bg-white/20 text-white border-0 h-10 focus-visible:ring-[#E93370] transition-colors"[39m
  [36m/>[39m

  Name "Manage":
  [36m<button[39m
    [33mclass[39m=[32m"w-full mt-4 bg-white/10 hover:bg-white/20 text-white border-0 h-10 focus-visible:ring-[#E93370] transition-colors"[39m
  [36m/>[39m

  Name "Manage":
  [36m<button[39m
    [33mclass[39m=[32m"w-full mt-4 bg-white/10 hover:bg-white/20 text-white border-0 h-10 focus-visible:ring-[#E93370] transition-colors"[39m
  [36m/>[39m

  Name "Manage":
  [36m<button[39m
    [33mclass[39m=[32m"w-full mt-4 bg-white/10 hover:bg-white/20 text-white border-0 h-10 focus-visible:ring-[#E93370] transition-colors"[39m
  [36m/>[39m

  Name "Manage":
  [36m<button[39m
    [33mclass[39m=[32m"w-full mt-4 bg-white/10 hover:bg-white/20 text-white border-0 h-10 focus-visible:ring-[#E93370] transition-colors"[39m
  [36m/>[39m

  --------------------------------------------------
  main:

  Name "":
  [36m<main[39m
    [33mclass[39m=[32m"bg-background relative h-svh flex-1 overflow-y-auto overflow-x-hidden md:peer-data-[variant=inset]:m-2 md:peer-data-[variant=inset]:ml-0 md:peer-data-[variant=inset]:rounded-xl md:peer-data-[variant=inset]:shadow-sm md:peer-data-[variant=inset]:peer-data-[state=collapsed]:ml-2 flex flex-col min-h-0"[39m
    [33mdata-slot[39m=[32m"sidebar-inset"[39m
    [33mdata-testid[39m=[32m"admin-main-content"[39m
    [33mid[39m=[32m"dashboard-main-content"[39m
    [33mstyle[39m=[32m"height: 100dvh; overflow-y: auto; overflow-x: hidden;"[39m
  [36m/>[39m

  --------------------------------------------------
  banner:

  Name "":
  [36m<header[39m
    [33mclass[39m=[32m"flex h-20 items-center justify-between gap-4 border-b border-white/5 bg-[#12141a] shadow-lg sticky top-0 z-20 w-full px-6 md:px-12 shrink-0"[39m
    [33mdata-testid[39m=[32m"admin-header"[39m
    [33mid[39m=[32m"dashboard-header"[39m
  [36m/>[39m

  --------------------------------------------------
  navigation:

  Name "breadcrumb":
  [36m<nav[39m
    [33maria-label[39m=[32m"breadcrumb"[39m
    [33mclass[39m=[32m"hidden md:flex"[39m
    [33mdata-slot[39m=[32m"breadcrumb"[39m
  [36m/>[39m

  --------------------------------------------------
  link:

  Name "Dashboard":
  [36m<a[39m
    [33mclass[39m=[32m"text-gray-400 hover:text-gray-900 font-medium transition-colors"[39m
    [33mdata-slot[39m=[32m"breadcrumb-link"[39m
    [33mhref[39m=[32m"/admin/home"[39m
  [36m/>[39m

  --------------------------------------------------
  textbox:

  Name "":
  [36m<input[39m
    [33mclass[39m=[32m"flex border px-3 py-2 text-sm shadow-sm file:border-0 file:bg-black file:text-sm file:font-medium file:text-foreground placeholder:text-muted-foreground focus-visible:outline-none disabled:cursor-not-allowed disabled:opacity-50 pl-10 h-10 w-64 lg:w-80 bg-gray-50 border-gray-200 rounded-xl focus-visible:bg-white focus-visible:ring-2 focus-visible:ring-[#E93370]/10 focus-visible:border-[#E93370] focus-visible:ring-offset-0 transition-all"[39m
    [33mplaceholder[39m=[32m"Search anything..."[39m
  [36m/>[39m

  --------------------------------------------------
  heading:

  Name "Dashboard Overview":
  [36m<h1[39m
    [33mclass[39m=[32m"text-3xl font-bold tracking-normal bg-gradient-to-r from-white to-[#E93370] bg-clip-text text-transparent"[39m
  [36m/>[39m

  Name "Hero Section":
  [36m<h3[39m
    [33mclass[39m=[32m"font-medium"[39m
  [36m/>[39m

  Name "Events Section":
  [36m<h3[39m
    [33mclass[39m=[32m"font-medium"[39m
  [36m/>[39m

  Name "Team Section":
  [36m<h3[39m
    [33mclass[39m=[32m"font-medium"[39m
  [36m/>[39m

  Name "Gallery Section":
  [36m<h3[39m
    [33mclass[39m=[32m"font-medium"[39m
  [36m/>[39m

  Name "Partners Section":
  [36m<h3[39m
    [33mclass[39m=[32m"font-medium"[39m
  [36m/>[39m

  Name "About Section":
  [36m<h3[39m
    [33mclass[39m=[32m"font-medium"[39m
  [36m/>[39m

  --------------------------------------------------
  paragraph:

  Name "":
  [36m<p[39m
    [33mclass[39m=[32m"text-white/60 mt-1"[39m
  [36m/>[39m

  Name "":
  [36m<p[39m
    [33mclass[39m=[32m"text-xs text-green-400 mt-1"[39m
  [36m/>[39m

  Name "":
  [36m<p[39m
    [33mclass[39m=[32m"text-xs text-green-400 mt-1"[39m
  [36m/>[39m

  Name "":
  [36m<p[39m
    [33mclass[39m=[32m"text-xs text-red-400 mt-1"[39m
  [36m/>[39m

  Name "":
  [36m<p[39m
    [33mclass[39m=[32m"text-xs text-green-400 mt-1"[39m
  [36m/>[39m

  Name "":
  [36m<p[39m
    [33mclass[39m=[32m"text-sm font-medium"[39m
  [36m/>[39m

  Name "":
  [36m<p[39m
    [33mclass[39m=[32m"text-xs text-white/40"[39m
  [36m/>[39m

  Name "":
  [36m<p[39m
    [33mclass[39m=[32m"text-sm font-medium"[39m
  [36m/>[39m

  Name "":
  [36m<p[39m
    [33mclass[39m=[32m"text-xs text-white/40"[39m
  [36m/>[39m

  Name "":
  [36m<p[39m
    [33mclass[39m=[32m"text-sm font-medium"[39m
  [36m/>[39m

  Name "":
  [36m<p[39m
    [33mclass[39m=[32m"text-xs text-white/40"[39m
  [36m/>[39m

  Name "":
  [36m<p[39m
    [33mclass[39m=[32m"text-sm text-white/40"[39m
  [36m/>[39m

  Name "":
  [36m<p[39m
    [33mclass[39m=[32m"text-sm text-white/40"[39m
  [36m/>[39m

  Name "":
  [36m<p[39m
    [33mclass[39m=[32m"text-sm text-white/40"[39m
  [36m/>[39m

  Name "":
  [36m<p[39m
    [33mclass[39m=[32m"text-sm text-white/40"[39m
  [36m/>[39m

  Name "":
  [36m<p[39m
    [33mclass[39m=[32m"text-sm text-white/40"[39m
  [36m/>[39m

  Name "":
  [36m<p[39m
    [33mclass[39m=[32m"text-sm text-white/40"[39m
  [36m/>[39m

  --------------------------------------------------

Ignored nodes: comments, script, style
[36m<body[39m
  [33mstyle[39m=[32m"overflow: hidden;"[39m
[36m>[39m
  [36m<div>[39m
    [36m<div[39m
      [33mclass[39m=[32m"group/sidebar-wrapper has-data-[variant=inset]:bg-sidebar flex h-screen max-h-screen overflow-hidden w-full bg-background"[39m
      [33mdata-slot[39m=[32m"sidebar-wrapper"[39m
      [33mdata-testid[39m=[32m"admin-dashboard-layout"[39m
      [33mstyle[39m=[32m"--sidebar-width: 16rem; --sidebar-width-icon: 3rem; height: 100dvh; overflow: hidden;"[39m
    [36m>[39m
      [36m<div[39m
        [33mclass[39m=[32m"group peer text-sidebar-foreground flex w-64 shrink-0 bg-sidebar border-r border-sidebar-border shadow-2xl"[39m
        [33mdata-slot[39m=[32m"sidebar"[39m
        [33mdata-testid[39m=[32m"admin-sidebar"[39m
        [33mid[39m=[32m"dashboard-sidebar"[39m
      [36m>[39m
        [36m<div[39m
          [33mclass[39m=[32m"relative w-64 bg-black"[39m
          [33mdata-slot[39m=[32m"sidebar-gap"[39m
        [36m/>[39m
        [36m<div[39m
          [33mclass[39m=[32m"fixed inset-y-0 left-0 z-30 h-svh w-64 flex bg-sidebar"[39m
          [33mdata-slot[39m=[32m"sidebar-container"[39m
        [36m>[39m
          [36m<div[39m
            [33mclass[39m=[32m"flex h-full w-full flex-col border-r border-sidebar-border bg-sidebar"[39m
            [33mdata-sidebar[39m=[32m"sidebar"[39m
            [33mdata-slot[39m=[32m"sidebar-inner"[39m
          [36m>[39m
            [36m<div[39m
              [33mclass[39m=[32m"p-2 h-20 border-b border-white/5 px-6 flex flex-row items-center gap-4 shrink-0 bg-[#1e2129]"[39m
              [33mdata-sidebar[39m=[32m"header"[39m
              [33mdata-slot[39m=[32m"sidebar-header"[39m
              [33mid[39m=[32m"dashboard-sidebar-header"[39m
            [36m>[39m
              [36m<div[39m
                [33mclass[39m=[32m"flex items-center gap-3 font-bold text-xl overflow-hidden"[39m
                [33mdata-testid[39m=[32m"dashboard-logo"[39m
                [33mid[39m=[32m"dashboard-logo"[39m
              [36m>[39m
                [36m<div[39m
                  [33mclass[39m=[32m"bg-[#E93370] p-1.5 rounded-lg shadow-lg shadow-[#E93370]/20"[39m
                [36m>[39m
                  [36m<img[39m
                    [33malt[39m=[32m"WildOut Logo"[39m
                    [33mclass[39m=[32m"h-6 w-6 object-contain brightness-0 invert"[39m
                    [33mdata-testid[39m=[32m"logo-image"[39m
                    [33mid[39m=[32m"logo-image"[39m
                  [36m/>[39m
                [36m</div>[39m
                [36m<span[39m
                  [33mclass[39m=[32m"whitespace-nowrap tracking-tight text-white font-black italic"[39m
                  [33mdata-testid[39m=[32m"logo-text"[39m
                  [33mid[39m=[32m"logo-text"[39m
                [36m>[39m
                  [0mWILDOUT![0m
                [36m</span>[39m
              [36m</div>[39m
            [36m</div>[39m
            [36m<div[39m
              [33mclass[39m=[32m"flex min-h-0 flex-1 flex-col gap-2 overflow-auto group-data-[collapsible=icon]:overflow-hidden px-3 py-6 overflow-y-auto space-y-8 bg-[#1e2129]"[39m
              [33mdata-sidebar[39m=[32m"content"[39m
              [33mdata-slot[39m=[32m"sidebar-content"[39m
              [33mid[39m=[32m"dashboard-sidebar-content"[39m
            [36m>[39m
              [36m<div[39m
                [33mclass[39m=[32m"space-y-2"[39m
              [36m>[39m
                [36m<span[39m
                  [33mclass[39m=[32m"text-[10px] font-bold text-white/40 uppercase tracking-[0.2em] mb-3 block px-3"[39m
                [36m>[39m
                  [0mCORE FEATURES[0m
                [36m</span>[39m
                [36m<ul[39m
                  [33mclass[39m=[32m"flex w-full min-w-0 flex-col gap-1"[39m
                  [33mdata-sidebar[39m=[32m"menu"[39m
                  [33mdata-slot[39m=[32m"sidebar-menu"[39m
                [36m>[39m
                  [36m<li[39m
                    [33mclass[39m=[32m"group/menu-item relative"[39m
                    [33mdata-sidebar[39m=[32m"menu-item"[39m
                    [33mdata-slot[39m=[32m"sidebar-menu-item"[39m
                    [33mid[39m=[32m"sidebar-menu-item-home"[39m
                  [36m>[39m
                    [36m<button[39m
                      [33maria-current[39m=[32m"page"[39m
                      [33mclass[39m=[32m"peer/menu-button flex w-full items-center gap-2 overflow-hidden p-2 text-left outline-hidden ring-sidebar-ring ease-in-out focus-visible:ring-2 active:bg-sidebar-accent active:text-sidebar-accent-foreground disabled:pointer-events-none disabled:opacity-50 group-has-data-[sidebar=menu-action]/menu-item:pr-8 aria-disabled:pointer-events-none aria-disabled:opacity-50 data-[active=true]:bg-sidebar-accent data-[active=true]:font-medium data-[active=true]:text-sidebar-accent-foreground data-[state=open]:hover:bg-sidebar-accent data-[state=open]:hover:text-sidebar-accent-foreground group-data-[collapsible=icon]:size-8! group-data-[collapsible=icon]:p-2! [&>span:last-child]:truncate [&>svg]:size-4 [&>svg]:shrink-0 transform-gpu hover:bg-sidebar-accent hover:text-sidebar-accent-foreground text-sm group/item h-11 px-4 rounded-xl transition-all duration-200 border bg-white/10 text-white border-white/5 shadow-sm"[39m
                      [33mdata-active[39m=[32m"true"[39m
                      [33mdata-sidebar[39m=[32m"menu-button"[39m
                      [33mdata-size[39m=[32m"default"[39m
                      [33mdata-slot[39m=[32m"sidebar-menu-button"[39m
                      [33mdata-state[39m=[32m"closed"[39m
                      [33mdata-testid[39m=[32m"nav-home"[39m
                      [33mid[39m=[32m"sidebar-menu-button-home"[39m
                    [36m>[39m
                      [36m<div[39m
                        [33mclass[39m=[32m"flex items-center justify-center w-5 h-5 transition-transform duration-200 group-hover/item:scale-110 text-[#E93370]"[39m
                      [36m>[39m
                        [36m<svg[39m
                          [33mclass[39m=[32m"h-4 w-4"[39m
                          [33mdata-testid[39m=[32m"nav-icon-home"[39m
                          [33mid[39m=[32m"nav-icon-home"[39m
                        [36m/>[39m
                      [36m</div>[39m
                      [36m<span[39m
                        [33mclass[39m=[32m"text-sm font-medium tracking-wide flex-grow ml-3"[39m
                        [33mid[39m=[32m"nav-label-home"[39m
                      [36m>[39m
                        [0mDashboard[0m
                      [36m</span>[39m
                    [36m</button>[39m
                  [36m</li>[39m
                [36m</ul>[3...
[90m [2m❯[22m Object.getElementError node_modules/.pnpm/@testing-library+dom@10.4.1/node_modules/@testing-library/dom/dist/config.js:[2m37:19[22m[39m
[90m [2m❯[22m node_modules/.pnpm/@testing-library+dom@10.4.1/node_modules/@testing-library/dom/dist/query-helpers.js:[2m76:38[22m[39m
[90m [2m❯[22m node_modules/.pnpm/@testing-library+dom@10.4.1/node_modules/@testing-library/dom/dist/query-helpers.js:[2m52:17[22m[39m
[90m [2m❯[22m getByRole node_modules/.pnpm/@testing-library+dom@10.4.1/node_modules/@testing-library/dom/dist/query-helpers.js:[2m95:19[22m[39m
[36m [2m❯[22m src/test/AdminDashboard.test.tsx:[2m303:33[22m[39m
    [90m301| [39m      [34mrenderAdminDashboard[39m()[33m;[39m
    [90m302| [39m
    [90m303| [39m      const activeItem = screen.getByRole('menuitem', { current: 'page…
    [90m   | [39m                                [31m^[39m
    [90m304| [39m      expect(activeItem).toHaveClass('bg-accent text-accent-foreground…
    [90m305| [39m      [34mexpect[39m(activeItem)[33m.[39mnot[33m.[39m[34mtoHaveClass[39m([32m'text-muted-foreground'[39m)[33m;[39m

[31m[2m⎯⎯⎯⎯⎯⎯⎯⎯⎯⎯⎯⎯⎯⎯⎯⎯⎯⎯⎯⎯⎯⎯[20/28]⎯[22m[39m

[41m[1m FAIL [22m[49m src/test/AdminDashboard.test.tsx[2m > [22mAdminDashboard[2m > [22mNavigation[2m > [22mshould have inactive styles for non-current pages
[31m[1mTestingLibraryElementError[22m[39m: Unable to find an accessible element with the role "menuitem" and name `/Events/i`

Here are the accessible roles:

  img:

  Name "WildOut Logo":
  [36m<img[39m
    [33malt[39m=[32m"WildOut Logo"[39m
    [33mclass[39m=[32m"h-6 w-6 object-contain brightness-0 invert"[39m
    [33mdata-testid[39m=[32m"logo-image"[39m
    [33mid[39m=[32m"logo-image"[39m
  [36m/>[39m

  --------------------------------------------------
  list:

  Name "":
  [36m<ul[39m
    [33mclass[39m=[32m"flex w-full min-w-0 flex-col gap-1"[39m
    [33mdata-sidebar[39m=[32m"menu"[39m
    [33mdata-slot[39m=[32m"sidebar-menu"[39m
  [36m/>[39m

  Name "":
  [36m<ul[39m
    [33mclass[39m=[32m"flex w-full min-w-0 flex-col gap-1"[39m
    [33mdata-sidebar[39m=[32m"menu"[39m
    [33mdata-slot[39m=[32m"sidebar-menu"[39m
  [36m/>[39m

  Name "":
  [36m<ul[39m
    [33mclass[39m=[32m"flex w-full min-w-0 flex-col gap-1"[39m
    [33mdata-sidebar[39m=[32m"menu"[39m
    [33mdata-slot[39m=[32m"sidebar-menu"[39m
  [36m/>[39m

  Name "":
  [36m<ul[39m
    [33mclass[39m=[32m"flex w-full min-w-0 flex-col gap-2"[39m
    [33mdata-sidebar[39m=[32m"menu"[39m
    [33mdata-slot[39m=[32m"sidebar-menu"[39m
    [33mid[39m=[32m"dashboard-sidebar-footer-menu"[39m
  [36m/>[39m

  Name "":
  [36m<ol[39m
    [33mclass[39m=[32m"text-muted-foreground flex flex-wrap items-center gap-1.5 text-sm break-words sm:gap-2.5"[39m
    [33mdata-slot[39m=[32m"breadcrumb-list"[39m
  [36m/>[39m

  --------------------------------------------------
  listitem:

  Name "":
  [36m<li[39m
    [33mclass[39m=[32m"group/menu-item relative"[39m
    [33mdata-sidebar[39m=[32m"menu-item"[39m
    [33mdata-slot[39m=[32m"sidebar-menu-item"[39m
    [33mid[39m=[32m"sidebar-menu-item-home"[39m
  [36m/>[39m

  Name "":
  [36m<li[39m
    [33mclass[39m=[32m"group/menu-item relative"[39m
    [33mdata-sidebar[39m=[32m"menu-item"[39m
    [33mdata-slot[39m=[32m"sidebar-menu-item"[39m
    [33mid[39m=[32m"sidebar-menu-item-events"[39m
  [36m/>[39m

  Name "":
  [36m<li[39m
    [33mclass[39m=[32m"group/menu-item relative"[39m
    [33mdata-sidebar[39m=[32m"menu-item"[39m
    [33mdata-slot[39m=[32m"sidebar-menu-item"[39m
    [33mid[39m=[32m"sidebar-menu-item-settings"[39m
  [36m/>[39m

  Name "":
  [36m<li[39m
    [33mclass[39m=[32m"group/menu-item relative"[39m
    [33mdata-sidebar[39m=[32m"menu-item"[39m
    [33mdata-slot[39m=[32m"sidebar-menu-item"[39m
    [33mid[39m=[32m"sidebar-menu-item-back-to-site"[39m
  [36m/>[39m

  Name "":
  [36m<li[39m
    [33mclass[39m=[32m"group/menu-item relative"[39m
    [33mdata-sidebar[39m=[32m"menu-item"[39m
    [33mdata-slot[39m=[32m"sidebar-menu-item"[39m
    [33mid[39m=[32m"sidebar-menu-item-user-profile"[39m
  [36m/>[39m

  Name "":
  [36m<li[39m
    [33mclass[39m=[32m"inline-flex items-center gap-1.5"[39m
    [33mdata-slot[39m=[32m"breadcrumb-item"[39m
  [36m/>[39m

  --------------------------------------------------
  button:

  Name "Dashboard":
  [36m<button[39m
    [33maria-current[39m=[32m"page"[39m
    [33mclass[39m=[32m"peer/menu-button flex w-full items-center gap-2 overflow-hidden p-2 text-left outline-hidden ring-sidebar-ring ease-in-out focus-visible:ring-2 active:bg-sidebar-accent active:text-sidebar-accent-foreground disabled:pointer-events-none disabled:opacity-50 group-has-data-[sidebar=menu-action]/menu-item:pr-8 aria-disabled:pointer-events-none aria-disabled:opacity-50 data-[active=true]:bg-sidebar-accent data-[active=true]:font-medium data-[active=true]:text-sidebar-accent-foreground data-[state=open]:hover:bg-sidebar-accent data-[state=open]:hover:text-sidebar-accent-foreground group-data-[collapsible=icon]:size-8! group-data-[collapsible=icon]:p-2! [&>span:last-child]:truncate [&>svg]:size-4 [&>svg]:shrink-0 transform-gpu hover:bg-sidebar-accent hover:text-sidebar-accent-foreground text-sm group/item h-11 px-4 rounded-xl transition-all duration-200 border bg-white/10 text-white border-white/5 shadow-sm"[39m
    [33mdata-active[39m=[32m"true"[39m
    [33mdata-sidebar[39m=[32m"menu-button"[39m
    [33mdata-size[39m=[32m"default"[39m
    [33mdata-slot[39m=[32m"sidebar-menu-button"[39m
    [33mdata-state[39m=[32m"closed"[39m
    [33mdata-testid[39m=[32m"nav-home"[39m
    [33mid[39m=[32m"sidebar-menu-button-home"[39m
  [36m/>[39m

  Name "Events 5":
  [36m<button[39m
    [33mclass[39m=[32m"peer/menu-button flex w-full items-center gap-2 overflow-hidden p-2 text-left outline-hidden ring-sidebar-ring ease-in-out focus-visible:ring-2 active:bg-sidebar-accent active:text-sidebar-accent-foreground disabled:pointer-events-none disabled:opacity-50 group-has-data-[sidebar=menu-action]/menu-item:pr-8 aria-disabled:pointer-events-none aria-disabled:opacity-50 data-[active=true]:bg-sidebar-accent data-[active=true]:font-medium data-[active=true]:text-sidebar-accent-foreground data-[state=open]:hover:bg-sidebar-accent data-[state=open]:hover:text-sidebar-accent-foreground group-data-[collapsible=icon]:size-8! group-data-[collapsible=icon]:p-2! [&>span:last-child]:truncate [&>svg]:size-4 [&>svg]:shrink-0 transform-gpu text-sm group/item h-11 px-4 rounded-xl transition-all duration-200 border border-transparent text-white/60 hover:text-white hover:bg-white/5"[39m
    [33mdata-active[39m=[32m"false"[39m
    [33mdata-sidebar[39m=[32m"menu-button"[39m
    [33mdata-size[39m=[32m"default"[39m
    [33mdata-slot[39m=[32m"sidebar-menu-button"[39m
    [33mdata-state[39m=[32m"closed"[39m
    [33mdata-testid[39m=[32m"nav-events"[39m
    [33mid[39m=[32m"sidebar-menu-button-events"[39m
  [36m/>[39m

  Name "Settings":
  [36m<button[39m
    [33mclass[39m=[32m"peer/menu-button flex w-full items-center gap-2 overflow-hidden p-2 text-left outline-hidden ring-sidebar-ring ease-in-out focus-visible:ring-2 active:bg-sidebar-accent active:text-sidebar-accent-foreground disabled:pointer-events-none disabled:opacity-50 group-has-data-[sidebar=menu-action]/menu-item:pr-8 aria-disabled:pointer-events-none aria-disabled:opacity-50 data-[active=true]:bg-sidebar-accent data-[active=true]:font-medium data-[active=true]:text-sidebar-accent-foreground data-[state=open]:hover:bg-sidebar-accent data-[state=open]:hover:text-sidebar-accent-foreground group-data-[collapsible=icon]:size-8! group-data-[collapsible=icon]:p-2! [&>span:last-child]:truncate [&>svg]:size-4 [&>svg]:shrink-0 transform-gpu text-sm group/item h-11 px-4 rounded-xl transition-all duration-200 border border-transparent text-white/60 hover:text-white hover:bg-white/5"[39m
    [33mdata-active[39m=[32m"false"[39m
    [33mdata-sidebar[39m=[32m"menu-button"[39m
    [33mdata-size[39m=[32m"default"[39m
    [33mdata-slot[39m=[32m"sidebar-menu-button"[39m
    [33mdata-state[39m=[32m"closed"[39m
    [33mdata-testid[39m=[32m"nav-settings"[39m
    [33mid[39m=[32m"sidebar-menu-button-settings"[39m
  [36m/>[39m

  Name "Back to Website":
  [36m<button[39m
    [33mclass[39m=[32m"peer/menu-button flex w-full items-center gap-2 overflow-hidden p-2 text-left outline-hidden ring-sidebar-ring ease-in-out focus-visible:ring-2 active:bg-sidebar-accent active:text-sidebar-accent-foreground disabled:pointer-events-none disabled:opacity-50 group-has-data-[sidebar=menu-action]/menu-item:pr-8 aria-disabled:pointer-events-none aria-disabled:opacity-50 data-[active=true]:bg-sidebar-accent data-[active=true]:font-medium data-[active=true]:text-sidebar-accent-foreground data-[state=open]:hover:bg-sidebar-accent data-[state=open]:hover:text-sidebar-accent-foreground group-data-[collapsible=icon]:size-8! group-data-[collapsible=icon]:p-2! [&>span:last-child]:truncate [&>svg]:size-4 [&>svg]:shrink-0 transform-gpu text-sm h-10 px-4 rounded-xl text-white/50 hover:text-white hover:bg-white/5 transition-all duration-200"[39m
    [33mdata-active[39m=[32m"false"[39m
    [33mdata-sidebar[39m=[32m"menu-button"[39m
    [33mdata-size[39m=[32m"default"[39m
    [33mdata-slot[39m=[32m"sidebar-menu-button"[39m
    [33mdata-state[39m=[32m"closed"[39m
    [33mdata-testid[39m=[32m"back-to-site-button"[39m
    [33mid[39m=[32m"sidebar-menu-button-back-to-site"[39m
  [36m/>[39m

  Name "A ADMIN USERadmin@wildoutproject.com":
  [36m<button[39m
    [33maria-expanded[39m=[32m"false"[39m
    [33maria-haspopup[39m=[32m"menu"[39m
    [33mclass[39m=[32m"peer/menu-button flex w-full items-center gap-2 overflow-hidden p-2 text-left outline-hidden ring-sidebar-ring ease-in-out focus-visible:ring-2 active:bg-sidebar-accent active:text-sidebar-accent-foreground disabled:pointer-events-none disabled:opacity-50 group-has-data-[sidebar=menu-action]/menu-item:pr-8 aria-disabled:pointer-events-none aria-disabled:opacity-50 data-[active=true]:bg-sidebar-accent data-[active=true]:font-medium data-[active=true]:text-sidebar-accent-foreground data-[state=open]:hover:bg-sidebar-accent data-[state=open]:hover:text-sidebar-accent-foreground group-data-[collapsible=icon]:size-8! [&>span:last-child]:truncate [&>svg]:size-4 [&>svg]:shrink-0 transform-gpu hover:text-sidebar-accent-foreground text-sm group-data-[collapsible=icon]:p-0! h-14 px-3 rounded-xl bg-white/5 border border-white/10 hover:bg-white/10 transition-all duration-200"[39m
    [33mdata-active[39m=[32m"false"[39m
    [33mdata-sidebar[39m=[32m"menu-button"[39m
    [33mdata-size[39m=[32m"lg"[39m
    [33mdata-slot[39m=[32m"dropdown-menu-trigger"[39m
    [33mdata-state[39m=[32m"closed"[39m
    [33mdata-testid[39m=[32m"user-menu-button"[39m
    [33mid[39m=[32m"user-menu-trigger"[39m
    [33mtype[39m=[32m"button"[39m
  [36m/>[39m

  Name "Collapse Sidebar":
  [36m<button[39m
    [33maria-expanded[39m=[32m"true"[39m
    [33maria-label[39m=[32m"Collapse Sidebar"[39m
    [33mclass[39m=[32m"hover:after:bg-sidebar-border absolute inset-y-0 z-20 hidden w-4 -translate-x-1/2 transition-all ease-linear group-data-[side=left]:-right-4 group-data-[side=right]:left-0 after:absolute after:inset-y-0 after:left-1/2 after:w-[2px] sm:flex in-data-[side=left]:cursor-w-resize in-data-[side=right]:cursor-e-resize [[data-side=left][data-state=collapsed]_&]:cursor-e-resize [[data-side=right][data-state=collapsed]_&]:cursor-w-resize hover:group-data-[collapsible=offcanvas]:bg-sidebar group-data-[collapsible=offcanvas]:translate-x-0 group-data-[collapsible=offcanvas]:after:left-full [[data-side=left][data-collapsible=offcanvas]_&]:-right-2 [[data-side=right][data-collapsible=offcanvas]_&]:-left-2 opacity-0 pointer-events-none"[39m
    [33mdata-sidebar[39m=[32m"rail"[39m
    [33mdata-slot[39m=[32m"sidebar-rail"[39m
    [33mid[39m=[32m"dashboard-sidebar-rail-left"[39m
    [33mtabindex[39m=[32m"0"[39m
    [33mtitle[39m=[32m"Collapse Sidebar"[39m
  [36m/>[39m

  Name "Collapse Sidebar":
  [36m<button[39m
    [33maria-expanded[39m=[32m"true"[39m
    [33maria-label[39m=[32m"Collapse Sidebar"[39m
    [33mclass[39m=[32m"hover:after:bg-sidebar-border absolute inset-y-0 z-20 hidden w-4 -translate-x-1/2 transition-all ease-linear group-data-[side=left]:-right-4 group-data-[side=right]:left-0 after:absolute after:inset-y-0 after:left-1/2 after:w-[2px] sm:flex in-data-[side=left]:cursor-w-resize in-data-[side=right]:cursor-e-resize [[data-side=left][data-state=collapsed]_&]:cursor-e-resize [[data-side=right][data-state=collapsed]_&]:cursor-w-resize hover:group-data-[collapsible=offcanvas]:bg-sidebar group-data-[collapsible=offcanvas]:translate-x-0 group-data-[collapsible=offcanvas]:after:left-full [[data-side=left][data-collapsible=offcanvas]_&]:-right-2 [[data-side=right][data-collapsible=offcanvas]_&]:-left-2 opacity-0 pointer-events-none"[39m
    [33mdata-sidebar[39m=[32m"rail"[39m
    [33mdata-slot[39m=[32m"sidebar-rail"[39m
    [33mid[39m=[32m"dashboard-sidebar-rail-right"[39m
    [33mtabindex[39m=[32m"0"[39m
    [33mtitle[39m=[32m"Collapse Sidebar"[39m
  [36m/>[39m

  Name "Toggle Sidebar":
  [36m<button[39m
    [33mclass[39m=[32m"size-7 h-10 w-10 text-gray-400 hover:text-gray-600 hover:bg-gray-100 rounded-xl"[39m
    [33mdata-sidebar[39m=[32m"trigger"[39m
    [33mdata-slot[39m=[32m"sidebar-trigger"[39m
    [33mid[39m=[32m"sidebar-trigger"[39m
  [36m/>[39m

  Name "":
  [36m<button[39m
    [33maria-controls[39m=[32m"radix-_r_4i_"[39m
    [33maria-expanded[39m=[32m"false"[39m
    [33maria-haspopup[39m=[32m"dialog"[39m
    [33mclass[39m=[32m"relative rounded-lg h-9 w-9 text-gray-500 hover:bg-white hover:text-[#E93370] hover:shadow-sm transition-all"[39m
    [33mdata-slot[39m=[32m"popover-trigger"[39m
    [33mdata-state[39m=[32m"closed"[39m
    [33mtype[39m=[32m"button"[39m
  [36m/>[39m

  Name "":
  [36m<button[39m
    [33mclass[39m=[32m"rounded-lg h-9 w-9 text-gray-500 hover:bg-white hover:text-gray-900 hover:shadow-sm transition-all"[39m
  [36m/>[39m

  Name "Manage":
  [36m<button[39m
    [33mclass[39m=[32m"w-full mt-4 bg-white/10 hover:bg-white/20 text-white border-0 h-10 focus-visible:ring-[#E93370] transition-colors"[39m
  [36m/>[39m

  Name "Manage":
  [36m<button[39m
    [33mclass[39m=[32m"w-full mt-4 bg-white/10 hover:bg-white/20 text-white border-0 h-10 focus-visible:ring-[#E93370] transition-colors"[39m
  [36m/>[39m

  Name "Manage":
  [36m<button[39m
    [33mclass[39m=[32m"w-full mt-4 bg-white/10 hover:bg-white/20 text-white border-0 h-10 focus-visible:ring-[#E93370] transition-colors"[39m
  [36m/>[39m

  Name "Manage":
  [36m<button[39m
    [33mclass[39m=[32m"w-full mt-4 bg-white/10 hover:bg-white/20 text-white border-0 h-10 focus-visible:ring-[#E93370] transition-colors"[39m
  [36m/>[39m

  Name "Manage":
  [36m<button[39m
    [33mclass[39m=[32m"w-full mt-4 bg-white/10 hover:bg-white/20 text-white border-0 h-10 focus-visible:ring-[#E93370] transition-colors"[39m
  [36m/>[39m

  Name "Manage":
  [36m<button[39m
    [33mclass[39m=[32m"w-full mt-4 bg-white/10 hover:bg-white/20 text-white border-0 h-10 focus-visible:ring-[#E93370] transition-colors"[39m
  [36m/>[39m

  --------------------------------------------------
  main:

  Name "":
  [36m<main[39m
    [33mclass[39m=[32m"bg-background relative h-svh flex-1 overflow-y-auto overflow-x-hidden md:peer-data-[variant=inset]:m-2 md:peer-data-[variant=inset]:ml-0 md:peer-data-[variant=inset]:rounded-xl md:peer-data-[variant=inset]:shadow-sm md:peer-data-[variant=inset]:peer-data-[state=collapsed]:ml-2 flex flex-col min-h-0"[39m
    [33mdata-slot[39m=[32m"sidebar-inset"[39m
    [33mdata-testid[39m=[32m"admin-main-content"[39m
    [33mid[39m=[32m"dashboard-main-content"[39m
    [33mstyle[39m=[32m"height: 100dvh; overflow-y: auto; overflow-x: hidden;"[39m
  [36m/>[39m

  --------------------------------------------------
  banner:

  Name "":
  [36m<header[39m
    [33mclass[39m=[32m"flex h-20 items-center justify-between gap-4 border-b border-white/5 bg-[#12141a] shadow-lg sticky top-0 z-20 w-full px-6 md:px-12 shrink-0"[39m
    [33mdata-testid[39m=[32m"admin-header"[39m
    [33mid[39m=[32m"dashboard-header"[39m
  [36m/>[39m

  --------------------------------------------------
  navigation:

  Name "breadcrumb":
  [36m<nav[39m
    [33maria-label[39m=[32m"breadcrumb"[39m
    [33mclass[39m=[32m"hidden md:flex"[39m
    [33mdata-slot[39m=[32m"breadcrumb"[39m
  [36m/>[39m

  --------------------------------------------------
  link:

  Name "Dashboard":
  [36m<a[39m
    [33mclass[39m=[32m"text-gray-400 hover:text-gray-900 font-medium transition-colors"[39m
    [33mdata-slot[39m=[32m"breadcrumb-link"[39m
    [33mhref[39m=[32m"/admin/home"[39m
  [36m/>[39m

  --------------------------------------------------
  textbox:

  Name "":
  [36m<input[39m
    [33mclass[39m=[32m"flex border px-3 py-2 text-sm shadow-sm file:border-0 file:bg-black file:text-sm file:font-medium file:text-foreground placeholder:text-muted-foreground focus-visible:outline-none disabled:cursor-not-allowed disabled:opacity-50 pl-10 h-10 w-64 lg:w-80 bg-gray-50 border-gray-200 rounded-xl focus-visible:bg-white focus-visible:ring-2 focus-visible:ring-[#E93370]/10 focus-visible:border-[#E93370] focus-visible:ring-offset-0 transition-all"[39m
    [33mplaceholder[39m=[32m"Search anything..."[39m
  [36m/>[39m

  --------------------------------------------------
  heading:

  Name "Dashboard Overview":
  [36m<h1[39m
    [33mclass[39m=[32m"text-3xl font-bold tracking-normal bg-gradient-to-r from-white to-[#E93370] bg-clip-text text-transparent"[39m
  [36m/>[39m

  Name "Hero Section":
  [36m<h3[39m
    [33mclass[39m=[32m"font-medium"[39m
  [36m/>[39m

  Name "Events Section":
  [36m<h3[39m
    [33mclass[39m=[32m"font-medium"[39m
  [36m/>[39m

  Name "Team Section":
  [36m<h3[39m
    [33mclass[39m=[32m"font-medium"[39m
  [36m/>[39m

  Name "Gallery Section":
  [36m<h3[39m
    [33mclass[39m=[32m"font-medium"[39m
  [36m/>[39m

  Name "Partners Section":
  [36m<h3[39m
    [33mclass[39m=[32m"font-medium"[39m
  [36m/>[39m

  Name "About Section":
  [36m<h3[39m
    [33mclass[39m=[32m"font-medium"[39m
  [36m/>[39m

  --------------------------------------------------
  paragraph:

  Name "":
  [36m<p[39m
    [33mclass[39m=[32m"text-white/60 mt-1"[39m
  [36m/>[39m

  Name "":
  [36m<p[39m
    [33mclass[39m=[32m"text-xs text-green-400 mt-1"[39m
  [36m/>[39m

  Name "":
  [36m<p[39m
    [33mclass[39m=[32m"text-xs text-green-400 mt-1"[39m
  [36m/>[39m

  Name "":
  [36m<p[39m
    [33mclass[39m=[32m"text-xs text-red-400 mt-1"[39m
  [36m/>[39m

  Name "":
  [36m<p[39m
    [33mclass[39m=[32m"text-xs text-green-400 mt-1"[39m
  [36m/>[39m

  Name "":
  [36m<p[39m
    [33mclass[39m=[32m"text-sm font-medium"[39m
  [36m/>[39m

  Name "":
  [36m<p[39m
    [33mclass[39m=[32m"text-xs text-white/40"[39m
  [36m/>[39m

  Name "":
  [36m<p[39m
    [33mclass[39m=[32m"text-sm font-medium"[39m
  [36m/>[39m

  Name "":
  [36m<p[39m
    [33mclass[39m=[32m"text-xs text-white/40"[39m
  [36m/>[39m

  Name "":
  [36m<p[39m
    [33mclass[39m=[32m"text-sm font-medium"[39m
  [36m/>[39m

  Name "":
  [36m<p[39m
    [33mclass[39m=[32m"text-xs text-white/40"[39m
  [36m/>[39m

  Name "":
  [36m<p[39m
    [33mclass[39m=[32m"text-sm text-white/40"[39m
  [36m/>[39m

  Name "":
  [36m<p[39m
    [33mclass[39m=[32m"text-sm text-white/40"[39m
  [36m/>[39m

  Name "":
  [36m<p[39m
    [33mclass[39m=[32m"text-sm text-white/40"[39m
  [36m/>[39m

  Name "":
  [36m<p[39m
    [33mclass[39m=[32m"text-sm text-white/40"[39m
  [36m/>[39m

  Name "":
  [36m<p[39m
    [33mclass[39m=[32m"text-sm text-white/40"[39m
  [36m/>[39m

  Name "":
  [36m<p[39m
    [33mclass[39m=[32m"text-sm text-white/40"[39m
  [36m/>[39m

  --------------------------------------------------

Ignored nodes: comments, script, style
[36m<body[39m
  [33mstyle[39m=[32m"overflow: hidden;"[39m
[36m>[39m
  [36m<div>[39m
    [36m<div[39m
      [33mclass[39m=[32m"group/sidebar-wrapper has-data-[variant=inset]:bg-sidebar flex h-screen max-h-screen overflow-hidden w-full bg-background"[39m
      [33mdata-slot[39m=[32m"sidebar-wrapper"[39m
      [33mdata-testid[39m=[32m"admin-dashboard-layout"[39m
      [33mstyle[39m=[32m"--sidebar-width: 16rem; --sidebar-width-icon: 3rem; height: 100dvh; overflow: hidden;"[39m
    [36m>[39m
      [36m<div[39m
        [33mclass[39m=[32m"group peer text-sidebar-foreground flex w-64 shrink-0 bg-sidebar border-r border-sidebar-border shadow-2xl"[39m
        [33mdata-slot[39m=[32m"sidebar"[39m
        [33mdata-testid[39m=[32m"admin-sidebar"[39m
        [33mid[39m=[32m"dashboard-sidebar"[39m
      [36m>[39m
        [36m<div[39m
          [33mclass[39m=[32m"relative w-64 bg-black"[39m
          [33mdata-slot[39m=[32m"sidebar-gap"[39m
        [36m/>[39m
        [36m<div[39m
          [33mclass[39m=[32m"fixed inset-y-0 left-0 z-30 h-svh w-64 flex bg-sidebar"[39m
          [33mdata-slot[39m=[32m"sidebar-container"[39m
        [36m>[39m
          [36m<div[39m
            [33mclass[39m=[32m"flex h-full w-full flex-col border-r border-sidebar-border bg-sidebar"[39m
            [33mdata-sidebar[39m=[32m"sidebar"[39m
            [33mdata-slot[39m=[32m"sidebar-inner"[39m
          [36m>[39m
            [36m<div[39m
              [33mclass[39m=[32m"p-2 h-20 border-b border-white/5 px-6 flex flex-row items-center gap-4 shrink-0 bg-[#1e2129]"[39m
              [33mdata-sidebar[39m=[32m"header"[39m
              [33mdata-slot[39m=[32m"sidebar-header"[39m
              [33mid[39m=[32m"dashboard-sidebar-header"[39m
            [36m>[39m
              [36m<div[39m
                [33mclass[39m=[32m"flex items-center gap-3 font-bold text-xl overflow-hidden"[39m
                [33mdata-testid[39m=[32m"dashboard-logo"[39m
                [33mid[39m=[32m"dashboard-logo"[39m
              [36m>[39m
                [36m<div[39m
                  [33mclass[39m=[32m"bg-[#E93370] p-1.5 rounded-lg shadow-lg shadow-[#E93370]/20"[39m
                [36m>[39m
                  [36m<img[39m
                    [33malt[39m=[32m"WildOut Logo"[39m
                    [33mclass[39m=[32m"h-6 w-6 object-contain brightness-0 invert"[39m
                    [33mdata-testid[39m=[32m"logo-image"[39m
                    [33mid[39m=[32m"logo-image"[39m
                  [36m/>[39m
                [36m</div>[39m
                [36m<span[39m
                  [33mclass[39m=[32m"whitespace-nowrap tracking-tight text-white font-black italic"[39m
                  [33mdata-testid[39m=[32m"logo-text"[39m
                  [33mid[39m=[32m"logo-text"[39m
                [36m>[39m
                  [0mWILDOUT![0m
                [36m</span>[39m
              [36m</div>[39m
            [36m</div>[39m
            [36m<div[39m
              [33mclass[39m=[32m"flex min-h-0 flex-1 flex-col gap-2 overflow-auto group-data-[collapsible=icon]:overflow-hidden px-3 py-6 overflow-y-auto space-y-8 bg-[#1e2129]"[39m
              [33mdata-sidebar[39m=[32m"content"[39m
              [33mdata-slot[39m=[32m"sidebar-content"[39m
              [33mid[39m=[32m"dashboard-sidebar-content"[39m
            [36m>[39m
              [36m<div[39m
                [33mclass[39m=[32m"space-y-2"[39m
              [36m>[39m
                [36m<span[39m
                  [33mclass[39m=[32m"text-[10px] font-bold text-white/40 uppercase tracking-[0.2em] mb-3 block px-3"[39m
                [36m>[39m
                  [0mCORE FEATURES[0m
                [36m</span>[39m
                [36m<ul[39m
                  [33mclass[39m=[32m"flex w-full min-w-0 flex-col gap-1"[39m
                  [33mdata-sidebar[39m=[32m"menu"[39m
                  [33mdata-slot[39m=[32m"sidebar-menu"[39m
                [36m>[39m
                  [36m<li[39m
                    [33mclass[39m=[32m"group/menu-item relative"[39m
                    [33mdata-sidebar[39m=[32m"menu-item"[39m
                    [33mdata-slot[39m=[32m"sidebar-menu-item"[39m
                    [33mid[39m=[32m"sidebar-menu-item-home"[39m
                  [36m>[39m
                    [36m<button[39m
                      [33maria-current[39m=[32m"page"[39m
                      [33mclass[39m=[32m"peer/menu-button flex w-full items-center gap-2 overflow-hidden p-2 text-left outline-hidden ring-sidebar-ring ease-in-out focus-visible:ring-2 active:bg-sidebar-accent active:text-sidebar-accent-foreground disabled:pointer-events-none disabled:opacity-50 group-has-data-[sidebar=menu-action]/menu-item:pr-8 aria-disabled:pointer-events-none aria-disabled:opacity-50 data-[active=true]:bg-sidebar-accent data-[active=true]:font-medium data-[active=true]:text-sidebar-accent-foreground data-[state=open]:hover:bg-sidebar-accent data-[state=open]:hover:text-sidebar-accent-foreground group-data-[collapsible=icon]:size-8! group-data-[collapsible=icon]:p-2! [&>span:last-child]:truncate [&>svg]:size-4 [&>svg]:shrink-0 transform-gpu hover:bg-sidebar-accent hover:text-sidebar-accent-foreground text-sm group/item h-11 px-4 rounded-xl transition-all duration-200 border bg-white/10 text-white border-white/5 shadow-sm"[39m
                      [33mdata-active[39m=[32m"true"[39m
                      [33mdata-sidebar[39m=[32m"menu-button"[39m
                      [33mdata-size[39m=[32m"default"[39m
                      [33mdata-slot[39m=[32m"sidebar-menu-button"[39m
                      [33mdata-state[39m=[32m"closed"[39m
                      [33mdata-testid[39m=[32m"nav-home"[39m
                      [33mid[39m=[32m"sidebar-menu-button-home"[39m
                    [36m>[39m
                      [36m<div[39m
                        [33mclass[39m=[32m"flex items-center justify-center w-5 h-5 transition-transform duration-200 group-hover/item:scale-110 text-[#E93370]"[39m
                      [36m>[39m
                        [36m<svg[39m
                          [33mclass[39m=[32m"h-4 w-4"[39m
                          [33mdata-testid[39m=[32m"nav-icon-home"[39m
                          [33mid[39m=[32m"nav-icon-home"[39m
                        [36m/>[39m
                      [36m</div>[39m
                      [36m<span[39m
                        [33mclass[39m=[32m"text-sm font-medium tracking-wide flex-grow ml-3"[39m
                        [33mid[39m=[32m"nav-label-home"[39m
                      [36m>[39m
                        [0mDashboard[0m
                      [36m</span>[39m
                    [36m</button>[39m
                  [36m</li>[39m
                [36m</ul>[3...
[90m [2m❯[22m Object.getElementError node_modules/.pnpm/@testing-library+dom@10.4.1/node_modules/@testing-library/dom/dist/config.js:[2m37:19[22m[39m
[90m [2m❯[22m node_modules/.pnpm/@testing-library+dom@10.4.1/node_modules/@testing-library/dom/dist/query-helpers.js:[2m76:38[22m[39m
[90m [2m❯[22m node_modules/.pnpm/@testing-library+dom@10.4.1/node_modules/@testing-library/dom/dist/query-helpers.js:[2m52:17[22m[39m
[90m [2m❯[22m getByRole node_modules/.pnpm/@testing-library+dom@10.4.1/node_modules/@testing-library/dom/dist/query-helpers.js:[2m95:19[22m[39m
[36m [2m❯[22m src/test/AdminDashboard.test.tsx:[2m311:33[22m[39m
    [90m309| [39m      [34mrenderAdminDashboard[39m()[33m;[39m
    [90m310| [39m
    [90m311| [39m      const eventsItem = screen.getByRole('menuitem', { name: /Events/…
    [90m   | [39m                                [31m^[39m
    [90m312| [39m      [34mexpect[39m(eventsItem)[33m.[39mnot[33m.[39m[34mtoHaveAttribute[39m([32m'aria-current'[39m)[33m;[39m
    [90m313| [39m      [34mexpect[39m(eventsItem)[33m.[39m[34mtoHaveClass[39m([32m'text-muted-foreground'[39m)[33m;[39m

[31m[2m⎯⎯⎯⎯⎯⎯⎯⎯⎯⎯⎯⎯⎯⎯⎯⎯⎯⎯⎯⎯⎯⎯[21/28]⎯[22m[39m

[41m[1m FAIL [22m[49m src/test/AdminDashboard.test.tsx[2m > [22mAdminDashboard[2m > [22mNavigation[2m > [22mshould enable mobile sidebar toggle functionality
[31m[1mTestingLibraryElementError[22m[39m: Unable to find an element by: [data-testid="admin-mobile-overlay"]

Ignored nodes: comments, script, style
[36m<body[39m
  [33mstyle[39m=[32m"overflow: hidden;"[39m
[36m>[39m
  [36m<div>[39m
    [36m<div[39m
      [33mclass[39m=[32m"group/sidebar-wrapper has-data-[variant=inset]:bg-sidebar flex h-screen max-h-screen overflow-hidden w-full bg-background"[39m
      [33mdata-slot[39m=[32m"sidebar-wrapper"[39m
      [33mdata-testid[39m=[32m"admin-dashboard-layout"[39m
      [33mstyle[39m=[32m"--sidebar-width: 16rem; --sidebar-width-icon: 3rem; height: 100dvh; overflow: hidden;"[39m
    [36m>[39m
      [36m<div[39m
        [33mclass[39m=[32m"group peer text-sidebar-foreground flex w-64 shrink-0 bg-sidebar border-r border-sidebar-border shadow-2xl"[39m
        [33mdata-slot[39m=[32m"sidebar"[39m
        [33mdata-testid[39m=[32m"admin-sidebar"[39m
        [33mid[39m=[32m"dashboard-sidebar"[39m
      [36m>[39m
        [36m<div[39m
          [33mclass[39m=[32m"relative w-64 bg-black"[39m
          [33mdata-slot[39m=[32m"sidebar-gap"[39m
        [36m/>[39m
        [36m<div[39m
          [33mclass[39m=[32m"fixed inset-y-0 left-0 z-30 h-svh w-64 flex bg-sidebar"[39m
          [33mdata-slot[39m=[32m"sidebar-container"[39m
        [36m>[39m
          [36m<div[39m
            [33mclass[39m=[32m"flex h-full w-full flex-col border-r border-sidebar-border bg-sidebar"[39m
            [33mdata-sidebar[39m=[32m"sidebar"[39m
            [33mdata-slot[39m=[32m"sidebar-inner"[39m
          [36m>[39m
            [36m<div[39m
              [33mclass[39m=[32m"p-2 h-20 border-b border-white/5 px-6 flex flex-row items-center gap-4 shrink-0 bg-[#1e2129]"[39m
              [33mdata-sidebar[39m=[32m"header"[39m
              [33mdata-slot[39m=[32m"sidebar-header"[39m
              [33mid[39m=[32m"dashboard-sidebar-header"[39m
            [36m>[39m
              [36m<div[39m
                [33mclass[39m=[32m"flex items-center gap-3 font-bold text-xl overflow-hidden"[39m
                [33mdata-testid[39m=[32m"dashboard-logo"[39m
                [33mid[39m=[32m"dashboard-logo"[39m
              [36m>[39m
                [36m<div[39m
                  [33mclass[39m=[32m"bg-[#E93370] p-1.5 rounded-lg shadow-lg shadow-[#E93370]/20"[39m
                [36m>[39m
                  [36m<img[39m
                    [33malt[39m=[32m"WildOut Logo"[39m
                    [33mclass[39m=[32m"h-6 w-6 object-contain brightness-0 invert"[39m
                    [33mdata-testid[39m=[32m"logo-image"[39m
                    [33mid[39m=[32m"logo-image"[39m
                  [36m/>[39m
                [36m</div>[39m
                [36m<span[39m
                  [33mclass[39m=[32m"whitespace-nowrap tracking-tight text-white font-black italic"[39m
                  [33mdata-testid[39m=[32m"logo-text"[39m
                  [33mid[39m=[32m"logo-text"[39m
                [36m>[39m
                  [0mWILDOUT![0m
                [36m</span>[39m
              [36m</div>[39m
            [36m</div>[39m
            [36m<div[39m
              [33mclass[39m=[32m"flex min-h-0 flex-1 flex-col gap-2 overflow-auto group-data-[collapsible=icon]:overflow-hidden px-3 py-6 overflow-y-auto space-y-8 bg-[#1e2129]"[39m
              [33mdata-sidebar[39m=[32m"content"[39m
              [33mdata-slot[39m=[32m"sidebar-content"[39m
              [33mid[39m=[32m"dashboard-sidebar-content"[39m
            [36m>[39m
              [36m<div[39m
                [33mclass[39m=[32m"space-y-2"[39m
              [36m>[39m
                [36m<span[39m
                  [33mclass[39m=[32m"text-[10px] font-bold text-white/40 uppercase tracking-[0.2em] mb-3 block px-3"[39m
                [36m>[39m
                  [0mCORE FEATURES[0m
                [36m</span>[39m
                [36m<ul[39m
                  [33mclass[39m=[32m"flex w-full min-w-0 flex-col gap-1"[39m
                  [33mdata-sidebar[39m=[32m"menu"[39m
                  [33mdata-slot[39m=[32m"sidebar-menu"[39m
                [36m>[39m
                  [36m<li[39m
                    [33mclass[39m=[32m"group/menu-item relative"[39m
                    [33mdata-sidebar[39m=[32m"menu-item"[39m
                    [33mdata-slot[39m=[32m"sidebar-menu-item"[39m
                    [33mid[39m=[32m"sidebar-menu-item-home"[39m
                  [36m>[39m
                    [36m<button[39m
                      [33maria-current[39m=[32m"page"[39m
                      [33mclass[39m=[32m"peer/menu-button flex w-full items-center gap-2 overflow-hidden p-2 text-left outline-hidden ring-sidebar-ring ease-in-out focus-visible:ring-2 active:bg-sidebar-accent active:text-sidebar-accent-foreground disabled:pointer-events-none disabled:opacity-50 group-has-data-[sidebar=menu-action]/menu-item:pr-8 aria-disabled:pointer-events-none aria-disabled:opacity-50 data-[active=true]:bg-sidebar-accent data-[active=true]:font-medium data-[active=true]:text-sidebar-accent-foreground data-[state=open]:hover:bg-sidebar-accent data-[state=open]:hover:text-sidebar-accent-foreground group-data-[collapsible=icon]:size-8! group-data-[collapsible=icon]:p-2! [&>span:last-child]:truncate [&>svg]:size-4 [&>svg]:shrink-0 transform-gpu hover:bg-sidebar-accent hover:text-sidebar-accent-foreground text-sm group/item h-11 px-4 rounded-xl transition-all duration-200 border bg-white/10 text-white border-white/5 shadow-sm"[39m
                      [33mdata-active[39m=[32m"true"[39m
                      [33mdata-sidebar[39m=[32m"menu-button"[39m
                      [33mdata-size[39m=[32m"default"[39m
                      [33mdata-slot[39m=[32m"sidebar-menu-button"[39m
                      [33mdata-state[39m=[32m"closed"[39m
                      [33mdata-testid[39m=[32m"nav-home"[39m
                      [33mid[39m=[32m"sidebar-menu-button-home"[39m
                    [36m>[39m
                      [36m<div[39m
                        [33mclass[39m=[32m"flex items-center justify-center w-5 h-5 transition-transform duration-200 group-hover/item:scale-110 text-[#E93370]"[39m
                      [36m>[39m
                        [36m<svg[39m
                          [33mclass[39m=[32m"h-4 w-4"[39m
                          [33mdata-testid[39m=[32m"nav-icon-home"[39m
                          [33mid[39m=[32m"nav-icon-home"[39m
                        [36m/>[39m
                      [36m</div>[39m
                      [36m<span[39m
                        [33mclass[39m=[32m"text-sm font-medium tracking-wide flex-grow ml-3"[39m
                        [33mid[39m=[32m"nav-label-home"[39m
                      [36m>[39m
                        [0mDashboard[0m
                      [36m</span>[39m
                    [36m</button>[39m
                  [36m</li>[39m
                [36m</ul>[3...
[90m [2m❯[22m Object.getElementError node_modules/.pnpm/@testing-library+dom@10.4.1/node_modules/@testing-library/dom/dist/config.js:[2m37:19[22m[39m
[90m [2m❯[22m node_modules/.pnpm/@testing-library+dom@10.4.1/node_modules/@testing-library/dom/dist/query-helpers.js:[2m76:38[22m[39m
[90m [2m❯[22m node_modules/.pnpm/@testing-library+dom@10.4.1/node_modules/@testing-library/dom/dist/query-helpers.js:[2m52:17[22m[39m
[90m [2m❯[22m getByTestId node_modules/.pnpm/@testing-library+dom@10.4.1/node_modules/@testing-library/dom/dist/query-helpers.js:[2m95:19[22m[39m
[36m [2m❯[22m src/test/AdminDashboard.test.tsx:[2m325:30[22m[39m
    [90m323| [39m
    [90m324| [39m      [34mrenderAdminDashboard[39m()[33m;[39m
    [90m325| [39m      [35mconst[39m overlay [33m=[39m screen[33m.[39m[34mgetByTestId[39m([32m'admin-mobile-overlay'[39m)[33m;[39m
    [90m   | [39m                             [31m^[39m
    [90m326| [39m
    [90m327| [39m      [90m// Initially hidden[39m

[31m[2m⎯⎯⎯⎯⎯⎯⎯⎯⎯⎯⎯⎯⎯⎯⎯⎯⎯⎯⎯⎯⎯⎯[22/28]⎯[22m[39m

[41m[1m FAIL [22m[49m src/test/AdminDashboard.test.tsx[2m > [22mAdminDashboard[2m > [22mUser Interface[2m > [22mshould display header with current page title
[31m[1mTestingLibraryElementError[22m[39m: Unable to find an element by: [data-testid="admin-header-title"]

Ignored nodes: comments, script, style
[36m<body[39m
  [33mstyle[39m=[32m"overflow: hidden;"[39m
[36m>[39m
  [36m<div>[39m
    [36m<div[39m
      [33mclass[39m=[32m"group/sidebar-wrapper has-data-[variant=inset]:bg-sidebar flex h-screen max-h-screen overflow-hidden w-full bg-background"[39m
      [33mdata-slot[39m=[32m"sidebar-wrapper"[39m
      [33mdata-testid[39m=[32m"admin-dashboard-layout"[39m
      [33mstyle[39m=[32m"--sidebar-width: 16rem; --sidebar-width-icon: 3rem; height: 100dvh; overflow: hidden;"[39m
    [36m>[39m
      [36m<div[39m
        [33mclass[39m=[32m"group peer text-sidebar-foreground flex w-64 shrink-0 bg-sidebar border-r border-sidebar-border shadow-2xl"[39m
        [33mdata-slot[39m=[32m"sidebar"[39m
        [33mdata-testid[39m=[32m"admin-sidebar"[39m
        [33mid[39m=[32m"dashboard-sidebar"[39m
      [36m>[39m
        [36m<div[39m
          [33mclass[39m=[32m"relative w-64 bg-black"[39m
          [33mdata-slot[39m=[32m"sidebar-gap"[39m
        [36m/>[39m
        [36m<div[39m
          [33mclass[39m=[32m"fixed inset-y-0 left-0 z-30 h-svh w-64 flex bg-sidebar"[39m
          [33mdata-slot[39m=[32m"sidebar-container"[39m
        [36m>[39m
          [36m<div[39m
            [33mclass[39m=[32m"flex h-full w-full flex-col border-r border-sidebar-border bg-sidebar"[39m
            [33mdata-sidebar[39m=[32m"sidebar"[39m
            [33mdata-slot[39m=[32m"sidebar-inner"[39m
          [36m>[39m
            [36m<div[39m
              [33mclass[39m=[32m"p-2 h-20 border-b border-white/5 px-6 flex flex-row items-center gap-4 shrink-0 bg-[#1e2129]"[39m
              [33mdata-sidebar[39m=[32m"header"[39m
              [33mdata-slot[39m=[32m"sidebar-header"[39m
              [33mid[39m=[32m"dashboard-sidebar-header"[39m
            [36m>[39m
              [36m<div[39m
                [33mclass[39m=[32m"flex items-center gap-3 font-bold text-xl overflow-hidden"[39m
                [33mdata-testid[39m=[32m"dashboard-logo"[39m
                [33mid[39m=[32m"dashboard-logo"[39m
              [36m>[39m
                [36m<div[39m
                  [33mclass[39m=[32m"bg-[#E93370] p-1.5 rounded-lg shadow-lg shadow-[#E93370]/20"[39m
                [36m>[39m
                  [36m<img[39m
                    [33malt[39m=[32m"WildOut Logo"[39m
                    [33mclass[39m=[32m"h-6 w-6 object-contain brightness-0 invert"[39m
                    [33mdata-testid[39m=[32m"logo-image"[39m
                    [33mid[39m=[32m"logo-image"[39m
                  [36m/>[39m
                [36m</div>[39m
                [36m<span[39m
                  [33mclass[39m=[32m"whitespace-nowrap tracking-tight text-white font-black italic"[39m
                  [33mdata-testid[39m=[32m"logo-text"[39m
                  [33mid[39m=[32m"logo-text"[39m
                [36m>[39m
                  [0mWILDOUT![0m
                [36m</span>[39m
              [36m</div>[39m
            [36m</div>[39m
            [36m<div[39m
              [33mclass[39m=[32m"flex min-h-0 flex-1 flex-col gap-2 overflow-auto group-data-[collapsible=icon]:overflow-hidden px-3 py-6 overflow-y-auto space-y-8 bg-[#1e2129]"[39m
              [33mdata-sidebar[39m=[32m"content"[39m
              [33mdata-slot[39m=[32m"sidebar-content"[39m
              [33mid[39m=[32m"dashboard-sidebar-content"[39m
            [36m>[39m
              [36m<div[39m
                [33mclass[39m=[32m"space-y-2"[39m
              [36m>[39m
                [36m<span[39m
                  [33mclass[39m=[32m"text-[10px] font-bold text-white/40 uppercase tracking-[0.2em] mb-3 block px-3"[39m
                [36m>[39m
                  [0mCORE FEATURES[0m
                [36m</span>[39m
                [36m<ul[39m
                  [33mclass[39m=[32m"flex w-full min-w-0 flex-col gap-1"[39m
                  [33mdata-sidebar[39m=[32m"menu"[39m
                  [33mdata-slot[39m=[32m"sidebar-menu"[39m
                [36m>[39m
                  [36m<li[39m
                    [33mclass[39m=[32m"group/menu-item relative"[39m
                    [33mdata-sidebar[39m=[32m"menu-item"[39m
                    [33mdata-slot[39m=[32m"sidebar-menu-item"[39m
                    [33mid[39m=[32m"sidebar-menu-item-home"[39m
                  [36m>[39m
                    [36m<button[39m
                      [33maria-current[39m=[32m"page"[39m
                      [33mclass[39m=[32m"peer/menu-button flex w-full items-center gap-2 overflow-hidden p-2 text-left outline-hidden ring-sidebar-ring ease-in-out focus-visible:ring-2 active:bg-sidebar-accent active:text-sidebar-accent-foreground disabled:pointer-events-none disabled:opacity-50 group-has-data-[sidebar=menu-action]/menu-item:pr-8 aria-disabled:pointer-events-none aria-disabled:opacity-50 data-[active=true]:bg-sidebar-accent data-[active=true]:font-medium data-[active=true]:text-sidebar-accent-foreground data-[state=open]:hover:bg-sidebar-accent data-[state=open]:hover:text-sidebar-accent-foreground group-data-[collapsible=icon]:size-8! group-data-[collapsible=icon]:p-2! [&>span:last-child]:truncate [&>svg]:size-4 [&>svg]:shrink-0 transform-gpu hover:bg-sidebar-accent hover:text-sidebar-accent-foreground text-sm group/item h-11 px-4 rounded-xl transition-all duration-200 border bg-white/10 text-white border-white/5 shadow-sm"[39m
                      [33mdata-active[39m=[32m"true"[39m
                      [33mdata-sidebar[39m=[32m"menu-button"[39m
                      [33mdata-size[39m=[32m"default"[39m
                      [33mdata-slot[39m=[32m"sidebar-menu-button"[39m
                      [33mdata-state[39m=[32m"closed"[39m
                      [33mdata-testid[39m=[32m"nav-home"[39m
                      [33mid[39m=[32m"sidebar-menu-button-home"[39m
                    [36m>[39m
                      [36m<div[39m
                        [33mclass[39m=[32m"flex items-center justify-center w-5 h-5 transition-transform duration-200 group-hover/item:scale-110 text-[#E93370]"[39m
                      [36m>[39m
                        [36m<svg[39m
                          [33mclass[39m=[32m"h-4 w-4"[39m
                          [33mdata-testid[39m=[32m"nav-icon-home"[39m
                          [33mid[39m=[32m"nav-icon-home"[39m
                        [36m/>[39m
                      [36m</div>[39m
                      [36m<span[39m
                        [33mclass[39m=[32m"text-sm font-medium tracking-wide flex-grow ml-3"[39m
                        [33mid[39m=[32m"nav-label-home"[39m
                      [36m>[39m
                        [0mDashboard[0m
                      [36m</span>[39m
                    [36m</button>[39m
                  [36m</li>[39m
                [36m</ul>[3...
[90m [2m❯[22m Object.getElementError node_modules/.pnpm/@testing-library+dom@10.4.1/node_modules/@testing-library/dom/dist/config.js:[2m37:19[22m[39m
[90m [2m❯[22m node_modules/.pnpm/@testing-library+dom@10.4.1/node_modules/@testing-library/dom/dist/query-helpers.js:[2m76:38[22m[39m
[90m [2m❯[22m node_modules/.pnpm/@testing-library+dom@10.4.1/node_modules/@testing-library/dom/dist/query-helpers.js:[2m52:17[22m[39m
[90m [2m❯[22m getByTestId node_modules/.pnpm/@testing-library+dom@10.4.1/node_modules/@testing-library/dom/dist/query-helpers.js:[2m95:19[22m[39m
[36m [2m❯[22m src/test/AdminDashboard.test.tsx:[2m353:34[22m[39m
    [90m351| [39m    [34mit[39m([32m'should display header with current page title'[39m[33m,[39m () [33m=>[39m {
    [90m352| [39m      [34mrenderAdminDashboard[39m()[33m;[39m
    [90m353| [39m      [35mconst[39m headerTitle [33m=[39m screen[33m.[39m[34mgetByTestId[39m([32m'admin-header-title'[39m)[33m;[39m
    [90m   | [39m                                 [31m^[39m
    [90m354| [39m      [34mexpect[39m(headerTitle)[33m.[39m[34mtoBeInTheDocument[39m()[33m;[39m
    [90m355| [39m      expect(headerTitle.textContent).toMatch(/Dashboard|Admin Dashboa…

[31m[2m⎯⎯⎯⎯⎯⎯⎯⎯⎯⎯⎯⎯⎯⎯⎯⎯⎯⎯⎯⎯⎯⎯[23/28]⎯[22m[39m

[41m[1m FAIL [22m[49m src/test/AdminDashboard.test.tsx[2m > [22mAdminDashboard[2m > [22mUser Interface[2m > [22mshould display user name and email
[31m[1mError[22m: [2mexpect([22m[31melement[31m[2m).toHaveTextContent()[22m

Expected element to have text content:
[32m  Admin User[31m
Received:
[31m  ADMIN USER[31m[39m
[36m [2m❯[22m src/test/AdminDashboard.test.tsx:[2m374:47[22m[39m
    [90m372| [39m      [34mrenderAdminDashboard[39m()[33m;[39m
    [90m373| [39m
    [90m374| [39m      expect(screen.getByTestId('user-name')).toHaveTextContent('Admin…
    [90m   | [39m                                              [31m^[39m
    [90m375| [39m      expect(screen.getByTestId('user-email')).toHaveTextContent('admi…
    [90m376| [39m    })[33m;[39m

[31m[2m⎯⎯⎯⎯⎯⎯⎯⎯⎯⎯⎯⎯⎯⎯⎯⎯⎯⎯⎯⎯⎯⎯[24/28]⎯[22m[39m

[41m[1m FAIL [22m[49m src/test/AdminDashboard.test.tsx[2m > [22mAdminDashboard[2m > [22mUser Interface[2m > [22mshould display admin logo and branding
[31m[1mTestingLibraryElementError[22m[39m: Unable to find an element by: [data-testid="admin-logo"]

Ignored nodes: comments, script, style
[36m<body[39m
  [33mstyle[39m=[32m"overflow: hidden;"[39m
[36m>[39m
  [36m<div>[39m
    [36m<div[39m
      [33mclass[39m=[32m"group/sidebar-wrapper has-data-[variant=inset]:bg-sidebar flex h-screen max-h-screen overflow-hidden w-full bg-background"[39m
      [33mdata-slot[39m=[32m"sidebar-wrapper"[39m
      [33mdata-testid[39m=[32m"admin-dashboard-layout"[39m
      [33mstyle[39m=[32m"--sidebar-width: 16rem; --sidebar-width-icon: 3rem; height: 100dvh; overflow: hidden;"[39m
    [36m>[39m
      [36m<div[39m
        [33mclass[39m=[32m"group peer text-sidebar-foreground flex w-64 shrink-0 bg-sidebar border-r border-sidebar-border shadow-2xl"[39m
        [33mdata-slot[39m=[32m"sidebar"[39m
        [33mdata-testid[39m=[32m"admin-sidebar"[39m
        [33mid[39m=[32m"dashboard-sidebar"[39m
      [36m>[39m
        [36m<div[39m
          [33mclass[39m=[32m"relative w-64 bg-black"[39m
          [33mdata-slot[39m=[32m"sidebar-gap"[39m
        [36m/>[39m
        [36m<div[39m
          [33mclass[39m=[32m"fixed inset-y-0 left-0 z-30 h-svh w-64 flex bg-sidebar"[39m
          [33mdata-slot[39m=[32m"sidebar-container"[39m
        [36m>[39m
          [36m<div[39m
            [33mclass[39m=[32m"flex h-full w-full flex-col border-r border-sidebar-border bg-sidebar"[39m
            [33mdata-sidebar[39m=[32m"sidebar"[39m
            [33mdata-slot[39m=[32m"sidebar-inner"[39m
          [36m>[39m
            [36m<div[39m
              [33mclass[39m=[32m"p-2 h-20 border-b border-white/5 px-6 flex flex-row items-center gap-4 shrink-0 bg-[#1e2129]"[39m
              [33mdata-sidebar[39m=[32m"header"[39m
              [33mdata-slot[39m=[32m"sidebar-header"[39m
              [33mid[39m=[32m"dashboard-sidebar-header"[39m
            [36m>[39m
              [36m<div[39m
                [33mclass[39m=[32m"flex items-center gap-3 font-bold text-xl overflow-hidden"[39m
                [33mdata-testid[39m=[32m"dashboard-logo"[39m
                [33mid[39m=[32m"dashboard-logo"[39m
              [36m>[39m
                [36m<div[39m
                  [33mclass[39m=[32m"bg-[#E93370] p-1.5 rounded-lg shadow-lg shadow-[#E93370]/20"[39m
                [36m>[39m
                  [36m<img[39m
                    [33malt[39m=[32m"WildOut Logo"[39m
                    [33mclass[39m=[32m"h-6 w-6 object-contain brightness-0 invert"[39m
                    [33mdata-testid[39m=[32m"logo-image"[39m
                    [33mid[39m=[32m"logo-image"[39m
                  [36m/>[39m
                [36m</div>[39m
                [36m<span[39m
                  [33mclass[39m=[32m"whitespace-nowrap tracking-tight text-white font-black italic"[39m
                  [33mdata-testid[39m=[32m"logo-text"[39m
                  [33mid[39m=[32m"logo-text"[39m
                [36m>[39m
                  [0mWILDOUT![0m
                [36m</span>[39m
              [36m</div>[39m
            [36m</div>[39m
            [36m<div[39m
              [33mclass[39m=[32m"flex min-h-0 flex-1 flex-col gap-2 overflow-auto group-data-[collapsible=icon]:overflow-hidden px-3 py-6 overflow-y-auto space-y-8 bg-[#1e2129]"[39m
              [33mdata-sidebar[39m=[32m"content"[39m
              [33mdata-slot[39m=[32m"sidebar-content"[39m
              [33mid[39m=[32m"dashboard-sidebar-content"[39m
            [36m>[39m
              [36m<div[39m
                [33mclass[39m=[32m"space-y-2"[39m
              [36m>[39m
                [36m<span[39m
                  [33mclass[39m=[32m"text-[10px] font-bold text-white/40 uppercase tracking-[0.2em] mb-3 block px-3"[39m
                [36m>[39m
                  [0mCORE FEATURES[0m
                [36m</span>[39m
                [36m<ul[39m
                  [33mclass[39m=[32m"flex w-full min-w-0 flex-col gap-1"[39m
                  [33mdata-sidebar[39m=[32m"menu"[39m
                  [33mdata-slot[39m=[32m"sidebar-menu"[39m
                [36m>[39m
                  [36m<li[39m
                    [33mclass[39m=[32m"group/menu-item relative"[39m
                    [33mdata-sidebar[39m=[32m"menu-item"[39m
                    [33mdata-slot[39m=[32m"sidebar-menu-item"[39m
                    [33mid[39m=[32m"sidebar-menu-item-home"[39m
                  [36m>[39m
                    [36m<button[39m
                      [33maria-current[39m=[32m"page"[39m
                      [33mclass[39m=[32m"peer/menu-button flex w-full items-center gap-2 overflow-hidden p-2 text-left outline-hidden ring-sidebar-ring ease-in-out focus-visible:ring-2 active:bg-sidebar-accent active:text-sidebar-accent-foreground disabled:pointer-events-none disabled:opacity-50 group-has-data-[sidebar=menu-action]/menu-item:pr-8 aria-disabled:pointer-events-none aria-disabled:opacity-50 data-[active=true]:bg-sidebar-accent data-[active=true]:font-medium data-[active=true]:text-sidebar-accent-foreground data-[state=open]:hover:bg-sidebar-accent data-[state=open]:hover:text-sidebar-accent-foreground group-data-[collapsible=icon]:size-8! group-data-[collapsible=icon]:p-2! [&>span:last-child]:truncate [&>svg]:size-4 [&>svg]:shrink-0 transform-gpu hover:bg-sidebar-accent hover:text-sidebar-accent-foreground text-sm group/item h-11 px-4 rounded-xl transition-all duration-200 border bg-white/10 text-white border-white/5 shadow-sm"[39m
                      [33mdata-active[39m=[32m"true"[39m
                      [33mdata-sidebar[39m=[32m"menu-button"[39m
                      [33mdata-size[39m=[32m"default"[39m
                      [33mdata-slot[39m=[32m"sidebar-menu-button"[39m
                      [33mdata-state[39m=[32m"closed"[39m
                      [33mdata-testid[39m=[32m"nav-home"[39m
                      [33mid[39m=[32m"sidebar-menu-button-home"[39m
                    [36m>[39m
                      [36m<div[39m
                        [33mclass[39m=[32m"flex items-center justify-center w-5 h-5 transition-transform duration-200 group-hover/item:scale-110 text-[#E93370]"[39m
                      [36m>[39m
                        [36m<svg[39m
                          [33mclass[39m=[32m"h-4 w-4"[39m
                          [33mdata-testid[39m=[32m"nav-icon-home"[39m
                          [33mid[39m=[32m"nav-icon-home"[39m
                        [36m/>[39m
                      [36m</div>[39m
                      [36m<span[39m
                        [33mclass[39m=[32m"text-sm font-medium tracking-wide flex-grow ml-3"[39m
                        [33mid[39m=[32m"nav-label-home"[39m
                      [36m>[39m
                        [0mDashboard[0m
                      [36m</span>[39m
                    [36m</button>[39m
                  [36m</li>[39m
                [36m</ul>[3...
[90m [2m❯[22m Object.getElementError node_modules/.pnpm/@testing-library+dom@10.4.1/node_modules/@testing-library/dom/dist/config.js:[2m37:19[22m[39m
[90m [2m❯[22m node_modules/.pnpm/@testing-library+dom@10.4.1/node_modules/@testing-library/dom/dist/query-helpers.js:[2m76:38[22m[39m
[90m [2m❯[22m node_modules/.pnpm/@testing-library+dom@10.4.1/node_modules/@testing-library/dom/dist/query-helpers.js:[2m52:17[22m[39m
[90m [2m❯[22m getByTestId node_modules/.pnpm/@testing-library+dom@10.4.1/node_modules/@testing-library/dom/dist/query-helpers.js:[2m95:19[22m[39m
[36m [2m❯[22m src/test/AdminDashboard.test.tsx:[2m381:27[22m[39m
    [90m379| [39m      [34mrenderAdminDashboard[39m()[33m;[39m
    [90m380| [39m
    [90m381| [39m      [35mconst[39m logo [33m=[39m screen[33m.[39m[34mgetByTestId[39m([32m'admin-logo'[39m)[33m;[39m
    [90m   | [39m                          [31m^[39m
    [90m382| [39m      [34mexpect[39m(logo)[33m.[39m[34mtoBeInTheDocument[39m()[33m;[39m
    [90m383| [39m      expect(logo).toHaveClass('flex items-center gap-2 font-semibold …

[31m[2m⎯⎯⎯⎯⎯⎯⎯⎯⎯⎯⎯⎯⎯⎯⎯⎯⎯⎯⎯⎯⎯⎯[25/28]⎯[22m[39m

[41m[1m FAIL [22m[49m src/test/AdminDashboard.test.tsx[2m > [22mAdminDashboard[2m > [22mUser Interface[2m > [22mshould have proper visual hierarchy with separators
[31m[1mTestingLibraryElementError[22m[39m: Found multiple elements by: [data-testid="admin-header-separator"]

Here are the matching elements:

Ignored nodes: comments, script, style
[36m<div[39m
  [33mclass[39m=[32m"h-6 bg-gray-200"[39m
  [33mdata-testid[39m=[32m"admin-header-separator"[39m
[36m/>[39m

Ignored nodes: comments, script, style
[36m<div[39m
  [33mclass[39m=[32m"h-4 mx-1 bg-gray-200"[39m
  [33mdata-testid[39m=[32m"admin-header-separator"[39m
[36m/>[39m

(If this is intentional, then use the `*AllBy*` variant of the query (like `queryAllByText`, `getAllByText`, or `findAllByText`)).

Ignored nodes: comments, script, style
[36m<body[39m
  [33mstyle[39m=[32m"overflow: hidden;"[39m
[36m>[39m
  [36m<div>[39m
    [36m<div[39m
      [33mclass[39m=[32m"group/sidebar-wrapper has-data-[variant=inset]:bg-sidebar flex h-screen max-h-screen overflow-hidden w-full bg-background"[39m
      [33mdata-slot[39m=[32m"sidebar-wrapper"[39m
      [33mdata-testid[39m=[32m"admin-dashboard-layout"[39m
      [33mstyle[39m=[32m"--sidebar-width: 16rem; --sidebar-width-icon: 3rem; height: 100dvh; overflow: hidden;"[39m
    [36m>[39m
      [36m<div[39m
        [33mclass[39m=[32m"group peer text-sidebar-foreground flex w-64 shrink-0 bg-sidebar border-r border-sidebar-border shadow-2xl"[39m
        [33mdata-slot[39m=[32m"sidebar"[39m
        [33mdata-testid[39m=[32m"admin-sidebar"[39m
        [33mid[39m=[32m"dashboard-sidebar"[39m
      [36m>[39m
        [36m<div[39m
          [33mclass[39m=[32m"relative w-64 bg-black"[39m
          [33mdata-slot[39m=[32m"sidebar-gap"[39m
        [36m/>[39m
        [36m<div[39m
          [33mclass[39m=[32m"fixed inset-y-0 left-0 z-30 h-svh w-64 flex bg-sidebar"[39m
          [33mdata-slot[39m=[32m"sidebar-container"[39m
        [36m>[39m
          [36m<div[39m
            [33mclass[39m=[32m"flex h-full w-full flex-col border-r border-sidebar-border bg-sidebar"[39m
            [33mdata-sidebar[39m=[32m"sidebar"[39m
            [33mdata-slot[39m=[32m"sidebar-inner"[39m
          [36m>[39m
            [36m<div[39m
              [33mclass[39m=[32m"p-2 h-20 border-b border-white/5 px-6 flex flex-row items-center gap-4 shrink-0 bg-[#1e2129]"[39m
              [33mdata-sidebar[39m=[32m"header"[39m
              [33mdata-slot[39m=[32m"sidebar-header"[39m
              [33mid[39m=[32m"dashboard-sidebar-header"[39m
            [36m>[39m
              [36m<div[39m
                [33mclass[39m=[32m"flex items-center gap-3 font-bold text-xl overflow-hidden"[39m
                [33mdata-testid[39m=[32m"dashboard-logo"[39m
                [33mid[39m=[32m"dashboard-logo"[39m
              [36m>[39m
                [36m<div[39m
                  [33mclass[39m=[32m"bg-[#E93370] p-1.5 rounded-lg shadow-lg shadow-[#E93370]/20"[39m
                [36m>[39m
                  [36m<img[39m
                    [33malt[39m=[32m"WildOut Logo"[39m
                    [33mclass[39m=[32m"h-6 w-6 object-contain brightness-0 invert"[39m
                    [33mdata-testid[39m=[32m"logo-image"[39m
                    [33mid[39m=[32m"logo-image"[39m
                  [36m/>[39m
                [36m</div>[39m
                [36m<span[39m
                  [33mclass[39m=[32m"whitespace-nowrap tracking-tight text-white font-black italic"[39m
                  [33mdata-testid[39m=[32m"logo-text"[39m
                  [33mid[39m=[32m"logo-text"[39m
                [36m>[39m
                  [0mWILDOUT![0m
                [36m</span>[39m
              [36m</div>[39m
            [36m</div>[39m
            [36m<div[39m
              [33mclass[39m=[32m"flex min-h-0 flex-1 flex-col gap-2 overflow-auto group-data-[collapsible=icon]:overflow-hidden px-3 py-6 overflow-y-auto space-y-8 bg-[#1e2129]"[39m
              [33mdata-sidebar[39m=[32m"content"[39m
              [33mdata-slot[39m=[32m"sidebar-content"[39m
              [33mid[39m=[32m"dashboard-sidebar-content"[39m
            [36m>[39m
              [36m<div[39m
                [33mclass[39m=[32m"space-y-2"[39m
              [36m>[39m
                [36m<span[39m
                  [33mclass[39m=[32m"text-[10px] font-bold text-white/40 uppercase tracking-[0.2em] mb-3 block px-3"[39m
                [36m>[39m
                  [0mCORE FEATURES[0m
                [36m</span>[39m
                [36m<ul[39m
                  [33mclass[39m=[32m"flex w-full min-w-0 flex-col gap-1"[39m
                  [33mdata-sidebar[39m=[32m"menu"[39m
                  [33mdata-slot[39m=[32m"sidebar-menu"[39m
                [36m>[39m
                  [36m<li[39m
                    [33mclass[39m=[32m"group/menu-item relative"[39m
                    [33mdata-sidebar[39m=[32m"menu-item"[39m
                    [33mdata-slot[39m=[32m"sidebar-menu-item"[39m
                    [33mid[39m=[32m"sidebar-menu-item-home"[39m
                  [36m>[39m
                    [36m<button[39m
                      [33maria-current[39m=[32m"page"[39m
                      [33mclass[39m=[32m"peer/menu-button flex w-full items-center gap-2 overflow-hidden p-2 text-left outline-hidden ring-sidebar-ring ease-in-out focus-visible:ring-2 active:bg-sidebar-accent active:text-sidebar-accent-foreground disabled:pointer-events-none disabled:opacity-50 group-has-data-[sidebar=menu-action]/menu-item:pr-8 aria-disabled:pointer-events-none aria-disabled:opacity-50 data-[active=true]:bg-sidebar-accent data-[active=true]:font-medium data-[active=true]:text-sidebar-accent-foreground data-[state=open]:hover:bg-sidebar-accent data-[state=open]:hover:text-sidebar-accent-foreground group-data-[collapsible=icon]:size-8! group-data-[collapsible=icon]:p-2! [&>span:last-child]:truncate [&>svg]:size-4 [&>svg]:shrink-0 transform-gpu hover:bg-sidebar-accent hover:text-sidebar-accent-foreground text-sm group/item h-11 px-4 rounded-xl transition-all duration-200 border bg-white/10 text-white border-white/5 shadow-sm"[39m
                      [33mdata-active[39m=[32m"true"[39m
                      [33mdata-sidebar[39m=[32m"menu-button"[39m
                      [33mdata-size[39m=[32m"default"[39m
                      [33mdata-slot[39m=[32m"sidebar-menu-button"[39m
                      [33mdata-state[39m=[32m"closed"[39m
                      [33mdata-testid[39m=[32m"nav-home"[39m
                      [33mid[39m=[32m"sidebar-menu-button-home"[39m
                    [36m>[39m
                      [36m<div[39m
                        [33mclass[39m=[32m"flex items-center justify-center w-5 h-5 transition-transform duration-200 group-hover/item:scale-110 text-[#E93370]"[39m
                      [36m>[39m
                        [36m<svg[39m
                          [33mclass[39m=[32m"h-4 w-4"[39m
                          [33mdata-testid[39m=[32m"nav-icon-home"[39m
                          [33mid[39m=[32m"nav-icon-home"[39m
                        [36m/>[39m
                      [36m</div>[39m
                      [36m<span[39m
                        [33mclass[39m=[32m"text-sm font-medium tracking-wide flex-grow ml-3"[39m
                        [33mid[39m=[32m"nav-label-home"[39m
                      [36m>[39m
                        [0mDashboard[0m
                      [36m</span>[39m
                    [36m</button>[39m
                  [36m</li>[39m
                [36m</ul>[3...
[90m [2m❯[22m Object.getElementError node_modules/.pnpm/@testing-library+dom@10.4.1/node_modules/@testing-library/dom/dist/config.js:[2m37:19[22m[39m
[90m [2m❯[22m getElementError node_modules/.pnpm/@testing-library+dom@10.4.1/node_modules/@testing-library/dom/dist/query-helpers.js:[2m20:35[22m[39m
[90m [2m❯[22m getMultipleElementsFoundError node_modules/.pnpm/@testing-library+dom@10.4.1/node_modules/@testing-library/dom/dist/query-helpers.js:[2m23:10[22m[39m
[90m [2m❯[22m node_modules/.pnpm/@testing-library+dom@10.4.1/node_modules/@testing-library/dom/dist/query-helpers.js:[2m55:13[22m[39m
[90m [2m❯[22m getByTestId node_modules/.pnpm/@testing-library+dom@10.4.1/node_modules/@testing-library/dom/dist/query-helpers.js:[2m95:19[22m[39m
[36m [2m❯[22m src/test/AdminDashboard.test.tsx:[2m396:32[22m[39m
    [90m394| [39m      [34mrenderAdminDashboard[39m()[33m;[39m
    [90m395| [39m
    [90m396| [39m      [35mconst[39m separator [33m=[39m screen[33m.[39m[34mgetByTestId[39m([32m'admin-header-separator'[39m)[33m;[39m
    [90m   | [39m                               [31m^[39m
    [90m397| [39m      [34mexpect[39m(separator)[33m.[39m[34mtoBeInTheDocument[39m()[33m;[39m
    [90m398| [39m      [34mexpect[39m(separator)[33m.[39m[34mtoHaveClass[39m([32m'mr-2 h-4 bg-border'[39m)[33m;[39m

[31m[2m⎯⎯⎯⎯⎯⎯⎯⎯⎯⎯⎯⎯⎯⎯⎯⎯⎯⎯⎯⎯⎯⎯[26/28]⎯[22m[39m

[41m[1m FAIL [22m[49m src/test/AdminDashboard.test.tsx[2m > [22mAdminDashboard[2m > [22mAdmin Sections[2m > [22mshould filter sections based on permissions
[31m[1mTestingLibraryElementError[22m[39m: Unable to find an element with the text: Section 1. This could be because the text is broken up by multiple elements. In this case, you can provide a function for your text matcher to make your matcher more flexible.

Ignored nodes: comments, script, style
[36m<body[39m
  [33mstyle[39m=[32m"overflow: hidden;"[39m
[36m>[39m
  [36m<div>[39m
    [36m<div[39m
      [33mclass[39m=[32m"group/sidebar-wrapper has-data-[variant=inset]:bg-sidebar flex h-screen max-h-screen overflow-hidden w-full bg-background"[39m
      [33mdata-slot[39m=[32m"sidebar-wrapper"[39m
      [33mdata-testid[39m=[32m"admin-dashboard-layout"[39m
      [33mstyle[39m=[32m"--sidebar-width: 16rem; --sidebar-width-icon: 3rem; height: 100dvh; overflow: hidden;"[39m
    [36m>[39m
      [36m<div[39m
        [33mclass[39m=[32m"group peer text-sidebar-foreground flex w-64 shrink-0 bg-sidebar border-r border-sidebar-border shadow-2xl"[39m
        [33mdata-slot[39m=[32m"sidebar"[39m
        [33mdata-testid[39m=[32m"admin-sidebar"[39m
        [33mid[39m=[32m"dashboard-sidebar"[39m
      [36m>[39m
        [36m<div[39m
          [33mclass[39m=[32m"relative w-64 bg-black"[39m
          [33mdata-slot[39m=[32m"sidebar-gap"[39m
        [36m/>[39m
        [36m<div[39m
          [33mclass[39m=[32m"fixed inset-y-0 left-0 z-30 h-svh w-64 flex bg-sidebar"[39m
          [33mdata-slot[39m=[32m"sidebar-container"[39m
        [36m>[39m
          [36m<div[39m
            [33mclass[39m=[32m"flex h-full w-full flex-col border-r border-sidebar-border bg-sidebar"[39m
            [33mdata-sidebar[39m=[32m"sidebar"[39m
            [33mdata-slot[39m=[32m"sidebar-inner"[39m
          [36m>[39m
            [36m<div[39m
              [33mclass[39m=[32m"p-2 h-20 border-b border-white/5 px-6 flex flex-row items-center gap-4 shrink-0 bg-[#1e2129]"[39m
              [33mdata-sidebar[39m=[32m"header"[39m
              [33mdata-slot[39m=[32m"sidebar-header"[39m
              [33mid[39m=[32m"dashboard-sidebar-header"[39m
            [36m>[39m
              [36m<div[39m
                [33mclass[39m=[32m"flex items-center gap-3 font-bold text-xl overflow-hidden"[39m
                [33mdata-testid[39m=[32m"dashboard-logo"[39m
                [33mid[39m=[32m"dashboard-logo"[39m
              [36m>[39m
                [36m<div[39m
                  [33mclass[39m=[32m"bg-[#E93370] p-1.5 rounded-lg shadow-lg shadow-[#E93370]/20"[39m
                [36m>[39m
                  [36m<img[39m
                    [33malt[39m=[32m"WildOut Logo"[39m
                    [33mclass[39m=[32m"h-6 w-6 object-contain brightness-0 invert"[39m
                    [33mdata-testid[39m=[32m"logo-image"[39m
                    [33mid[39m=[32m"logo-image"[39m
                  [36m/>[39m
                [36m</div>[39m
                [36m<span[39m
                  [33mclass[39m=[32m"whitespace-nowrap tracking-tight text-white font-black italic"[39m
                  [33mdata-testid[39m=[32m"logo-text"[39m
                  [33mid[39m=[32m"logo-text"[39m
                [36m>[39m
                  [0mWILDOUT![0m
                [36m</span>[39m
              [36m</div>[39m
            [36m</div>[39m
            [36m<div[39m
              [33mclass[39m=[32m"flex min-h-0 flex-1 flex-col gap-2 overflow-auto group-data-[collapsible=icon]:overflow-hidden px-3 py-6 overflow-y-auto space-y-8 bg-[#1e2129]"[39m
              [33mdata-sidebar[39m=[32m"content"[39m
              [33mdata-slot[39m=[32m"sidebar-content"[39m
              [33mid[39m=[32m"dashboard-sidebar-content"[39m
            [36m/>[39m
            [36m<div[39m
              [33mclass[39m=[32m"flex flex-col gap-2 border-t border-white/5 p-4 mt-auto space-y-4 bg-[#1e2129]"[39m
              [33mdata-sidebar[39m=[32m"footer"[39m
              [33mdata-slot[39m=[32m"sidebar-footer"[39m
              [33mid[39m=[32m"dashboard-sidebar-footer"[39m
            [36m>[39m
              [36m<ul[39m
                [33mclass[39m=[32m"flex w-full min-w-0 flex-col gap-2"[39m
                [33mdata-sidebar[39m=[32m"menu"[39m
                [33mdata-slot[39m=[32m"sidebar-menu"[39m
                [33mid[39m=[32m"dashboard-sidebar-footer-menu"[39m
              [36m>[39m
                [36m<li[39m
                  [33mclass[39m=[32m"group/menu-item relative"[39m
                  [33mdata-sidebar[39m=[32m"menu-item"[39m
                  [33mdata-slot[39m=[32m"sidebar-menu-item"[39m
                  [33mid[39m=[32m"sidebar-menu-item-back-to-site"[39m
                [36m>[39m
                  [36m<button[39m
                    [33mclass[39m=[32m"peer/menu-button flex w-full items-center gap-2 overflow-hidden p-2 text-left outline-hidden ring-sidebar-ring ease-in-out focus-visible:ring-2 active:bg-sidebar-accent active:text-sidebar-accent-foreground disabled:pointer-events-none disabled:opacity-50 group-has-data-[sidebar=menu-action]/menu-item:pr-8 aria-disabled:pointer-events-none aria-disabled:opacity-50 data-[active=true]:bg-sidebar-accent data-[active=true]:font-medium data-[active=true]:text-sidebar-accent-foreground data-[state=open]:hover:bg-sidebar-accent data-[state=open]:hover:text-sidebar-accent-foreground group-data-[collapsible=icon]:size-8! group-data-[collapsible=icon]:p-2! [&>span:last-child]:truncate [&>svg]:size-4 [&>svg]:shrink-0 transform-gpu text-sm h-10 px-4 rounded-xl text-white/50 hover:text-white hover:bg-white/5 transition-all duration-200"[39m
                    [33mdata-active[39m=[32m"false"[39m
                    [33mdata-sidebar[39m=[32m"menu-button"[39m
                    [33mdata-size[39m=[32m"default"[39m
                    [33mdata-slot[39m=[32m"sidebar-menu-button"[39m
                    [33mdata-state[39m=[32m"closed"[39m
                    [33mdata-testid[39m=[32m"back-to-site-button"[39m
                    [33mid[39m=[32m"sidebar-menu-button-back-to-site"[39m
                  [36m>[39m
                    [36m<svg[39m
                      [33mclass[39m=[32m"h-4 w-4"[39m
                      [33mid[39m=[32m"back-to-site-icon"[39m
                    [36m/>[39m
                    [36m<span[39m
                      [33mclass[39m=[32m"text-xs font-medium ml-3"[39m
                      [33mid[39m=[32m"back-to-site-label"[39m
                    [36m>[39m
                      [0mBack to Website[0m
                    [36m</span>[39m
                  [36m</button>[39m
                [36m</li>[39m
                [36m<li[39m
                  [33mclass[39m=[32m"group/menu-item relative"[39m
                  [33mdata-sidebar[39m=[32m"menu-item"[39m
                  [33mdata-slot[39m=[32m"sidebar-menu-item"[39m
                  [33mid[39m=[32m"sidebar-menu-item-user-profile"[39m
                [36m>[39m
                  [36m<button[39m
                    [33maria-expanded[39m=[32m"false"[39m
                    [33maria-haspopup[39m=[32m"menu"[39m
                    [33mclas...
[90m [2m❯[22m Object.getElementError node_modules/.pnpm/@testing-library+dom@10.4.1/node_modules/@testing-library/dom/dist/config.js:[2m37:19[22m[39m
[90m [2m❯[22m node_modules/.pnpm/@testing-library+dom@10.4.1/node_modules/@testing-library/dom/dist/query-helpers.js:[2m76:38[22m[39m
[90m [2m❯[22m node_modules/.pnpm/@testing-library+dom@10.4.1/node_modules/@testing-library/dom/dist/query-helpers.js:[2m52:17[22m[39m
[90m [2m❯[22m getByText node_modules/.pnpm/@testing-library+dom@10.4.1/node_modules/@testing-library/dom/dist/query-helpers.js:[2m95:19[22m[39m
[36m [2m❯[22m src/test/AdminDashboard.test.tsx:[2m421:19[22m[39m
    [90m419| [39m
    [90m420| [39m    [34mrenderAdminDashboard[39m()[33m;[39m
    [90m421| [39m    [34mexpect[39m(screen[33m.[39m[34mgetByText[39m([32m'Section 1'[39m))[33m.[39m[34mtoBeInTheDocument[39m()[33m;[39m
    [90m   | [39m                  [31m^[39m
    [90m422| [39m    [34mexpect[39m(screen[33m.[39m[34mqueryByText[39m([32m'Section 2'[39m))[33m.[39mnot[33m.[39m[34mtoBeInTheDocument[39m()[33m;[39m
    [90m423| [39m  })[33m;[39m

[31m[2m⎯⎯⎯⎯⎯⎯⎯⎯⎯⎯⎯⎯⎯⎯⎯⎯⎯⎯⎯⎯⎯⎯[27/28]⎯[22m[39m

[41m[1m FAIL [22m[49m src/test/AdminDashboard.test.tsx[2m > [22mAdminDashboard[2m > [22mAdmin Sections[2m > [22mshould sort sections by order_index
[31m[1mTestingLibraryElementError[22m[39m: Unable to find an accessible element with the role "menuitem"

Here are the accessible roles:

  img:

  Name "WildOut Logo":
  [36m<img[39m
    [33malt[39m=[32m"WildOut Logo"[39m
    [33mclass[39m=[32m"h-6 w-6 object-contain brightness-0 invert"[39m
    [33mdata-testid[39m=[32m"logo-image"[39m
    [33mid[39m=[32m"logo-image"[39m
  [36m/>[39m

  --------------------------------------------------
  list:

  Name "":
  [36m<ul[39m
    [33mclass[39m=[32m"flex w-full min-w-0 flex-col gap-2"[39m
    [33mdata-sidebar[39m=[32m"menu"[39m
    [33mdata-slot[39m=[32m"sidebar-menu"[39m
    [33mid[39m=[32m"dashboard-sidebar-footer-menu"[39m
  [36m/>[39m

  Name "":
  [36m<ol[39m
    [33mclass[39m=[32m"text-muted-foreground flex flex-wrap items-center gap-1.5 text-sm break-words sm:gap-2.5"[39m
    [33mdata-slot[39m=[32m"breadcrumb-list"[39m
  [36m/>[39m

  --------------------------------------------------
  listitem:

  Name "":
  [36m<li[39m
    [33mclass[39m=[32m"group/menu-item relative"[39m
    [33mdata-sidebar[39m=[32m"menu-item"[39m
    [33mdata-slot[39m=[32m"sidebar-menu-item"[39m
    [33mid[39m=[32m"sidebar-menu-item-back-to-site"[39m
  [36m/>[39m

  Name "":
  [36m<li[39m
    [33mclass[39m=[32m"group/menu-item relative"[39m
    [33mdata-sidebar[39m=[32m"menu-item"[39m
    [33mdata-slot[39m=[32m"sidebar-menu-item"[39m
    [33mid[39m=[32m"sidebar-menu-item-user-profile"[39m
  [36m/>[39m

  Name "":
  [36m<li[39m
    [33mclass[39m=[32m"inline-flex items-center gap-1.5"[39m
    [33mdata-slot[39m=[32m"breadcrumb-item"[39m
  [36m/>[39m

  --------------------------------------------------
  button:

  Name "Back to Website":
  [36m<button[39m
    [33mclass[39m=[32m"peer/menu-button flex w-full items-center gap-2 overflow-hidden p-2 text-left outline-hidden ring-sidebar-ring ease-in-out focus-visible:ring-2 active:bg-sidebar-accent active:text-sidebar-accent-foreground disabled:pointer-events-none disabled:opacity-50 group-has-data-[sidebar=menu-action]/menu-item:pr-8 aria-disabled:pointer-events-none aria-disabled:opacity-50 data-[active=true]:bg-sidebar-accent data-[active=true]:font-medium data-[active=true]:text-sidebar-accent-foreground data-[state=open]:hover:bg-sidebar-accent data-[state=open]:hover:text-sidebar-accent-foreground group-data-[collapsible=icon]:size-8! group-data-[collapsible=icon]:p-2! [&>span:last-child]:truncate [&>svg]:size-4 [&>svg]:shrink-0 transform-gpu text-sm h-10 px-4 rounded-xl text-white/50 hover:text-white hover:bg-white/5 transition-all duration-200"[39m
    [33mdata-active[39m=[32m"false"[39m
    [33mdata-sidebar[39m=[32m"menu-button"[39m
    [33mdata-size[39m=[32m"default"[39m
    [33mdata-slot[39m=[32m"sidebar-menu-button"[39m
    [33mdata-state[39m=[32m"closed"[39m
    [33mdata-testid[39m=[32m"back-to-site-button"[39m
    [33mid[39m=[32m"sidebar-menu-button-back-to-site"[39m
  [36m/>[39m

  Name "A ADMIN USERadmin@wildoutproject.com":
  [36m<button[39m
    [33maria-expanded[39m=[32m"false"[39m
    [33maria-haspopup[39m=[32m"menu"[39m
    [33mclass[39m=[32m"peer/menu-button flex w-full items-center gap-2 overflow-hidden p-2 text-left outline-hidden ring-sidebar-ring ease-in-out focus-visible:ring-2 active:bg-sidebar-accent active:text-sidebar-accent-foreground disabled:pointer-events-none disabled:opacity-50 group-has-data-[sidebar=menu-action]/menu-item:pr-8 aria-disabled:pointer-events-none aria-disabled:opacity-50 data-[active=true]:bg-sidebar-accent data-[active=true]:font-medium data-[active=true]:text-sidebar-accent-foreground data-[state=open]:hover:bg-sidebar-accent data-[state=open]:hover:text-sidebar-accent-foreground group-data-[collapsible=icon]:size-8! [&>span:last-child]:truncate [&>svg]:size-4 [&>svg]:shrink-0 transform-gpu hover:text-sidebar-accent-foreground text-sm group-data-[collapsible=icon]:p-0! h-14 px-3 rounded-xl bg-white/5 border border-white/10 hover:bg-white/10 transition-all duration-200"[39m
    [33mdata-active[39m=[32m"false"[39m
    [33mdata-sidebar[39m=[32m"menu-button"[39m
    [33mdata-size[39m=[32m"lg"[39m
    [33mdata-slot[39m=[32m"dropdown-menu-trigger"[39m
    [33mdata-state[39m=[32m"closed"[39m
    [33mdata-testid[39m=[32m"user-menu-button"[39m
    [33mid[39m=[32m"user-menu-trigger"[39m
    [33mtype[39m=[32m"button"[39m
  [36m/>[39m

  Name "Collapse Sidebar":
  [36m<button[39m
    [33maria-expanded[39m=[32m"true"[39m
    [33maria-label[39m=[32m"Collapse Sidebar"[39m
    [33mclass[39m=[32m"hover:after:bg-sidebar-border absolute inset-y-0 z-20 hidden w-4 -translate-x-1/2 transition-all ease-linear group-data-[side=left]:-right-4 group-data-[side=right]:left-0 after:absolute after:inset-y-0 after:left-1/2 after:w-[2px] sm:flex in-data-[side=left]:cursor-w-resize in-data-[side=right]:cursor-e-resize [[data-side=left][data-state=collapsed]_&]:cursor-e-resize [[data-side=right][data-state=collapsed]_&]:cursor-w-resize hover:group-data-[collapsible=offcanvas]:bg-sidebar group-data-[collapsible=offcanvas]:translate-x-0 group-data-[collapsible=offcanvas]:after:left-full [[data-side=left][data-collapsible=offcanvas]_&]:-right-2 [[data-side=right][data-collapsible=offcanvas]_&]:-left-2 opacity-0 pointer-events-none"[39m
    [33mdata-sidebar[39m=[32m"rail"[39m
    [33mdata-slot[39m=[32m"sidebar-rail"[39m
    [33mid[39m=[32m"dashboard-sidebar-rail-left"[39m
    [33mtabindex[39m=[32m"0"[39m
    [33mtitle[39m=[32m"Collapse Sidebar"[39m
  [36m/>[39m

  Name "Collapse Sidebar":
  [36m<button[39m
    [33maria-expanded[39m=[32m"true"[39m
    [33maria-label[39m=[32m"Collapse Sidebar"[39m
    [33mclass[39m=[32m"hover:after:bg-sidebar-border absolute inset-y-0 z-20 hidden w-4 -translate-x-1/2 transition-all ease-linear group-data-[side=left]:-right-4 group-data-[side=right]:left-0 after:absolute after:inset-y-0 after:left-1/2 after:w-[2px] sm:flex in-data-[side=left]:cursor-w-resize in-data-[side=right]:cursor-e-resize [[data-side=left][data-state=collapsed]_&]:cursor-e-resize [[data-side=right][data-state=collapsed]_&]:cursor-w-resize hover:group-data-[collapsible=offcanvas]:bg-sidebar group-data-[collapsible=offcanvas]:translate-x-0 group-data-[collapsible=offcanvas]:after:left-full [[data-side=left][data-collapsible=offcanvas]_&]:-right-2 [[data-side=right][data-collapsible=offcanvas]_&]:-left-2 opacity-0 pointer-events-none"[39m
    [33mdata-sidebar[39m=[32m"rail"[39m
    [33mdata-slot[39m=[32m"sidebar-rail"[39m
    [33mid[39m=[32m"dashboard-sidebar-rail-right"[39m
    [33mtabindex[39m=[32m"0"[39m
    [33mtitle[39m=[32m"Collapse Sidebar"[39m
  [36m/>[39m

  Name "Toggle Sidebar":
  [36m<button[39m
    [33mclass[39m=[32m"size-7 h-10 w-10 text-gray-400 hover:text-gray-600 hover:bg-gray-100 rounded-xl"[39m
    [33mdata-sidebar[39m=[32m"trigger"[39m
    [33mdata-slot[39m=[32m"sidebar-trigger"[39m
    [33mid[39m=[32m"sidebar-trigger"[39m
  [36m/>[39m

  Name "":
  [36m<button[39m
    [33maria-controls[39m=[32m"radix-_r_64_"[39m
    [33maria-expanded[39m=[32m"false"[39m
    [33maria-haspopup[39m=[32m"dialog"[39m
    [33mclass[39m=[32m"relative rounded-lg h-9 w-9 text-gray-500 hover:bg-white hover:text-[#E93370] hover:shadow-sm transition-all"[39m
    [33mdata-slot[39m=[32m"popover-trigger"[39m
    [33mdata-state[39m=[32m"closed"[39m
    [33mtype[39m=[32m"button"[39m
  [36m/>[39m

  Name "":
  [36m<button[39m
    [33mclass[39m=[32m"rounded-lg h-9 w-9 text-gray-500 hover:bg-white hover:text-gray-900 hover:shadow-sm transition-all"[39m
  [36m/>[39m

  Name "Manage":
  [36m<button[39m
    [33mclass[39m=[32m"w-full mt-4 bg-white/10 hover:bg-white/20 text-white border-0 h-10 focus-visible:ring-[#E93370] transition-colors"[39m
  [36m/>[39m

  Name "Manage":
  [36m<button[39m
    [33mclass[39m=[32m"w-full mt-4 bg-white/10 hover:bg-white/20 text-white border-0 h-10 focus-visible:ring-[#E93370] transition-colors"[39m
  [36m/>[39m

  Name "Manage":
  [36m<button[39m
    [33mclass[39m=[32m"w-full mt-4 bg-white/10 hover:bg-white/20 text-white border-0 h-10 focus-visible:ring-[#E93370] transition-colors"[39m
  [36m/>[39m

  Name "Manage":
  [36m<button[39m
    [33mclass[39m=[32m"w-full mt-4 bg-white/10 hover:bg-white/20 text-white border-0 h-10 focus-visible:ring-[#E93370] transition-colors"[39m
  [36m/>[39m

  Name "Manage":
  [36m<button[39m
    [33mclass[39m=[32m"w-full mt-4 bg-white/10 hover:bg-white/20 text-white border-0 h-10 focus-visible:ring-[#E93370] transition-colors"[39m
  [36m/>[39m

  Name "Manage":
  [36m<button[39m
    [33mclass[39m=[32m"w-full mt-4 bg-white/10 hover:bg-white/20 text-white border-0 h-10 focus-visible:ring-[#E93370] transition-colors"[39m
  [36m/>[39m

  --------------------------------------------------
  main:

  Name "":
  [36m<main[39m
    [33mclass[39m=[32m"bg-background relative h-svh flex-1 overflow-y-auto overflow-x-hidden md:peer-data-[variant=inset]:m-2 md:peer-data-[variant=inset]:ml-0 md:peer-data-[variant=inset]:rounded-xl md:peer-data-[variant=inset]:shadow-sm md:peer-data-[variant=inset]:peer-data-[state=collapsed]:ml-2 flex flex-col min-h-0"[39m
    [33mdata-slot[39m=[32m"sidebar-inset"[39m
    [33mdata-testid[39m=[32m"admin-main-content"[39m
    [33mid[39m=[32m"dashboard-main-content"[39m
    [33mstyle[39m=[32m"height: 100dvh; overflow-y: auto; overflow-x: hidden;"[39m
  [36m/>[39m

  --------------------------------------------------
  banner:

  Name "":
  [36m<header[39m
    [33mclass[39m=[32m"flex h-20 items-center justify-between gap-4 border-b border-white/5 bg-[#12141a] shadow-lg sticky top-0 z-20 w-full px-6 md:px-12 shrink-0"[39m
    [33mdata-testid[39m=[32m"admin-header"[39m
    [33mid[39m=[32m"dashboard-header"[39m
  [36m/>[39m

  --------------------------------------------------
  navigation:

  Name "breadcrumb":
  [36m<nav[39m
    [33maria-label[39m=[32m"breadcrumb"[39m
    [33mclass[39m=[32m"hidden md:flex"[39m
    [33mdata-slot[39m=[32m"breadcrumb"[39m
  [36m/>[39m

  --------------------------------------------------
  link:

  Name "Dashboard":
  [36m<a[39m
    [33mclass[39m=[32m"text-gray-400 hover:text-gray-900 font-medium transition-colors"[39m
    [33mdata-slot[39m=[32m"breadcrumb-link"[39m
    [33mhref[39m=[32m"/admin/home"[39m
  [36m/>[39m

  --------------------------------------------------
  textbox:

  Name "":
  [36m<input[39m
    [33mclass[39m=[32m"flex border px-3 py-2 text-sm shadow-sm file:border-0 file:bg-black file:text-sm file:font-medium file:text-foreground placeholder:text-muted-foreground focus-visible:outline-none disabled:cursor-not-allowed disabled:opacity-50 pl-10 h-10 w-64 lg:w-80 bg-gray-50 border-gray-200 rounded-xl focus-visible:bg-white focus-visible:ring-2 focus-visible:ring-[#E93370]/10 focus-visible:border-[#E93370] focus-visible:ring-offset-0 transition-all"[39m
    [33mplaceholder[39m=[32m"Search anything..."[39m
  [36m/>[39m

  --------------------------------------------------
  heading:

  Name "Dashboard Overview":
  [36m<h1[39m
    [33mclass[39m=[32m"text-3xl font-bold tracking-normal bg-gradient-to-r from-white to-[#E93370] bg-clip-text text-transparent"[39m
  [36m/>[39m

  Name "Hero Section":
  [36m<h3[39m
    [33mclass[39m=[32m"font-medium"[39m
  [36m/>[39m

  Name "Events Section":
  [36m<h3[39m
    [33mclass[39m=[32m"font-medium"[39m
  [36m/>[39m

  Name "Team Section":
  [36m<h3[39m
    [33mclass[39m=[32m"font-medium"[39m
  [36m/>[39m

  Name "Gallery Section":
  [36m<h3[39m
    [33mclass[39m=[32m"font-medium"[39m
  [36m/>[39m

  Name "Partners Section":
  [36m<h3[39m
    [33mclass[39m=[32m"font-medium"[39m
  [36m/>[39m

  Name "About Section":
  [36m<h3[39m
    [33mclass[39m=[32m"font-medium"[39m
  [36m/>[39m

  --------------------------------------------------
  paragraph:

  Name "":
  [36m<p[39m
    [33mclass[39m=[32m"text-white/60 mt-1"[39m
  [36m/>[39m

  Name "":
  [36m<p[39m
    [33mclass[39m=[32m"text-xs text-green-400 mt-1"[39m
  [36m/>[39m

  Name "":
  [36m<p[39m
    [33mclass[39m=[32m"text-xs text-green-400 mt-1"[39m
  [36m/>[39m

  Name "":
  [36m<p[39m
    [33mclass[39m=[32m"text-xs text-red-400 mt-1"[39m
  [36m/>[39m

  Name "":
  [36m<p[39m
    [33mclass[39m=[32m"text-xs text-green-400 mt-1"[39m
  [36m/>[39m

  Name "":
  [36m<p[39m
    [33mclass[39m=[32m"text-sm font-medium"[39m
  [36m/>[39m

  Name "":
  [36m<p[39m
    [33mclass[39m=[32m"text-xs text-white/40"[39m
  [36m/>[39m

  Name "":
  [36m<p[39m
    [33mclass[39m=[32m"text-sm font-medium"[39m
  [36m/>[39m

  Name "":
  [36m<p[39m
    [33mclass[39m=[32m"text-xs text-white/40"[39m
  [36m/>[39m

  Name "":
  [36m<p[39m
    [33mclass[39m=[32m"text-sm font-medium"[39m
  [36m/>[39m

  Name "":
  [36m<p[39m
    [33mclass[39m=[32m"text-xs text-white/40"[39m
  [36m/>[39m

  Name "":
  [36m<p[39m
    [33mclass[39m=[32m"text-sm text-white/40"[39m
  [36m/>[39m

  Name "":
  [36m<p[39m
    [33mclass[39m=[32m"text-sm text-white/40"[39m
  [36m/>[39m

  Name "":
  [36m<p[39m
    [33mclass[39m=[32m"text-sm text-white/40"[39m
  [36m/>[39m

  Name "":
  [36m<p[39m
    [33mclass[39m=[32m"text-sm text-white/40"[39m
  [36m/>[39m

  Name "":
  [36m<p[39m
    [33mclass[39m=[32m"text-sm text-white/40"[39m
  [36m/>[39m

  Name "":
  [36m<p[39m
    [33mclass[39m=[32m"text-sm text-white/40"[39m
  [36m/>[39m

  --------------------------------------------------

Ignored nodes: comments, script, style
[36m<body[39m
  [33mstyle[39m=[32m"overflow: hidden;"[39m
[36m>[39m
  [36m<div>[39m
    [36m<div[39m
      [33mclass[39m=[32m"group/sidebar-wrapper has-data-[variant=inset]:bg-sidebar flex h-screen max-h-screen overflow-hidden w-full bg-background"[39m
      [33mdata-slot[39m=[32m"sidebar-wrapper"[39m
      [33mdata-testid[39m=[32m"admin-dashboard-layout"[39m
      [33mstyle[39m=[32m"--sidebar-width: 16rem; --sidebar-width-icon: 3rem; height: 100dvh; overflow: hidden;"[39m
    [36m>[39m
      [36m<div[39m
        [33mclass[39m=[32m"group peer text-sidebar-foreground flex w-64 shrink-0 bg-sidebar border-r border-sidebar-border shadow-2xl"[39m
        [33mdata-slot[39m=[32m"sidebar"[39m
        [33mdata-testid[39m=[32m"admin-sidebar"[39m
        [33mid[39m=[32m"dashboard-sidebar"[39m
      [36m>[39m
        [36m<div[39m
          [33mclass[39m=[32m"relative w-64 bg-black"[39m
          [33mdata-slot[39m=[32m"sidebar-gap"[39m
        [36m/>[39m
        [36m<div[39m
          [33mclass[39m=[32m"fixed inset-y-0 left-0 z-30 h-svh w-64 flex bg-sidebar"[39m
          [33mdata-slot[39m=[32m"sidebar-container"[39m
        [36m>[39m
          [36m<div[39m
            [33mclass[39m=[32m"flex h-full w-full flex-col border-r border-sidebar-border bg-sidebar"[39m
            [33mdata-sidebar[39m=[32m"sidebar"[39m
            [33mdata-slot[39m=[32m"sidebar-inner"[39m
          [36m>[39m
            [36m<div[39m
              [33mclass[39m=[32m"p-2 h-20 border-b border-white/5 px-6 flex flex-row items-center gap-4 shrink-0 bg-[#1e2129]"[39m
              [33mdata-sidebar[39m=[32m"header"[39m
              [33mdata-slot[39m=[32m"sidebar-header"[39m
              [33mid[39m=[32m"dashboard-sidebar-header"[39m
            [36m>[39m
              [36m<div[39m
                [33mclass[39m=[32m"flex items-center gap-3 font-bold text-xl overflow-hidden"[39m
                [33mdata-testid[39m=[32m"dashboard-logo"[39m
                [33mid[39m=[32m"dashboard-logo"[39m
              [36m>[39m
                [36m<div[39m
                  [33mclass[39m=[32m"bg-[#E93370] p-1.5 rounded-lg shadow-lg shadow-[#E93370]/20"[39m
                [36m>[39m
                  [36m<img[39m
                    [33malt[39m=[32m"WildOut Logo"[39m
                    [33mclass[39m=[32m"h-6 w-6 object-contain brightness-0 invert"[39m
                    [33mdata-testid[39m=[32m"logo-image"[39m
                    [33mid[39m=[32m"logo-image"[39m
                  [36m/>[39m
                [36m</div>[39m
                [36m<span[39m
                  [33mclass[39m=[32m"whitespace-nowrap tracking-tight text-white font-black italic"[39m
                  [33mdata-testid[39m=[32m"logo-text"[39m
                  [33mid[39m=[32m"logo-text"[39m
                [36m>[39m
                  [0mWILDOUT![0m
                [36m</span>[39m
              [36m</div>[39m
            [36m</div>[39m
            [36m<div[39m
              [33mclass[39m=[32m"flex min-h-0 flex-1 flex-col gap-2 overflow-auto group-data-[collapsible=icon]:overflow-hidden px-3 py-6 overflow-y-auto space-y-8 bg-[#1e2129]"[39m
              [33mdata-sidebar[39m=[32m"content"[39m
              [33mdata-slot[39m=[32m"sidebar-content"[39m
              [33mid[39m=[32m"dashboard-sidebar-content"[39m
            [36m/>[39m
            [36m<div[39m
              [33mclass[39m=[32m"flex flex-col gap-2 border-t border-white/5 p-4 mt-auto space-y-4 bg-[#1e2129]"[39m
              [33mdata-sidebar[39m=[32m"footer"[39m
              [33mdata-slot[39m=[32m"sidebar-footer"[39m
              [33mid[39m=[32m"dashboard-sidebar-footer"[39m
            [36m>[39m
              [36m<ul[39m
                [33mclass[39m=[32m"flex w-full min-w-0 flex-col gap-2"[39m
                [33mdata-sidebar[39m=[32m"menu"[39m
                [33mdata-slot[39m=[32m"sidebar-menu"[39m
                [33mid[39m=[32m"dashboard-sidebar-footer-menu"[39m
              [36m>[39m
                [36m<li[39m
                  [33mclass[39m=[32m"group/menu-item relative"[39m
                  [33mdata-sidebar[39m=[32m"menu-item"[39m
                  [33mdata-slot[39m=[32m"sidebar-menu-item"[39m
                  [33mid[39m=[32m"sidebar-menu-item-back-to-site"[39m
                [36m>[39m
                  [36m<button[39m
                    [33mclass[39m=[32m"peer/menu-button flex w-full items-center gap-2 overflow-hidden p-2 text-left outline-hidden ring-sidebar-ring ease-in-out focus-visible:ring-2 active:bg-sidebar-accent active:text-sidebar-accent-foreground disabled:pointer-events-none disabled:opacity-50 group-has-data-[sidebar=menu-action]/menu-item:pr-8 aria-disabled:pointer-events-none aria-disabled:opacity-50 data-[active=true]:bg-sidebar-accent data-[active=true]:font-medium data-[active=true]:text-sidebar-accent-foreground data-[state=open]:hover:bg-sidebar-accent data-[state=open]:hover:text-sidebar-accent-foreground group-data-[collapsible=icon]:size-8! group-data-[collapsible=icon]:p-2! [&>span:last-child]:truncate [&>svg]:size-4 [&>svg]:shrink-0 transform-gpu text-sm h-10 px-4 rounded-xl text-white/50 hover:text-white hover:bg-white/5 transition-all duration-200"[39m
                    [33mdata-active[39m=[32m"false"[39m
                    [33mdata-sidebar[39m=[32m"menu-button"[39m
                    [33mdata-size[39m=[32m"default"[39m
                    [33mdata-slot[39m=[32m"sidebar-menu-button"[39m
                    [33mdata-state[39m=[32m"closed"[39m
                    [33mdata-testid[39m=[32m"back-to-site-button"[39m
                    [33mid[39m=[32m"sidebar-menu-button-back-to-site"[39m
                  [36m>[39m
                    [36m<svg[39m
                      [33mclass[39m=[32m"h-4 w-4"[39m
                      [33mid[39m=[32m"back-to-site-icon"[39m
                    [36m/>[39m
                    [36m<span[39m
                      [33mclass[39m=[32m"text-xs font-medium ml-3"[39m
                      [33mid[39m=[32m"back-to-site-label"[39m
                    [36m>[39m
                      [0mBack to Website[0m
                    [36m</span>[39m
                  [36m</button>[39m
                [36m</li>[39m
                [36m<li[39m
                  [33mclass[39m=[32m"group/menu-item relative"[39m
                  [33mdata-sidebar[39m=[32m"menu-item"[39m
                  [33mdata-slot[39m=[32m"sidebar-menu-item"[39m
                  [33mid[39m=[32m"sidebar-menu-item-user-profile"[39m
                [36m>[39m
                  [36m<button[39m
                    [33maria-expanded[39m=[32m"false"[39m
                    [33maria-haspopup[39m=[32m"menu"[39m
                    [33mclas...
[90m [2m❯[22m Object.getElementError node_modules/.pnpm/@testing-library+dom@10.4.1/node_modules/@testing-library/dom/dist/config.js:[2m37:19[22m[39m
[90m [2m❯[22m node_modules/.pnpm/@testing-library+dom@10.4.1/node_modules/@testing-library/dom/dist/query-helpers.js:[2m76:38[22m[39m
[90m [2m❯[22m getAllByRole node_modules/.pnpm/@testing-library+dom@10.4.1/node_modules/@testing-library/dom/dist/query-helpers.js:[2m109:15[22m[39m
[36m [2m❯[22m src/test/AdminDashboard.test.tsx:[2m438:29[22m[39m
    [90m436| [39m
    [90m437| [39m    [34mrenderAdminDashboard[39m()[33m;[39m
    [90m438| [39m    const sections = screen.getAllByRole('menuitem').map(el => el.text…
    [90m   | [39m                            [31m^[39m
    [90m439| [39m    const section1Index = sections.findIndex(t => t?.includes('Section…
    [90m440| [39m    const section2Index = sections.findIndex(t => t?.includes('Section…

[31m[2m⎯⎯⎯⎯⎯⎯⎯⎯⎯⎯⎯⎯⎯⎯⎯⎯⎯⎯⎯⎯⎯⎯[28/28]⎯[22m[39m


[2m Test Files [22m [1m[31m1 failed[39m[22m[90m (1)[39m
[2m      Tests [22m [1m[31m28 failed[39m[22m[2m | [22m[1m[32m3 passed[39m[22m[90m (31)[39m
[2m   Start at [22m 11:13:04
[2m   Duration [22m 8.00s[2m (transform 424ms, setup 127ms, import 750ms, tests 6.55s, environment 402ms)[22m

